28-Sep-2026 10:42:54.618 GRAVE [main] org.apache.catalina.startup.Catalina.stopServer Could not contact [localhost:8005] (base port [8005] and offset [0]). Tomcat may not be running.
28-Sep-2026 10:42:54.622 GRAVE [main] org.apache.catalina.startup.Catalina.stopServer Error stopping Catalina
	java.net.ConnectException: Connection refused: connect
		at java.base/sun.nio.ch.Net.connect0(Native Method)
		at java.base/sun.nio.ch.Net.connect(Unknown Source)
		at java.base/sun.nio.ch.Net.connect(Unknown Source)
		at java.base/sun.nio.ch.NioSocketImpl.connect(Unknown Source)
		at java.base/java.net.SocksSocketImpl.connect(Unknown Source)
		at java.base/java.net.Socket.connect(Unknown Source)
		at java.base/java.net.Socket.connect(Unknown Source)
		at java.base/java.net.Socket.<init>(Unknown Source)
		at java.base/java.net.Socket.<init>(Unknown Source)
		at org.apache.catalina.startup.Catalina.stopServer(Catalina.java:776)
		at java.base/jdk.internal.reflect.DirectMethodHandleAccessor.invoke(Unknown Source)
		at java.base/java.lang.reflect.Method.invoke(Unknown Source)
		at org.apache.catalina.startup.Bootstrap.stopServer(Bootstrap.java:393)
		at org.apache.catalina.startup.Bootstrap.main(Bootstrap.java:488)
28-Sep-2026 10:43:00.269 INFORMACIÓN [main] org.apache.catalina.startup.VersionLoggerListener.log Nombre de la versión del servidor: Apache Tomcat/11.0.25
28-Sep-2026 10:43:00.274 INFORMACIÓN [main] org.apache.catalina.startup.VersionLoggerListener.log Server built:                      Aug 12 2026 12:46:04 UTC
28-Sep-2026 10:43:00.274 INFORMACIÓN [main] org.apache.catalina.startup.VersionLoggerListener.log Número de versión de servidor:     11.0.25.0
28-Sep-2026 10:43:00.276 INFORMACIÓN [main] org.apache.catalina.startup.VersionLoggerListener.log OS Name:                           Windows 11
28-Sep-2026 10:43:00.276 INFORMACIÓN [main] org.apache.catalina.startup.VersionLoggerListener.log Versión de Systema Operativo:      10.0
28-Sep-2026 10:43:00.276 INFORMACIÓN [main] org.apache.catalina.startup.VersionLoggerListener.log Arquitectura:                      amd64
28-Sep-2026 10:43:00.276 INFORMACIÓN [main] org.apache.catalina.startup.VersionLoggerListener.log Java Home:                         C:\Program Files\Android\Android Studio\jbr
28-Sep-2026 10:43:00.276 INFORMACIÓN [main] org.apache.catalina.startup.VersionLoggerListener.log JVM Version:                       25.0.3+-15898627-b508.16
28-Sep-2026 10:43:00.277 INFORMACIÓN [main] org.apache.catalina.startup.VersionLoggerListener.log Vededor JVM:                       JetBrains s.r.o.
28-Sep-2026 10:43:00.277 INFORMACIÓN [main] org.apache.catalina.startup.VersionLoggerListener.log CATALINA_BASE:                     C:\DEV2\ECOAGRO-main (3)\apache-tomcat-11.0.25
28-Sep-2026 10:43:00.277 INFORMACIÓN [main] org.apache.catalina.startup.VersionLoggerListener.log CATALINA_HOME:                     C:\DEV2\ECOAGRO-main (3)\apache-tomcat-11.0.25
28-Sep-2026 10:43:00.290 INFORMACIÓN [main] org.apache.catalina.startup.VersionLoggerListener.log Command line argument:             -Djava.util.logging.config.file=C:\DEV2\ECOAGRO-main (3)\apache-tomcat-11.0.25\conf\logging.properties
28-Sep-2026 10:43:00.291 INFORMACIÓN [main] org.apache.catalina.startup.VersionLoggerListener.log Command line argument:             -Djava.util.logging.manager=org.apache.juli.ClassLoaderLogManager
28-Sep-2026 10:43:00.291 INFORMACIÓN [main] org.apache.catalina.startup.VersionLoggerListener.log Command line argument:             -Djdk.tls.ephemeralDHKeySize=2048
28-Sep-2026 10:43:00.291 INFORMACIÓN [main] org.apache.catalina.startup.VersionLoggerListener.log Command line argument:             --add-opens=java.base/java.lang=ALL-UNNAMED
28-Sep-2026 10:43:00.291 INFORMACIÓN [main] org.apache.catalina.startup.VersionLoggerListener.log Command line argument:             --add-opens=java.base/java.lang.reflect=ALL-UNNAMED
28-Sep-2026 10:43:00.291 INFORMACIÓN [main] org.apache.catalina.startup.VersionLoggerListener.log Command line argument:             --add-opens=java.base/java.io=ALL-UNNAMED
28-Sep-2026 10:43:00.292 INFORMACIÓN [main] org.apache.catalina.startup.VersionLoggerListener.log Command line argument:             --add-opens=java.base/java.util=ALL-UNNAMED
28-Sep-2026 10:43:00.292 INFORMACIÓN [main] org.apache.catalina.startup.VersionLoggerListener.log Command line argument:             --add-opens=java.base/java.util.concurrent=ALL-UNNAMED
28-Sep-2026 10:43:00.292 INFORMACIÓN [main] org.apache.catalina.startup.VersionLoggerListener.log Command line argument:             --add-opens=java.rmi/sun.rmi.transport=ALL-UNNAMED
28-Sep-2026 10:43:00.292 INFORMACIÓN [main] org.apache.catalina.startup.VersionLoggerListener.log Command line argument:             --enable-native-access=ALL-UNNAMED
28-Sep-2026 10:43:00.292 INFORMACIÓN [main] org.apache.catalina.startup.VersionLoggerListener.log Command line argument:             -Dcatalina.base=C:\DEV2\ECOAGRO-main (3)\apache-tomcat-11.0.25
28-Sep-2026 10:43:00.293 INFORMACIÓN [main] org.apache.catalina.startup.VersionLoggerListener.log Command line argument:             -Dcatalina.home=C:\DEV2\ECOAGRO-main (3)\apache-tomcat-11.0.25
28-Sep-2026 10:43:00.293 INFORMACIÓN [main] org.apache.catalina.startup.VersionLoggerListener.log Command line argument:             -Djava.io.tmpdir=C:\DEV2\ECOAGRO-main (3)\apache-tomcat-11.0.25\temp
28-Sep-2026 10:43:00.300 INFORMACIÓN [main] org.apache.catalina.core.AprLifecycleListener.lifecycleEvent Cargada la biblioteca nativa APR de Apache Tomcat [2.0.15] con la versión APR [1.7.6].
28-Sep-2026 10:43:00.322 INFORMACIÓN [main] org.apache.catalina.core.AprLifecycleListener.initializeSSL OpenSSL inicializado correctamente [OpenSSL 3.5.7 9 Jun 2026]
28-Sep-2026 10:43:00.734 INFORMACIÓN [main] org.apache.coyote.AbstractProtocol.init Inicializando el manejador de protocolo ["http-nio-8080"]

28-Sep-2026 10:43:00.773 INFORMACIÓN [main] org.apache.catalina.startup.Catalina.load Server initialization in [818] milliseconds
28-Sep-2026 10:43:00.856 INFORMACIÓN [main] org.apache.catalina.core.StandardService.startInternal Arrancando servicio [Catalina]
28-Sep-2026 10:43:00.856 INFORMACIÓN [main] org.apache.catalina.core.StandardEngine.startInternal Starting Servlet engine: [Apache Tomcat/11.0.25]
28-Sep-2026 10:43:00.874 INFORMACIÓN [main] org.apache.catalina.startup.HostConfig.deployDescriptor Desplieque del descriptor de configuración [C:\DEV2\ECOAGRO-main (3)\apache-tomcat-11.0.25\conf\Catalina\localhost\ROOT.xml]
28-Sep-2026 10:43:00.912 ADVERTENCIA [main] org.apache.catalina.startup.HostConfig.deployDescriptor The path attribute with value [] in deployment descriptor [C:\DEV2\ECOAGRO-main (3)\apache-tomcat-11.0.25\conf\Catalina\localhost\ROOT.xml] has been ignored
28-Sep-2026 10:43:00.977 GRAVE [main] org.apache.catalina.startup.HostConfig.deployDescriptor Error durante el despliegue del descriptor de configuración [C:\DEV2\ECOAGRO-main (3)\apache-tomcat-11.0.25\conf\Catalina\localhost\ROOT.xml]
	java.lang.IllegalStateException: Error starting child
		at org.apache.catalina.core.ContainerBase.addChild(ContainerBase.java:586)
		at org.apache.catalina.core.StandardHost.addChild(StandardHost.java:677)
		at org.apache.catalina.startup.HostConfig.deployDescriptor(HostConfig.java:628)
		at org.apache.catalina.startup.HostConfig$DeployDescriptor.run(HostConfig.java:1861)
		at java.base/java.util.concurrent.Executors$RunnableAdapter.call(Unknown Source)
		at java.base/java.util.concurrent.FutureTask.run(Unknown Source)
		at org.apache.tomcat.util.threads.InlineExecutorService.execute(InlineExecutorService.java:92)
		at java.base/java.util.concurrent.AbstractExecutorService.submit(Unknown Source)
		at org.apache.catalina.startup.HostConfig.deployDescriptors(HostConfig.java:517)
		at org.apache.catalina.startup.HostConfig.deployApps(HostConfig.java:408)
		at org.apache.catalina.startup.HostConfig.start(HostConfig.java:1606)
		at org.apache.catalina.startup.HostConfig.lifecycleEvent(HostConfig.java:286)
		at org.apache.catalina.util.LifecycleBase.fireLifecycleEvent(LifecycleBase.java:115)
		at org.apache.catalina.util.LifecycleBase.setStateInternal(LifecycleBase.java:395)
		at org.apache.catalina.util.LifecycleBase.setState(LifecycleBase.java:342)
		at org.apache.catalina.core.ContainerBase.startInternal(ContainerBase.java:759)
		at org.apache.catalina.core.StandardHost.startInternal(StandardHost.java:794)
		at org.apache.catalina.util.LifecycleBase.start(LifecycleBase.java:170)
		at org.apache.catalina.core.ContainerBase$StartChild.call(ContainerBase.java:1204)
		at org.apache.catalina.core.ContainerBase$StartChild.call(ContainerBase.java:1200)
		at java.base/java.util.concurrent.FutureTask.run(Unknown Source)
		at org.apache.tomcat.util.threads.InlineExecutorService.execute(InlineExecutorService.java:92)
		at java.base/java.util.concurrent.AbstractExecutorService.submit(Unknown Source)
		at org.apache.catalina.core.ContainerBase.startInternal(ContainerBase.java:732)
		at org.apache.catalina.core.StandardEngine.startInternal(StandardEngine.java:201)
		at org.apache.catalina.util.LifecycleBase.start(LifecycleBase.java:170)
		at org.apache.catalina.core.StandardService.startInternal(StandardService.java:433)
		at org.apache.catalina.util.LifecycleBase.start(LifecycleBase.java:170)
		at org.apache.catalina.core.StandardServer.startInternal(StandardServer.java:871)
		at org.apache.catalina.util.LifecycleBase.start(LifecycleBase.java:170)
		at org.apache.catalina.startup.Catalina.start(Catalina.java:883)
		at java.base/jdk.internal.reflect.DirectMethodHandleAccessor.invoke(Unknown Source)
		at java.base/java.lang.reflect.Method.invoke(Unknown Source)
		at org.apache.catalina.startup.Bootstrap.start(Bootstrap.java:345)
		at org.apache.catalina.startup.Bootstrap.main(Bootstrap.java:482)
	Caused by: org.apache.catalina.LifecycleException: Failed to start component [org.apache.catalina.webresources.StandardRoot@58c34bb3]
		at org.apache.catalina.util.LifecycleBase.handleSubClassException(LifecycleBase.java:410)
		at org.apache.catalina.util.LifecycleBase.start(LifecycleBase.java:185)
		at org.apache.catalina.core.StandardContext.resourcesStart(StandardContext.java:4304)
		at org.apache.catalina.core.StandardContext.startInternal(StandardContext.java:4426)
		at org.apache.catalina.util.LifecycleBase.start(LifecycleBase.java:170)
		at org.apache.catalina.core.ContainerBase.addChild(ContainerBase.java:583)
		... 34 more
	Caused by: java.lang.IllegalArgumentException: The main resource set specified [C:\Users\juant\Documents\ECOAGRO\ECOAGRO\target\ECOAGRO-1.0-SNAPSHOT] is not a directory or war file, or is not readable (it does not exist or permissions to access it are missing)
		at org.apache.catalina.webresources.StandardRoot.createMainResourceSet(StandardRoot.java:813)
		at org.apache.catalina.webresources.StandardRoot.startInternal(StandardRoot.java:765)
		at org.apache.catalina.util.LifecycleBase.start(LifecycleBase.java:170)
		... 38 more
28-Sep-2026 10:43:00.996 INFORMACIÓN [main] org.apache.catalina.startup.HostConfig.deployDescriptor Deployment of deployment descriptor [C:\DEV2\ECOAGRO-main (3)\apache-tomcat-11.0.25\conf\Catalina\localhost\ROOT.xml] has finished in [110] ms
28-Sep-2026 10:43:01.003 INFORMACIÓN [main] org.apache.catalina.startup.HostConfig.deployWAR Despliegue del archivo [C:\DEV2\ECOAGRO-main (3)\apache-tomcat-11.0.25\webapps\ECOAGRO.war] de la aplicación web
28-Sep-2026 10:43:01.014 INFORMACIÓN [main] org.apache.catalina.startup.ExpandWar.expand An expanded directory [C:\DEV2\ECOAGRO-main (3)\apache-tomcat-11.0.25\webapps\ECOAGRO] was found with a last modified time that did not match the associated WAR. It will be deleted.
28-Sep-2026 10:43:02.929 INFORMACIÓN [main] org.apache.jasper.servlet.TldScanner.scanJars Al menos un JAR, que se ha explorado buscando TLDs, aún no contenía TLDs. Activar historial de depuración para este historiador para una completa lista de los JARs que fueron explorados y de los que nos se halló TLDs. Saltarse JARs no necesarios durante la exploración puede dar lugar a una mejora de tiempo significativa en el arranque y compilación de JSP .
28-Sep-2026 10:43:03.005 INFORMACIÓN [main] org.apache.catalina.startup.HostConfig.deployWAR Deployment of web application archive [C:\DEV2\ECOAGRO-main (3)\apache-tomcat-11.0.25\webapps\ECOAGRO.war] has finished in [2.001] ms
28-Sep-2026 10:43:03.006 INFORMACIÓN [main] org.apache.catalina.startup.HostConfig.deployDirectory Desplegando el directorio [C:\DEV2\ECOAGRO-main (3)\apache-tomcat-11.0.25\webapps\docs] de la aplicación web
28-Sep-2026 10:43:03.885 INFORMACIÓN [main] org.apache.jasper.servlet.TldScanner.scanJars Al menos un JAR, que se ha explorado buscando TLDs, aún no contenía TLDs. Activar historial de depuración para este historiador para una completa lista de los JARs que fueron explorados y de los que nos se halló TLDs. Saltarse JARs no necesarios durante la exploración puede dar lugar a una mejora de tiempo significativa en el arranque y compilación de JSP .
28-Sep-2026 10:43:03.893 INFORMACIÓN [main] org.apache.catalina.startup.HostConfig.deployDirectory Deployment of web application directory [C:\DEV2\ECOAGRO-main (3)\apache-tomcat-11.0.25\webapps\docs] has finished in [887] ms
28-Sep-2026 10:43:03.894 INFORMACIÓN [main] org.apache.catalina.startup.HostConfig.deployDirectory Desplegando el directorio [C:\DEV2\ECOAGRO-main (3)\apache-tomcat-11.0.25\webapps\examples] de la aplicación web
28-Sep-2026 10:43:05.532 INFORMACIÓN [main] org.apache.jasper.servlet.TldScanner.scanJars Al menos un JAR, que se ha explorado buscando TLDs, aún no contenía TLDs. Activar historial de depuración para este historiador para una completa lista de los JARs que fueron explorados y de los que nos se halló TLDs. Saltarse JARs no necesarios durante la exploración puede dar lugar a una mejora de tiempo significativa en el arranque y compilación de JSP .
28-Sep-2026 10:43:05.616 INFORMACIÓN [main] org.apache.catalina.startup.HostConfig.deployDirectory Deployment of web application directory [C:\DEV2\ECOAGRO-main (3)\apache-tomcat-11.0.25\webapps\examples] has finished in [1.722] ms
28-Sep-2026 10:43:05.617 INFORMACIÓN [main] org.apache.catalina.startup.HostConfig.deployDirectory Desplegando el directorio [C:\DEV2\ECOAGRO-main (3)\apache-tomcat-11.0.25\webapps\host-manager] de la aplicación web
28-Sep-2026 10:43:06.243 INFORMACIÓN [main] org.apache.jasper.servlet.TldScanner.scanJars Al menos un JAR, que se ha explorado buscando TLDs, aún no contenía TLDs. Activar historial de depuración para este historiador para una completa lista de los JARs que fueron explorados y de los que nos se halló TLDs. Saltarse JARs no necesarios durante la exploración puede dar lugar a una mejora de tiempo significativa en el arranque y compilación de JSP .
28-Sep-2026 10:43:06.253 INFORMACIÓN [main] org.apache.catalina.startup.HostConfig.deployDirectory Deployment of web application directory [C:\DEV2\ECOAGRO-main (3)\apache-tomcat-11.0.25\webapps\host-manager] has finished in [636] ms
28-Sep-2026 10:43:06.254 INFORMACIÓN [main] org.apache.catalina.startup.HostConfig.deployDirectory Desplegando el directorio [C:\DEV2\ECOAGRO-main (3)\apache-tomcat-11.0.25\webapps\manager] de la aplicación web
28-Sep-2026 10:43:06.820 INFORMACIÓN [main] org.apache.jasper.servlet.TldScanner.scanJars Al menos un JAR, que se ha explorado buscando TLDs, aún no contenía TLDs. Activar historial de depuración para este historiador para una completa lista de los JARs que fueron explorados y de los que nos se halló TLDs. Saltarse JARs no necesarios durante la exploración puede dar lugar a una mejora de tiempo significativa en el arranque y compilación de JSP .
28-Sep-2026 10:43:06.826 INFORMACIÓN [main] org.apache.catalina.startup.HostConfig.deployDirectory Deployment of web application directory [C:\DEV2\ECOAGRO-main (3)\apache-tomcat-11.0.25\webapps\manager] has finished in [571] ms
28-Sep-2026 10:43:06.830 INFORMACIÓN [main] org.apache.coyote.AbstractProtocol.start Starting ProtocolHandler ["http-nio-8080"]
28-Sep-2026 10:43:06.863 INFORMACIÓN [main] org.apache.catalina.startup.Catalina.start Server startup in [6087] milliseconds
28-Sep-2026 10:43:14.695 INFORMACIÓN [main] org.apache.catalina.startup.VersionLoggerListener.log Nombre de la versión del servidor: Apache Tomcat/11.0.25
28-Sep-2026 10:43:14.701 INFORMACIÓN [main] org.apache.catalina.startup.VersionLoggerListener.log Server built:                      Aug 12 2026 12:46:04 UTC
28-Sep-2026 10:43:14.701 INFORMACIÓN [main] org.apache.catalina.startup.VersionLoggerListener.log Número de versión de servidor:     11.0.25.0
28-Sep-2026 10:43:14.701 INFORMACIÓN [main] org.apache.catalina.startup.VersionLoggerListener.log OS Name:                           Windows 11
28-Sep-2026 10:43:14.702 INFORMACIÓN [main] org.apache.catalina.startup.VersionLoggerListener.log Versión de Systema Operativo:      10.0
28-Sep-2026 10:43:14.702 INFORMACIÓN [main] org.apache.catalina.startup.VersionLoggerListener.log Arquitectura:                      amd64
28-Sep-2026 10:43:14.702 INFORMACIÓN [main] org.apache.catalina.startup.VersionLoggerListener.log Java Home:                         C:\Program Files\Android\Android Studio\jbr
28-Sep-2026 10:43:14.703 INFORMACIÓN [main] org.apache.catalina.startup.VersionLoggerListener.log JVM Version:                       25.0.3+-15898627-b508.16
28-Sep-2026 10:43:14.703 INFORMACIÓN [main] org.apache.catalina.startup.VersionLoggerListener.log Vededor JVM:                       JetBrains s.r.o.
28-Sep-2026 10:43:14.704 INFORMACIÓN [main] org.apache.catalina.startup.VersionLoggerListener.log CATALINA_BASE:                     C:\DEV2\ECOAGRO-main (3)\apache-tomcat-11.0.25
28-Sep-2026 10:43:14.705 INFORMACIÓN [main] org.apache.catalina.startup.VersionLoggerListener.log CATALINA_HOME:                     C:\DEV2\ECOAGRO-main (3)\apache-tomcat-11.0.25
28-Sep-2026 10:43:14.718 INFORMACIÓN [main] org.apache.catalina.startup.VersionLoggerListener.log Command line argument:             -Djava.util.logging.config.file=C:\DEV2\ECOAGRO-main (3)\apache-tomcat-11.0.25\conf\logging.properties
28-Sep-2026 10:43:14.718 INFORMACIÓN [main] org.apache.catalina.startup.VersionLoggerListener.log Command line argument:             -Djava.util.logging.manager=org.apache.juli.ClassLoaderLogManager
28-Sep-2026 10:43:14.718 INFORMACIÓN [main] org.apache.catalina.startup.VersionLoggerListener.log Command line argument:             -Djdk.tls.ephemeralDHKeySize=2048
28-Sep-2026 10:43:14.718 INFORMACIÓN [main] org.apache.catalina.startup.VersionLoggerListener.log Command line argument:             --add-opens=java.base/java.lang=ALL-UNNAMED
28-Sep-2026 10:43:14.718 INFORMACIÓN [main] org.apache.catalina.startup.VersionLoggerListener.log Command line argument:             --add-opens=java.base/java.lang.reflect=ALL-UNNAMED
28-Sep-2026 10:43:14.718 INFORMACIÓN [main] org.apache.catalina.startup.VersionLoggerListener.log Command line argument:             --add-opens=java.base/java.io=ALL-UNNAMED
28-Sep-2026 10:43:14.719 INFORMACIÓN [main] org.apache.catalina.startup.VersionLoggerListener.log Command line argument:             --add-opens=java.base/java.util=ALL-UNNAMED
28-Sep-2026 10:43:14.719 INFORMACIÓN [main] org.apache.catalina.startup.VersionLoggerListener.log Command line argument:             --add-opens=java.base/java.util.concurrent=ALL-UNNAMED
28-Sep-2026 10:43:14.719 INFORMACIÓN [main] org.apache.catalina.startup.VersionLoggerListener.log Command line argument:             --add-opens=java.rmi/sun.rmi.transport=ALL-UNNAMED
28-Sep-2026 10:43:14.719 INFORMACIÓN [main] org.apache.catalina.startup.VersionLoggerListener.log Command line argument:             --enable-native-access=ALL-UNNAMED
28-Sep-2026 10:43:14.719 INFORMACIÓN [main] org.apache.catalina.startup.VersionLoggerListener.log Command line argument:             -Dcatalina.base=C:\DEV2\ECOAGRO-main (3)\apache-tomcat-11.0.25
28-Sep-2026 10:43:14.719 INFORMACIÓN [main] org.apache.catalina.startup.VersionLoggerListener.log Command line argument:             -Dcatalina.home=C:\DEV2\ECOAGRO-main (3)\apache-tomcat-11.0.25
28-Sep-2026 10:43:14.720 INFORMACIÓN [main] org.apache.catalina.startup.VersionLoggerListener.log Command line argument:             -Djava.io.tmpdir=C:\DEV2\ECOAGRO-main (3)\apache-tomcat-11.0.25\temp
28-Sep-2026 10:43:14.723 INFORMACIÓN [main] org.apache.catalina.core.AprLifecycleListener.lifecycleEvent Cargada la biblioteca nativa APR de Apache Tomcat [2.0.15] con la versión APR [1.7.6].
28-Sep-2026 10:43:14.733 INFORMACIÓN [main] org.apache.catalina.core.AprLifecycleListener.initializeSSL OpenSSL inicializado correctamente [OpenSSL 3.5.7 9 Jun 2026]
28-Sep-2026 10:43:15.123 INFORMACIÓN [main] org.apache.coyote.AbstractProtocol.init Inicializando el manejador de protocolo ["http-nio-8080"]

28-Sep-2026 10:43:15.152 GRAVE [main] org.apache.catalina.util.LifecycleBase.handleSubClassException Fallo al iniciar el componente [Connector["http-nio-8080"]]
	org.apache.catalina.LifecycleException: Falló la inicialización del manejador de protocolo
		at org.apache.catalina.connector.Connector.initInternal(Connector.java:1289)
		at org.apache.catalina.util.LifecycleBase.init(LifecycleBase.java:128)
		at org.apache.catalina.core.StandardService.initInternal(StandardService.java:543)
		at org.apache.catalina.util.LifecycleBase.init(LifecycleBase.java:128)
		at org.apache.catalina.core.StandardServer.initInternal(StandardServer.java:958)
		at org.apache.catalina.util.LifecycleBase.init(LifecycleBase.java:128)
		at org.apache.catalina.startup.Catalina.load(Catalina.java:832)
		at org.apache.catalina.startup.Catalina.load(Catalina.java:857)
		at java.base/jdk.internal.reflect.DirectMethodHandleAccessor.invoke(Unknown Source)
		at java.base/java.lang.reflect.Method.invoke(Unknown Source)
		at org.apache.catalina.startup.Bootstrap.load(Bootstrap.java:302)
		at org.apache.catalina.startup.Bootstrap.main(Bootstrap.java:481)
	Caused by: java.net.BindException: Address already in use: bind
		at java.base/sun.nio.ch.Net.bind0(Native Method)
		at java.base/sun.nio.ch.Net.bind(Unknown Source)
		at java.base/sun.nio.ch.ServerSocketChannelImpl.netBind(Unknown Source)
		at java.base/sun.nio.ch.ServerSocketChannelImpl.bind(Unknown Source)
		at org.apache.tomcat.util.net.NioEndpoint.initServerSocket(NioEndpoint.java:494)
		at org.apache.tomcat.util.net.NioEndpoint.bind(NioEndpoint.java:378)
		at org.apache.tomcat.util.net.AbstractEndpoint.bindWithCleanup(AbstractEndpoint.java:2188)
		at org.apache.tomcat.util.net.AbstractEndpoint.init(AbstractEndpoint.java:2206)
		at org.apache.coyote.AbstractProtocol.init(AbstractProtocol.java:958)
		at org.apache.coyote.http11.AbstractHttp11Protocol.init(AbstractHttp11Protocol.java:96)
		at org.apache.catalina.connector.Connector.initInternal(Connector.java:1287)
		... 11 more
28-Sep-2026 10:43:15.154 INFORMACIÓN [main] org.apache.catalina.startup.Catalina.load Server initialization in [795] milliseconds
28-Sep-2026 10:43:15.227 INFORMACIÓN [main] org.apache.catalina.core.StandardService.startInternal Arrancando servicio [Catalina]
28-Sep-2026 10:43:15.227 INFORMACIÓN [main] org.apache.catalina.core.StandardEngine.startInternal Starting Servlet engine: [Apache Tomcat/11.0.25]
28-Sep-2026 10:43:15.246 INFORMACIÓN [main] org.apache.catalina.startup.HostConfig.deployDescriptor Desplieque del descriptor de configuración [C:\DEV2\ECOAGRO-main (3)\apache-tomcat-11.0.25\conf\Catalina\localhost\ROOT.xml]
28-Sep-2026 10:43:15.272 ADVERTENCIA [main] org.apache.catalina.startup.HostConfig.deployDescriptor The path attribute with value [] in deployment descriptor [C:\DEV2\ECOAGRO-main (3)\apache-tomcat-11.0.25\conf\Catalina\localhost\ROOT.xml] has been ignored
28-Sep-2026 10:43:15.328 GRAVE [main] org.apache.catalina.startup.HostConfig.deployDescriptor Error durante el despliegue del descriptor de configuración [C:\DEV2\ECOAGRO-main (3)\apache-tomcat-11.0.25\conf\Catalina\localhost\ROOT.xml]
	java.lang.IllegalStateException: Error starting child
		at org.apache.catalina.core.ContainerBase.addChild(ContainerBase.java:586)
		at org.apache.catalina.core.StandardHost.addChild(StandardHost.java:677)
		at org.apache.catalina.startup.HostConfig.deployDescriptor(HostConfig.java:628)
		at org.apache.catalina.startup.HostConfig$DeployDescriptor.run(HostConfig.java:1861)
		at java.base/java.util.concurrent.Executors$RunnableAdapter.call(Unknown Source)
		at java.base/java.util.concurrent.FutureTask.run(Unknown Source)
		at org.apache.tomcat.util.threads.InlineExecutorService.execute(InlineExecutorService.java:92)
		at java.base/java.util.concurrent.AbstractExecutorService.submit(Unknown Source)
		at org.apache.catalina.startup.HostConfig.deployDescriptors(HostConfig.java:517)
		at org.apache.catalina.startup.HostConfig.deployApps(HostConfig.java:408)
		at org.apache.catalina.startup.HostConfig.start(HostConfig.java:1606)
		at org.apache.catalina.startup.HostConfig.lifecycleEvent(HostConfig.java:286)
		at org.apache.catalina.util.LifecycleBase.fireLifecycleEvent(LifecycleBase.java:115)
		at org.apache.catalina.util.LifecycleBase.setStateInternal(LifecycleBase.java:395)
		at org.apache.catalina.util.LifecycleBase.setState(LifecycleBase.java:342)
		at org.apache.catalina.core.ContainerBase.startInternal(ContainerBase.java:759)
		at org.apache.catalina.core.StandardHost.startInternal(StandardHost.java:794)
		at org.apache.catalina.util.LifecycleBase.start(LifecycleBase.java:170)
		at org.apache.catalina.core.ContainerBase$StartChild.call(ContainerBase.java:1204)
		at org.apache.catalina.core.ContainerBase$StartChild.call(ContainerBase.java:1200)
		at java.base/java.util.concurrent.FutureTask.run(Unknown Source)
		at org.apache.tomcat.util.threads.InlineExecutorService.execute(InlineExecutorService.java:92)
		at java.base/java.util.concurrent.AbstractExecutorService.submit(Unknown Source)
		at org.apache.catalina.core.ContainerBase.startInternal(ContainerBase.java:732)
		at org.apache.catalina.core.StandardEngine.startInternal(StandardEngine.java:201)
		at org.apache.catalina.util.LifecycleBase.start(LifecycleBase.java:170)
		at org.apache.catalina.core.StandardService.startInternal(StandardService.java:433)
		at org.apache.catalina.util.LifecycleBase.start(LifecycleBase.java:170)
		at org.apache.catalina.core.StandardServer.startInternal(StandardServer.java:871)
		at org.apache.catalina.util.LifecycleBase.start(LifecycleBase.java:170)
		at org.apache.catalina.startup.Catalina.start(Catalina.java:883)
		at java.base/jdk.internal.reflect.DirectMethodHandleAccessor.invoke(Unknown Source)
		at java.base/java.lang.reflect.Method.invoke(Unknown Source)
		at org.apache.catalina.startup.Bootstrap.start(Bootstrap.java:345)
		at org.apache.catalina.startup.Bootstrap.main(Bootstrap.java:482)
	Caused by: org.apache.catalina.LifecycleException: Failed to start component [org.apache.catalina.webresources.StandardRoot@1021f6c9]
		at org.apache.catalina.util.LifecycleBase.handleSubClassException(LifecycleBase.java:410)
		at org.apache.catalina.util.LifecycleBase.start(LifecycleBase.java:185)
		at org.apache.catalina.core.StandardContext.resourcesStart(StandardContext.java:4304)
		at org.apache.catalina.core.StandardContext.startInternal(StandardContext.java:4426)
		at org.apache.catalina.util.LifecycleBase.start(LifecycleBase.java:170)
		at org.apache.catalina.core.ContainerBase.addChild(ContainerBase.java:583)
		... 34 more
	Caused by: java.lang.IllegalArgumentException: The main resource set specified [C:\Users\juant\Documents\ECOAGRO\ECOAGRO\target\ECOAGRO-1.0-SNAPSHOT] is not a directory or war file, or is not readable (it does not exist or permissions to access it are missing)
		at org.apache.catalina.webresources.StandardRoot.createMainResourceSet(StandardRoot.java:813)
		at org.apache.catalina.webresources.StandardRoot.startInternal(StandardRoot.java:765)
		at org.apache.catalina.util.LifecycleBase.start(LifecycleBase.java:170)
		... 38 more
28-Sep-2026 10:43:15.346 INFORMACIÓN [main] org.apache.catalina.startup.HostConfig.deployDescriptor Deployment of deployment descriptor [C:\DEV2\ECOAGRO-main (3)\apache-tomcat-11.0.25\conf\Catalina\localhost\ROOT.xml] has finished in [88] ms
28-Sep-2026 10:43:15.352 INFORMACIÓN [main] org.apache.catalina.startup.HostConfig.deployWAR Despliegue del archivo [C:\DEV2\ECOAGRO-main (3)\apache-tomcat-11.0.25\webapps\ECOAGRO.war] de la aplicación web
28-Sep-2026 10:43:17.207 INFORMACIÓN [main] org.apache.jasper.servlet.TldScanner.scanJars Al menos un JAR, que se ha explorado buscando TLDs, aún no contenía TLDs. Activar historial de depuración para este historiador para una completa lista de los JARs que fueron explorados y de los que nos se halló TLDs. Saltarse JARs no necesarios durante la exploración puede dar lugar a una mejora de tiempo significativa en el arranque y compilación de JSP .
28-Sep-2026 10:43:17.293 INFORMACIÓN [main] org.apache.catalina.startup.HostConfig.deployWAR Deployment of web application archive [C:\DEV2\ECOAGRO-main (3)\apache-tomcat-11.0.25\webapps\ECOAGRO.war] has finished in [1.941] ms
28-Sep-2026 10:43:17.294 INFORMACIÓN [main] org.apache.catalina.startup.HostConfig.deployDirectory Desplegando el directorio [C:\DEV2\ECOAGRO-main (3)\apache-tomcat-11.0.25\webapps\docs] de la aplicación web
28-Sep-2026 10:43:18.239 INFORMACIÓN [main] org.apache.jasper.servlet.TldScanner.scanJars Al menos un JAR, que se ha explorado buscando TLDs, aún no contenía TLDs. Activar historial de depuración para este historiador para una completa lista de los JARs que fueron explorados y de los que nos se halló TLDs. Saltarse JARs no necesarios durante la exploración puede dar lugar a una mejora de tiempo significativa en el arranque y compilación de JSP .
28-Sep-2026 10:43:18.245 INFORMACIÓN [main] org.apache.catalina.startup.HostConfig.deployDirectory Deployment of web application directory [C:\DEV2\ECOAGRO-main (3)\apache-tomcat-11.0.25\webapps\docs] has finished in [950] ms
28-Sep-2026 10:43:18.245 INFORMACIÓN [main] org.apache.catalina.startup.HostConfig.deployDirectory Desplegando el directorio [C:\DEV2\ECOAGRO-main (3)\apache-tomcat-11.0.25\webapps\examples] de la aplicación web
28-Sep-2026 10:43:19.227 INFORMACIÓN [main] org.apache.jasper.servlet.TldScanner.scanJars Al menos un JAR, que se ha explorado buscando TLDs, aún no contenía TLDs. Activar historial de depuración para este historiador para una completa lista de los JARs que fueron explorados y de los que nos se halló TLDs. Saltarse JARs no necesarios durante la exploración puede dar lugar a una mejora de tiempo significativa en el arranque y compilación de JSP .
28-Sep-2026 10:43:19.324 INFORMACIÓN [main] org.apache.catalina.startup.HostConfig.deployDirectory Deployment of web application directory [C:\DEV2\ECOAGRO-main (3)\apache-tomcat-11.0.25\webapps\examples] has finished in [1.078] ms
28-Sep-2026 10:43:19.324 INFORMACIÓN [main] org.apache.catalina.startup.HostConfig.deployDirectory Desplegando el directorio [C:\DEV2\ECOAGRO-main (3)\apache-tomcat-11.0.25\webapps\host-manager] de la aplicación web
28-Sep-2026 10:43:20.145 INFORMACIÓN [main] org.apache.jasper.servlet.TldScanner.scanJars Al menos un JAR, que se ha explorado buscando TLDs, aún no contenía TLDs. Activar historial de depuración para este historiador para una completa lista de los JARs que fueron explorados y de los que nos se halló TLDs. Saltarse JARs no necesarios durante la exploración puede dar lugar a una mejora de tiempo significativa en el arranque y compilación de JSP .
28-Sep-2026 10:43:20.160 INFORMACIÓN [main] org.apache.catalina.startup.HostConfig.deployDirectory Deployment of web application directory [C:\DEV2\ECOAGRO-main (3)\apache-tomcat-11.0.25\webapps\host-manager] has finished in [834] ms
28-Sep-2026 10:43:20.160 INFORMACIÓN [main] org.apache.catalina.startup.HostConfig.deployDirectory Desplegando el directorio [C:\DEV2\ECOAGRO-main (3)\apache-tomcat-11.0.25\webapps\manager] de la aplicación web
28-Sep-2026 10:43:20.324 INFORMACIÓN [main] org.apache.catalina.core.StandardServer.await Se ha recibido un comando de apagado a través del puerto de apagado. Parando la instancia del Servidor.
28-Sep-2026 10:43:20.327 INFORMACIÓN [main] org.apache.coyote.AbstractProtocol.pause Pausing ProtocolHandler ["http-nio-8080"]
28-Sep-2026 10:43:20.335 INFORMACIÓN [main] org.apache.catalina.core.StandardService.stopInternal Parando servicio [Catalina]
28-Sep-2026 10:43:20.374 ADVERTENCIA [main] org.apache.catalina.loader.WebappClassLoaderBase.clearReferencesThreads The web application [ECOAGRO] appears to have started a thread named [mysql-cj-abandoned-connection-cleanup] but has failed to stop it. This is very likely to create a memory leak. Stack trace of thread:
 java.base/java.util.concurrent.ConcurrentHashMap.replaceNode(Unknown Source)
 java.base/java.util.concurrent.ConcurrentHashMap.remove(Unknown Source)
 org.apache.catalina.webresources.Cache.removeCacheEntry(Cache.java:295)
 org.apache.catalina.webresources.Cache.getResource(Cache.java:97)
 org.apache.catalina.webresources.StandardRoot.getResource(StandardRoot.java:229)
 org.apache.catalina.webresources.StandardRoot.getClassLoaderResource(StandardRoot.java:238)
 org.apache.catalina.loader.WebappClassLoaderBase.findResource(WebappClassLoaderBase.java:832)
 org.apache.catalina.loader.WebappClassLoaderBase.getResource(WebappClassLoaderBase.java:958)
 com.mysql.cj.jdbc.AbandonedConnectionCleanupThread.checkThreadContextClassLoader(AbandonedConnectionCleanupThread.java:116)
 com.mysql.cj.jdbc.AbandonedConnectionCleanupThread.run(AbandonedConnectionCleanupThread.java:83)
 java.base/java.util.concurrent.ThreadPoolExecutor.runWorker(Unknown Source)
 java.base/java.util.concurrent.ThreadPoolExecutor$Worker.run(Unknown Source)
 java.base/java.lang.Thread.run(Unknown Source)
28-Sep-2026 10:43:20.417 INFORMACIÓN [main] org.apache.coyote.AbstractProtocol.stop Stopping ProtocolHandler ["http-nio-8080"]
28-Sep-2026 10:43:20.423 INFORMACIÓN [main] org.apache.coyote.AbstractProtocol.destroy Destroying ProtocolHandler ["http-nio-8080"]
28-Sep-2026 10:43:20.937 INFORMACIÓN [main] org.apache.jasper.servlet.TldScanner.scanJars Al menos un JAR, que se ha explorado buscando TLDs, aún no contenía TLDs. Activar historial de depuración para este historiador para una completa lista de los JARs que fueron explorados y de los que nos se halló TLDs. Saltarse JARs no necesarios durante la exploración puede dar lugar a una mejora de tiempo significativa en el arranque y compilación de JSP .
28-Sep-2026 10:43:20.943 INFORMACIÓN [main] org.apache.catalina.startup.HostConfig.deployDirectory Deployment of web application directory [C:\DEV2\ECOAGRO-main (3)\apache-tomcat-11.0.25\webapps\manager] has finished in [783] ms
28-Sep-2026 10:43:20.951 INFORMACIÓN [main] org.apache.catalina.startup.Catalina.start Server startup in [5793] milliseconds
28-Sep-2026 10:43:32.494 GRAVE [main] org.apache.catalina.startup.Catalina.stopServer Could not contact [localhost:8005] (base port [8005] and offset [0]). Tomcat may not be running.
28-Sep-2026 10:43:32.499 GRAVE [main] org.apache.catalina.startup.Catalina.stopServer Error stopping Catalina
	java.net.ConnectException: Connection refused: connect
		at java.base/sun.nio.ch.Net.connect0(Native Method)
		at java.base/sun.nio.ch.Net.connect(Unknown Source)
		at java.base/sun.nio.ch.Net.connect(Unknown Source)
		at java.base/sun.nio.ch.NioSocketImpl.connect(Unknown Source)
		at java.base/java.net.SocksSocketImpl.connect(Unknown Source)
		at java.base/java.net.Socket.connect(Unknown Source)
		at java.base/java.net.Socket.connect(Unknown Source)
		at java.base/java.net.Socket.<init>(Unknown Source)
		at java.base/java.net.Socket.<init>(Unknown Source)
		at org.apache.catalina.startup.Catalina.stopServer(Catalina.java:776)
		at java.base/jdk.internal.reflect.DirectMethodHandleAccessor.invoke(Unknown Source)
		at java.base/java.lang.reflect.Method.invoke(Unknown Source)
		at org.apache.catalina.startup.Bootstrap.stopServer(Bootstrap.java:393)
		at org.apache.catalina.startup.Bootstrap.main(Bootstrap.java:488)
28-Sep-2026 10:43:38.060 INFORMACIÓN [main] org.apache.catalina.startup.VersionLoggerListener.log Nombre de la versión del servidor: Apache Tomcat/11.0.25
28-Sep-2026 10:43:38.064 INFORMACIÓN [main] org.apache.catalina.startup.VersionLoggerListener.log Server built:                      Aug 12 2026 12:46:04 UTC
28-Sep-2026 10:43:38.064 INFORMACIÓN [main] org.apache.catalina.startup.VersionLoggerListener.log Número de versión de servidor:     11.0.25.0
28-Sep-2026 10:43:38.064 INFORMACIÓN [main] org.apache.catalina.startup.VersionLoggerListener.log OS Name:                           Windows 11
28-Sep-2026 10:43:38.064 INFORMACIÓN [main] org.apache.catalina.startup.VersionLoggerListener.log Versión de Systema Operativo:      10.0
28-Sep-2026 10:43:38.066 INFORMACIÓN [main] org.apache.catalina.startup.VersionLoggerListener.log Arquitectura:                      amd64
28-Sep-2026 10:43:38.066 INFORMACIÓN [main] org.apache.catalina.startup.VersionLoggerListener.log Java Home:                         C:\Program Files\Android\Android Studio\jbr
28-Sep-2026 10:43:38.067 INFORMACIÓN [main] org.apache.catalina.startup.VersionLoggerListener.log JVM Version:                       25.0.3+-15898627-b508.16
28-Sep-2026 10:43:38.067 INFORMACIÓN [main] org.apache.catalina.startup.VersionLoggerListener.log Vededor JVM:                       JetBrains s.r.o.
28-Sep-2026 10:43:38.067 INFORMACIÓN [main] org.apache.catalina.startup.VersionLoggerListener.log CATALINA_BASE:                     C:\DEV2\ECOAGRO-main (3)\apache-tomcat-11.0.25
28-Sep-2026 10:43:38.068 INFORMACIÓN [main] org.apache.catalina.startup.VersionLoggerListener.log CATALINA_HOME:                     C:\DEV2\ECOAGRO-main (3)\apache-tomcat-11.0.25
28-Sep-2026 10:43:38.085 INFORMACIÓN [main] org.apache.catalina.startup.VersionLoggerListener.log Command line argument:             -Djava.util.logging.config.file=C:\DEV2\ECOAGRO-main (3)\apache-tomcat-11.0.25\conf\logging.properties
28-Sep-2026 10:43:38.085 INFORMACIÓN [main] org.apache.catalina.startup.VersionLoggerListener.log Command line argument:             -Djava.util.logging.manager=org.apache.juli.ClassLoaderLogManager
28-Sep-2026 10:43:38.085 INFORMACIÓN [main] org.apache.catalina.startup.VersionLoggerListener.log Command line argument:             -Djdk.tls.ephemeralDHKeySize=2048
28-Sep-2026 10:43:38.085 INFORMACIÓN [main] org.apache.catalina.startup.VersionLoggerListener.log Command line argument:             --add-opens=java.base/java.lang=ALL-UNNAMED
28-Sep-2026 10:43:38.086 INFORMACIÓN [main] org.apache.catalina.startup.VersionLoggerListener.log Command line argument:             --add-opens=java.base/java.lang.reflect=ALL-UNNAMED
28-Sep-2026 10:43:38.086 INFORMACIÓN [main] org.apache.catalina.startup.VersionLoggerListener.log Command line argument:             --add-opens=java.base/java.io=ALL-UNNAMED
28-Sep-2026 10:43:38.086 INFORMACIÓN [main] org.apache.catalina.startup.VersionLoggerListener.log Command line argument:             --add-opens=java.base/java.util=ALL-UNNAMED
28-Sep-2026 10:43:38.086 INFORMACIÓN [main] org.apache.catalina.startup.VersionLoggerListener.log Command line argument:             --add-opens=java.base/java.util.concurrent=ALL-UNNAMED
28-Sep-2026 10:43:38.087 INFORMACIÓN [main] org.apache.catalina.startup.VersionLoggerListener.log Command line argument:             --add-opens=java.rmi/sun.rmi.transport=ALL-UNNAMED
28-Sep-2026 10:43:38.087 INFORMACIÓN [main] org.apache.catalina.startup.VersionLoggerListener.log Command line argument:             --enable-native-access=ALL-UNNAMED
28-Sep-2026 10:43:38.087 INFORMACIÓN [main] org.apache.catalina.startup.VersionLoggerListener.log Command line argument:             -Dcatalina.base=C:\DEV2\ECOAGRO-main (3)\apache-tomcat-11.0.25
28-Sep-2026 10:43:38.087 INFORMACIÓN [main] org.apache.catalina.startup.VersionLoggerListener.log Command line argument:             -Dcatalina.home=C:\DEV2\ECOAGRO-main (3)\apache-tomcat-11.0.25
28-Sep-2026 10:43:38.088 INFORMACIÓN [main] org.apache.catalina.startup.VersionLoggerListener.log Command line argument:             -Djava.io.tmpdir=C:\DEV2\ECOAGRO-main (3)\apache-tomcat-11.0.25\temp
28-Sep-2026 10:43:38.091 INFORMACIÓN [main] org.apache.catalina.core.AprLifecycleListener.lifecycleEvent Cargada la biblioteca nativa APR de Apache Tomcat [2.0.15] con la versión APR [1.7.6].
28-Sep-2026 10:43:38.103 INFORMACIÓN [main] org.apache.catalina.core.AprLifecycleListener.initializeSSL OpenSSL inicializado correctamente [OpenSSL 3.5.7 9 Jun 2026]
28-Sep-2026 10:43:38.571 INFORMACIÓN [main] org.apache.coyote.AbstractProtocol.init Inicializando el manejador de protocolo ["http-nio-8080"]

28-Sep-2026 10:43:38.618 INFORMACIÓN [main] org.apache.catalina.startup.Catalina.load Server initialization in [878] milliseconds
28-Sep-2026 10:43:38.697 INFORMACIÓN [main] org.apache.catalina.core.StandardService.startInternal Arrancando servicio [Catalina]
28-Sep-2026 10:43:38.698 INFORMACIÓN [main] org.apache.catalina.core.StandardEngine.startInternal Starting Servlet engine: [Apache Tomcat/11.0.25]
28-Sep-2026 10:43:38.713 INFORMACIÓN [main] org.apache.catalina.startup.HostConfig.deployDescriptor Desplieque del descriptor de configuración [C:\DEV2\ECOAGRO-main (3)\apache-tomcat-11.0.25\conf\Catalina\localhost\ROOT.xml]
28-Sep-2026 10:43:38.752 ADVERTENCIA [main] org.apache.catalina.startup.HostConfig.deployDescriptor The path attribute with value [] in deployment descriptor [C:\DEV2\ECOAGRO-main (3)\apache-tomcat-11.0.25\conf\Catalina\localhost\ROOT.xml] has been ignored
28-Sep-2026 10:43:38.838 GRAVE [main] org.apache.catalina.startup.HostConfig.deployDescriptor Error durante el despliegue del descriptor de configuración [C:\DEV2\ECOAGRO-main (3)\apache-tomcat-11.0.25\conf\Catalina\localhost\ROOT.xml]
	java.lang.IllegalStateException: Error starting child
		at org.apache.catalina.core.ContainerBase.addChild(ContainerBase.java:586)
		at org.apache.catalina.core.StandardHost.addChild(StandardHost.java:677)
		at org.apache.catalina.startup.HostConfig.deployDescriptor(HostConfig.java:628)
		at org.apache.catalina.startup.HostConfig$DeployDescriptor.run(HostConfig.java:1861)
		at java.base/java.util.concurrent.Executors$RunnableAdapter.call(Unknown Source)
		at java.base/java.util.concurrent.FutureTask.run(Unknown Source)
		at org.apache.tomcat.util.threads.InlineExecutorService.execute(InlineExecutorService.java:92)
		at java.base/java.util.concurrent.AbstractExecutorService.submit(Unknown Source)
		at org.apache.catalina.startup.HostConfig.deployDescriptors(HostConfig.java:517)
		at org.apache.catalina.startup.HostConfig.deployApps(HostConfig.java:408)
		at org.apache.catalina.startup.HostConfig.start(HostConfig.java:1606)
		at org.apache.catalina.startup.HostConfig.lifecycleEvent(HostConfig.java:286)
		at org.apache.catalina.util.LifecycleBase.fireLifecycleEvent(LifecycleBase.java:115)
		at org.apache.catalina.util.LifecycleBase.setStateInternal(LifecycleBase.java:395)
		at org.apache.catalina.util.LifecycleBase.setState(LifecycleBase.java:342)
		at org.apache.catalina.core.ContainerBase.startInternal(ContainerBase.java:759)
		at org.apache.catalina.core.StandardHost.startInternal(StandardHost.java:794)
		at org.apache.catalina.util.LifecycleBase.start(LifecycleBase.java:170)
		at org.apache.catalina.core.ContainerBase$StartChild.call(ContainerBase.java:1204)
		at org.apache.catalina.core.ContainerBase$StartChild.call(ContainerBase.java:1200)
		at java.base/java.util.concurrent.FutureTask.run(Unknown Source)
		at org.apache.tomcat.util.threads.InlineExecutorService.execute(InlineExecutorService.java:92)
		at java.base/java.util.concurrent.AbstractExecutorService.submit(Unknown Source)
		at org.apache.catalina.core.ContainerBase.startInternal(ContainerBase.java:732)
		at org.apache.catalina.core.StandardEngine.startInternal(StandardEngine.java:201)
		at org.apache.catalina.util.LifecycleBase.start(LifecycleBase.java:170)
		at org.apache.catalina.core.StandardService.startInternal(StandardService.java:433)
		at org.apache.catalina.util.LifecycleBase.start(LifecycleBase.java:170)
		at org.apache.catalina.core.StandardServer.startInternal(StandardServer.java:871)
		at org.apache.catalina.util.LifecycleBase.start(LifecycleBase.java:170)
		at org.apache.catalina.startup.Catalina.start(Catalina.java:883)
		at java.base/jdk.internal.reflect.DirectMethodHandleAccessor.invoke(Unknown Source)
		at java.base/java.lang.reflect.Method.invoke(Unknown Source)
		at org.apache.catalina.startup.Bootstrap.start(Bootstrap.java:345)
		at org.apache.catalina.startup.Bootstrap.main(Bootstrap.java:482)
	Caused by: org.apache.catalina.LifecycleException: Failed to start component [org.apache.catalina.webresources.StandardRoot@6cfcd46d]
		at org.apache.catalina.util.LifecycleBase.handleSubClassException(LifecycleBase.java:410)
		at org.apache.catalina.util.LifecycleBase.start(LifecycleBase.java:185)
		at org.apache.catalina.core.StandardContext.resourcesStart(StandardContext.java:4304)
		at org.apache.catalina.core.StandardContext.startInternal(StandardContext.java:4426)
		at org.apache.catalina.util.LifecycleBase.start(LifecycleBase.java:170)
		at org.apache.catalina.core.ContainerBase.addChild(ContainerBase.java:583)
		... 34 more
	Caused by: java.lang.IllegalArgumentException: The main resource set specified [C:\Users\juant\Documents\ECOAGRO\ECOAGRO\target\ECOAGRO-1.0-SNAPSHOT] is not a directory or war file, or is not readable (it does not exist or permissions to access it are missing)
		at org.apache.catalina.webresources.StandardRoot.createMainResourceSet(StandardRoot.java:813)
		at org.apache.catalina.webresources.StandardRoot.startInternal(StandardRoot.java:765)
		at org.apache.catalina.util.LifecycleBase.start(LifecycleBase.java:170)
		... 38 more
28-Sep-2026 10:43:38.865 INFORMACIÓN [main] org.apache.catalina.startup.HostConfig.deployDescriptor Deployment of deployment descriptor [C:\DEV2\ECOAGRO-main (3)\apache-tomcat-11.0.25\conf\Catalina\localhost\ROOT.xml] has finished in [133] ms
28-Sep-2026 10:43:38.873 INFORMACIÓN [main] org.apache.catalina.startup.HostConfig.deployWAR Despliegue del archivo [C:\DEV2\ECOAGRO-main (3)\apache-tomcat-11.0.25\webapps\ECOAGRO.war] de la aplicación web
28-Sep-2026 10:43:40.385 INFORMACIÓN [main] org.apache.jasper.servlet.TldScanner.scanJars Al menos un JAR, que se ha explorado buscando TLDs, aún no contenía TLDs. Activar historial de depuración para este historiador para una completa lista de los JARs que fueron explorados y de los que nos se halló TLDs. Saltarse JARs no necesarios durante la exploración puede dar lugar a una mejora de tiempo significativa en el arranque y compilación de JSP .
28-Sep-2026 10:43:40.471 INFORMACIÓN [main] org.apache.catalina.startup.HostConfig.deployWAR Deployment of web application archive [C:\DEV2\ECOAGRO-main (3)\apache-tomcat-11.0.25\webapps\ECOAGRO.war] has finished in [1.599] ms
28-Sep-2026 10:43:40.472 INFORMACIÓN [main] org.apache.catalina.startup.HostConfig.deployDirectory Desplegando el directorio [C:\DEV2\ECOAGRO-main (3)\apache-tomcat-11.0.25\webapps\docs] de la aplicación web
28-Sep-2026 10:43:41.234 INFORMACIÓN [main] org.apache.jasper.servlet.TldScanner.scanJars Al menos un JAR, que se ha explorado buscando TLDs, aún no contenía TLDs. Activar historial de depuración para este historiador para una completa lista de los JARs que fueron explorados y de los que nos se halló TLDs. Saltarse JARs no necesarios durante la exploración puede dar lugar a una mejora de tiempo significativa en el arranque y compilación de JSP .
28-Sep-2026 10:43:41.238 INFORMACIÓN [main] org.apache.catalina.startup.HostConfig.deployDirectory Deployment of web application directory [C:\DEV2\ECOAGRO-main (3)\apache-tomcat-11.0.25\webapps\docs] has finished in [766] ms
28-Sep-2026 10:43:41.238 INFORMACIÓN [main] org.apache.catalina.startup.HostConfig.deployDirectory Desplegando el directorio [C:\DEV2\ECOAGRO-main (3)\apache-tomcat-11.0.25\webapps\examples] de la aplicación web
28-Sep-2026 10:43:42.205 INFORMACIÓN [main] org.apache.jasper.servlet.TldScanner.scanJars Al menos un JAR, que se ha explorado buscando TLDs, aún no contenía TLDs. Activar historial de depuración para este historiador para una completa lista de los JARs que fueron explorados y de los que nos se halló TLDs. Saltarse JARs no necesarios durante la exploración puede dar lugar a una mejora de tiempo significativa en el arranque y compilación de JSP .
28-Sep-2026 10:43:42.286 INFORMACIÓN [main] org.apache.catalina.startup.HostConfig.deployDirectory Deployment of web application directory [C:\DEV2\ECOAGRO-main (3)\apache-tomcat-11.0.25\webapps\examples] has finished in [1.048] ms
28-Sep-2026 10:43:42.287 INFORMACIÓN [main] org.apache.catalina.startup.HostConfig.deployDirectory Desplegando el directorio [C:\DEV2\ECOAGRO-main (3)\apache-tomcat-11.0.25\webapps\host-manager] de la aplicación web
28-Sep-2026 10:43:42.964 INFORMACIÓN [main] org.apache.jasper.servlet.TldScanner.scanJars Al menos un JAR, que se ha explorado buscando TLDs, aún no contenía TLDs. Activar historial de depuración para este historiador para una completa lista de los JARs que fueron explorados y de los que nos se halló TLDs. Saltarse JARs no necesarios durante la exploración puede dar lugar a una mejora de tiempo significativa en el arranque y compilación de JSP .
28-Sep-2026 10:43:42.975 INFORMACIÓN [main] org.apache.catalina.startup.HostConfig.deployDirectory Deployment of web application directory [C:\DEV2\ECOAGRO-main (3)\apache-tomcat-11.0.25\webapps\host-manager] has finished in [687] ms
28-Sep-2026 10:43:42.975 INFORMACIÓN [main] org.apache.catalina.startup.HostConfig.deployDirectory Desplegando el directorio [C:\DEV2\ECOAGRO-main (3)\apache-tomcat-11.0.25\webapps\manager] de la aplicación web
28-Sep-2026 10:43:43.693 INFORMACIÓN [main] org.apache.jasper.servlet.TldScanner.scanJars Al menos un JAR, que se ha explorado buscando TLDs, aún no contenía TLDs. Activar historial de depuración para este historiador para una completa lista de los JARs que fueron explorados y de los que nos se halló TLDs. Saltarse JARs no necesarios durante la exploración puede dar lugar a una mejora de tiempo significativa en el arranque y compilación de JSP .
28-Sep-2026 10:43:43.701 INFORMACIÓN [main] org.apache.catalina.startup.HostConfig.deployDirectory Deployment of web application directory [C:\DEV2\ECOAGRO-main (3)\apache-tomcat-11.0.25\webapps\manager] has finished in [725] ms
28-Sep-2026 10:43:43.708 INFORMACIÓN [main] org.apache.coyote.AbstractProtocol.start Starting ProtocolHandler ["http-nio-8080"]
28-Sep-2026 10:43:43.742 INFORMACIÓN [main] org.apache.catalina.startup.Catalina.start Server startup in [5120] milliseconds
28-Sep-2026 10:55:53.898 INFORMACIÓN [main] org.apache.catalina.core.StandardServer.await Se ha recibido un comando de apagado a través del puerto de apagado. Parando la instancia del Servidor.
28-Sep-2026 10:55:53.901 INFORMACIÓN [main] org.apache.coyote.AbstractProtocol.pause Pausing ProtocolHandler ["http-nio-8080"]
28-Sep-2026 10:55:53.910 INFORMACIÓN [main] org.apache.catalina.core.StandardService.stopInternal Parando servicio [Catalina]
28-Sep-2026 10:55:53.945 ADVERTENCIA [main] org.apache.catalina.loader.WebappClassLoaderBase.clearReferencesThreads The web application [ECOAGRO] appears to have started a thread named [mysql-cj-abandoned-connection-cleanup] but has failed to stop it. This is very likely to create a memory leak. Stack trace of thread:
 com.mysql.cj.jdbc.AbandonedConnectionCleanupThread.checkThreadContextClassLoader(AbandonedConnectionCleanupThread.java:116)
 com.mysql.cj.jdbc.AbandonedConnectionCleanupThread.run(AbandonedConnectionCleanupThread.java:83)
 java.base/java.util.concurrent.ThreadPoolExecutor.runWorker(Unknown Source)
 java.base/java.util.concurrent.ThreadPoolExecutor$Worker.run(Unknown Source)
 java.base/java.lang.Thread.run(Unknown Source)
28-Sep-2026 10:55:53.982 INFORMACIÓN [main] org.apache.coyote.AbstractProtocol.stop Stopping ProtocolHandler ["http-nio-8080"]
28-Sep-2026 10:55:53.985 INFORMACIÓN [main] org.apache.coyote.AbstractProtocol.destroy Destroying ProtocolHandler ["http-nio-8080"]
28-Sep-2026 10:56:00.161 INFORMACIÓN [main] org.apache.catalina.startup.VersionLoggerListener.log Nombre de la versión del servidor: Apache Tomcat/11.0.25
28-Sep-2026 10:56:00.166 INFORMACIÓN [main] org.apache.catalina.startup.VersionLoggerListener.log Server built:                      Aug 12 2026 12:46:04 UTC
28-Sep-2026 10:56:00.166 INFORMACIÓN [main] org.apache.catalina.startup.VersionLoggerListener.log Número de versión de servidor:     11.0.25.0
28-Sep-2026 10:56:00.167 INFORMACIÓN [main] org.apache.catalina.startup.VersionLoggerListener.log OS Name:                           Windows 11
28-Sep-2026 10:56:00.167 INFORMACIÓN [main] org.apache.catalina.startup.VersionLoggerListener.log Versión de Systema Operativo:      10.0
28-Sep-2026 10:56:00.169 INFORMACIÓN [main] org.apache.catalina.startup.VersionLoggerListener.log Arquitectura:                      amd64
28-Sep-2026 10:56:00.169 INFORMACIÓN [main] org.apache.catalina.startup.VersionLoggerListener.log Java Home:                         C:\Program Files\Android\Android Studio\jbr
28-Sep-2026 10:56:00.169 INFORMACIÓN [main] org.apache.catalina.startup.VersionLoggerListener.log JVM Version:                       25.0.3+-15898627-b508.16
28-Sep-2026 10:56:00.169 INFORMACIÓN [main] org.apache.catalina.startup.VersionLoggerListener.log Vededor JVM:                       JetBrains s.r.o.
28-Sep-2026 10:56:00.169 INFORMACIÓN [main] org.apache.catalina.startup.VersionLoggerListener.log CATALINA_BASE:                     C:\DEV2\ECOAGRO-main (3)\apache-tomcat-11.0.25
28-Sep-2026 10:56:00.170 INFORMACIÓN [main] org.apache.catalina.startup.VersionLoggerListener.log CATALINA_HOME:                     C:\DEV2\ECOAGRO-main (3)\apache-tomcat-11.0.25
28-Sep-2026 10:56:00.192 INFORMACIÓN [main] org.apache.catalina.startup.VersionLoggerListener.log Command line argument:             -Djava.util.logging.config.file=C:\DEV2\ECOAGRO-main (3)\apache-tomcat-11.0.25\conf\logging.properties
28-Sep-2026 10:56:00.193 INFORMACIÓN [main] org.apache.catalina.startup.VersionLoggerListener.log Command line argument:             -Djava.util.logging.manager=org.apache.juli.ClassLoaderLogManager
28-Sep-2026 10:56:00.193 INFORMACIÓN [main] org.apache.catalina.startup.VersionLoggerListener.log Command line argument:             -Djdk.tls.ephemeralDHKeySize=2048
28-Sep-2026 10:56:00.193 INFORMACIÓN [main] org.apache.catalina.startup.VersionLoggerListener.log Command line argument:             --add-opens=java.base/java.lang=ALL-UNNAMED
28-Sep-2026 10:56:00.193 INFORMACIÓN [main] org.apache.catalina.startup.VersionLoggerListener.log Command line argument:             --add-opens=java.base/java.lang.reflect=ALL-UNNAMED
28-Sep-2026 10:56:00.194 INFORMACIÓN [main] org.apache.catalina.startup.VersionLoggerListener.log Command line argument:             --add-opens=java.base/java.io=ALL-UNNAMED
28-Sep-2026 10:56:00.194 INFORMACIÓN [main] org.apache.catalina.startup.VersionLoggerListener.log Command line argument:             --add-opens=java.base/java.util=ALL-UNNAMED
28-Sep-2026 10:56:00.194 INFORMACIÓN [main] org.apache.catalina.startup.VersionLoggerListener.log Command line argument:             --add-opens=java.base/java.util.concurrent=ALL-UNNAMED
28-Sep-2026 10:56:00.194 INFORMACIÓN [main] org.apache.catalina.startup.VersionLoggerListener.log Command line argument:             --add-opens=java.rmi/sun.rmi.transport=ALL-UNNAMED
28-Sep-2026 10:56:00.194 INFORMACIÓN [main] org.apache.catalina.startup.VersionLoggerListener.log Command line argument:             --enable-native-access=ALL-UNNAMED
28-Sep-2026 10:56:00.194 INFORMACIÓN [main] org.apache.catalina.startup.VersionLoggerListener.log Command line argument:             -Dcatalina.base=C:\DEV2\ECOAGRO-main (3)\apache-tomcat-11.0.25
28-Sep-2026 10:56:00.195 INFORMACIÓN [main] org.apache.catalina.startup.VersionLoggerListener.log Command line argument:             -Dcatalina.home=C:\DEV2\ECOAGRO-main (3)\apache-tomcat-11.0.25
28-Sep-2026 10:56:00.195 INFORMACIÓN [main] org.apache.catalina.startup.VersionLoggerListener.log Command line argument:             -Djava.io.tmpdir=C:\DEV2\ECOAGRO-main (3)\apache-tomcat-11.0.25\temp
28-Sep-2026 10:56:00.200 INFORMACIÓN [main] org.apache.catalina.core.AprLifecycleListener.lifecycleEvent Cargada la biblioteca nativa APR de Apache Tomcat [2.0.15] con la versión APR [1.7.6].
28-Sep-2026 10:56:00.209 INFORMACIÓN [main] org.apache.catalina.core.AprLifecycleListener.initializeSSL OpenSSL inicializado correctamente [OpenSSL 3.5.7 9 Jun 2026]
28-Sep-2026 10:56:00.700 INFORMACIÓN [main] org.apache.coyote.AbstractProtocol.init Inicializando el manejador de protocolo ["http-nio-8080"]

28-Sep-2026 10:56:00.739 INFORMACIÓN [main] org.apache.catalina.startup.Catalina.load Server initialization in [897] milliseconds
28-Sep-2026 10:56:00.819 INFORMACIÓN [main] org.apache.catalina.core.StandardService.startInternal Arrancando servicio [Catalina]
28-Sep-2026 10:56:00.820 INFORMACIÓN [main] org.apache.catalina.core.StandardEngine.startInternal Starting Servlet engine: [Apache Tomcat/11.0.25]
28-Sep-2026 10:56:00.837 INFORMACIÓN [main] org.apache.catalina.startup.HostConfig.deployDescriptor Desplieque del descriptor de configuración [C:\DEV2\ECOAGRO-main (3)\apache-tomcat-11.0.25\conf\Catalina\localhost\ROOT.xml]
28-Sep-2026 10:56:00.868 ADVERTENCIA [main] org.apache.catalina.startup.HostConfig.deployDescriptor The path attribute with value [] in deployment descriptor [C:\DEV2\ECOAGRO-main (3)\apache-tomcat-11.0.25\conf\Catalina\localhost\ROOT.xml] has been ignored
28-Sep-2026 10:56:00.917 GRAVE [main] org.apache.catalina.startup.HostConfig.deployDescriptor Error durante el despliegue del descriptor de configuración [C:\DEV2\ECOAGRO-main (3)\apache-tomcat-11.0.25\conf\Catalina\localhost\ROOT.xml]
	java.lang.IllegalStateException: Error starting child
		at org.apache.catalina.core.ContainerBase.addChild(ContainerBase.java:586)
		at org.apache.catalina.core.StandardHost.addChild(StandardHost.java:677)
		at org.apache.catalina.startup.HostConfig.deployDescriptor(HostConfig.java:628)
		at org.apache.catalina.startup.HostConfig$DeployDescriptor.run(HostConfig.java:1861)
		at java.base/java.util.concurrent.Executors$RunnableAdapter.call(Unknown Source)
		at java.base/java.util.concurrent.FutureTask.run(Unknown Source)
		at org.apache.tomcat.util.threads.InlineExecutorService.execute(InlineExecutorService.java:92)
		at java.base/java.util.concurrent.AbstractExecutorService.submit(Unknown Source)
		at org.apache.catalina.startup.HostConfig.deployDescriptors(HostConfig.java:517)
		at org.apache.catalina.startup.HostConfig.deployApps(HostConfig.java:408)
		at org.apache.catalina.startup.HostConfig.start(HostConfig.java:1606)
		at org.apache.catalina.startup.HostConfig.lifecycleEvent(HostConfig.java:286)
		at org.apache.catalina.util.LifecycleBase.fireLifecycleEvent(LifecycleBase.java:115)
		at org.apache.catalina.util.LifecycleBase.setStateInternal(LifecycleBase.java:395)
		at org.apache.catalina.util.LifecycleBase.setState(LifecycleBase.java:342)
		at org.apache.catalina.core.ContainerBase.startInternal(ContainerBase.java:759)
		at org.apache.catalina.core.StandardHost.startInternal(StandardHost.java:794)
		at org.apache.catalina.util.LifecycleBase.start(LifecycleBase.java:170)
		at org.apache.catalina.core.ContainerBase$StartChild.call(ContainerBase.java:1204)
		at org.apache.catalina.core.ContainerBase$StartChild.call(ContainerBase.java:1200)
		at java.base/java.util.concurrent.FutureTask.run(Unknown Source)
		at org.apache.tomcat.util.threads.InlineExecutorService.execute(InlineExecutorService.java:92)
		at java.base/java.util.concurrent.AbstractExecutorService.submit(Unknown Source)
		at org.apache.catalina.core.ContainerBase.startInternal(ContainerBase.java:732)
		at org.apache.catalina.core.StandardEngine.startInternal(StandardEngine.java:201)
		at org.apache.catalina.util.LifecycleBase.start(LifecycleBase.java:170)
		at org.apache.catalina.core.StandardService.startInternal(StandardService.java:433)
		at org.apache.catalina.util.LifecycleBase.start(LifecycleBase.java:170)
		at org.apache.catalina.core.StandardServer.startInternal(StandardServer.java:871)
		at org.apache.catalina.util.LifecycleBase.start(LifecycleBase.java:170)
		at org.apache.catalina.startup.Catalina.start(Catalina.java:883)
		at java.base/jdk.internal.reflect.DirectMethodHandleAccessor.invoke(Unknown Source)
		at java.base/java.lang.reflect.Method.invoke(Unknown Source)
		at org.apache.catalina.startup.Bootstrap.start(Bootstrap.java:345)
		at org.apache.catalina.startup.Bootstrap.main(Bootstrap.java:482)
	Caused by: org.apache.catalina.LifecycleException: Failed to start component [org.apache.catalina.webresources.StandardRoot@183e8023]
		at org.apache.catalina.util.LifecycleBase.handleSubClassException(LifecycleBase.java:410)
		at org.apache.catalina.util.LifecycleBase.start(LifecycleBase.java:185)
		at org.apache.catalina.core.StandardContext.resourcesStart(StandardContext.java:4304)
		at org.apache.catalina.core.StandardContext.startInternal(StandardContext.java:4426)
		at org.apache.catalina.util.LifecycleBase.start(LifecycleBase.java:170)
		at org.apache.catalina.core.ContainerBase.addChild(ContainerBase.java:583)
		... 34 more
	Caused by: java.lang.IllegalArgumentException: The main resource set specified [C:\Users\juant\Documents\ECOAGRO\ECOAGRO\target\ECOAGRO-1.0-SNAPSHOT] is not a directory or war file, or is not readable (it does not exist or permissions to access it are missing)
		at org.apache.catalina.webresources.StandardRoot.createMainResourceSet(StandardRoot.java:813)
		at org.apache.catalina.webresources.StandardRoot.startInternal(StandardRoot.java:765)
		at org.apache.catalina.util.LifecycleBase.start(LifecycleBase.java:170)
		... 38 more
28-Sep-2026 10:56:00.934 INFORMACIÓN [main] org.apache.catalina.startup.HostConfig.deployDescriptor Deployment of deployment descriptor [C:\DEV2\ECOAGRO-main (3)\apache-tomcat-11.0.25\conf\Catalina\localhost\ROOT.xml] has finished in [85] ms
28-Sep-2026 10:56:00.939 INFORMACIÓN [main] org.apache.catalina.startup.HostConfig.deployWAR Despliegue del archivo [C:\DEV2\ECOAGRO-main (3)\apache-tomcat-11.0.25\webapps\ECOAGRO.war] de la aplicación web
28-Sep-2026 10:56:00.948 INFORMACIÓN [main] org.apache.catalina.startup.ExpandWar.expand An expanded directory [C:\DEV2\ECOAGRO-main (3)\apache-tomcat-11.0.25\webapps\ECOAGRO] was found with a last modified time that did not match the associated WAR. It will be deleted.
28-Sep-2026 10:56:02.990 INFORMACIÓN [main] org.apache.jasper.servlet.TldScanner.scanJars Al menos un JAR, que se ha explorado buscando TLDs, aún no contenía TLDs. Activar historial de depuración para este historiador para una completa lista de los JARs que fueron explorados y de los que nos se halló TLDs. Saltarse JARs no necesarios durante la exploración puede dar lugar a una mejora de tiempo significativa en el arranque y compilación de JSP .
28-Sep-2026 10:56:03.140 INFORMACIÓN [main] org.apache.catalina.startup.HostConfig.deployWAR Deployment of web application archive [C:\DEV2\ECOAGRO-main (3)\apache-tomcat-11.0.25\webapps\ECOAGRO.war] has finished in [2.201] ms
28-Sep-2026 10:56:03.141 INFORMACIÓN [main] org.apache.catalina.startup.HostConfig.deployDirectory Desplegando el directorio [C:\DEV2\ECOAGRO-main (3)\apache-tomcat-11.0.25\webapps\docs] de la aplicación web
28-Sep-2026 10:56:03.953 INFORMACIÓN [main] org.apache.jasper.servlet.TldScanner.scanJars Al menos un JAR, que se ha explorado buscando TLDs, aún no contenía TLDs. Activar historial de depuración para este historiador para una completa lista de los JARs que fueron explorados y de los que nos se halló TLDs. Saltarse JARs no necesarios durante la exploración puede dar lugar a una mejora de tiempo significativa en el arranque y compilación de JSP .
28-Sep-2026 10:56:03.962 INFORMACIÓN [main] org.apache.catalina.startup.HostConfig.deployDirectory Deployment of web application directory [C:\DEV2\ECOAGRO-main (3)\apache-tomcat-11.0.25\webapps\docs] has finished in [820] ms
28-Sep-2026 10:56:03.963 INFORMACIÓN [main] org.apache.catalina.startup.HostConfig.deployDirectory Desplegando el directorio [C:\DEV2\ECOAGRO-main (3)\apache-tomcat-11.0.25\webapps\examples] de la aplicación web
28-Sep-2026 10:56:05.089 INFORMACIÓN [main] org.apache.jasper.servlet.TldScanner.scanJars Al menos un JAR, que se ha explorado buscando TLDs, aún no contenía TLDs. Activar historial de depuración para este historiador para una completa lista de los JARs que fueron explorados y de los que nos se halló TLDs. Saltarse JARs no necesarios durante la exploración puede dar lugar a una mejora de tiempo significativa en el arranque y compilación de JSP .
28-Sep-2026 10:56:05.197 INFORMACIÓN [main] org.apache.catalina.startup.HostConfig.deployDirectory Deployment of web application directory [C:\DEV2\ECOAGRO-main (3)\apache-tomcat-11.0.25\webapps\examples] has finished in [1.233] ms
28-Sep-2026 10:56:05.197 INFORMACIÓN [main] org.apache.catalina.startup.HostConfig.deployDirectory Desplegando el directorio [C:\DEV2\ECOAGRO-main (3)\apache-tomcat-11.0.25\webapps\host-manager] de la aplicación web
28-Sep-2026 10:56:06.016 INFORMACIÓN [main] org.apache.jasper.servlet.TldScanner.scanJars Al menos un JAR, que se ha explorado buscando TLDs, aún no contenía TLDs. Activar historial de depuración para este historiador para una completa lista de los JARs que fueron explorados y de los que nos se halló TLDs. Saltarse JARs no necesarios durante la exploración puede dar lugar a una mejora de tiempo significativa en el arranque y compilación de JSP .
28-Sep-2026 10:56:06.026 INFORMACIÓN [main] org.apache.catalina.startup.HostConfig.deployDirectory Deployment of web application directory [C:\DEV2\ECOAGRO-main (3)\apache-tomcat-11.0.25\webapps\host-manager] has finished in [829] ms
28-Sep-2026 10:56:06.027 INFORMACIÓN [main] org.apache.catalina.startup.HostConfig.deployDirectory Desplegando el directorio [C:\DEV2\ECOAGRO-main (3)\apache-tomcat-11.0.25\webapps\manager] de la aplicación web
28-Sep-2026 10:56:06.743 INFORMACIÓN [main] org.apache.jasper.servlet.TldScanner.scanJars Al menos un JAR, que se ha explorado buscando TLDs, aún no contenía TLDs. Activar historial de depuración para este historiador para una completa lista de los JARs que fueron explorados y de los que nos se halló TLDs. Saltarse JARs no necesarios durante la exploración puede dar lugar a una mejora de tiempo significativa en el arranque y compilación de JSP .
28-Sep-2026 10:56:06.752 INFORMACIÓN [main] org.apache.catalina.startup.HostConfig.deployDirectory Deployment of web application directory [C:\DEV2\ECOAGRO-main (3)\apache-tomcat-11.0.25\webapps\manager] has finished in [725] ms
28-Sep-2026 10:56:06.758 INFORMACIÓN [main] org.apache.coyote.AbstractProtocol.start Starting ProtocolHandler ["http-nio-8080"]
28-Sep-2026 10:56:06.798 INFORMACIÓN [main] org.apache.catalina.startup.Catalina.start Server startup in [6056] milliseconds
28-Sep-2026 11:02:09.063 INFORMACIÓN [main] org.apache.catalina.core.StandardServer.await Se ha recibido un comando de apagado a través del puerto de apagado. Parando la instancia del Servidor.
28-Sep-2026 11:02:09.065 INFORMACIÓN [main] org.apache.coyote.AbstractProtocol.pause Pausing ProtocolHandler ["http-nio-8080"]
28-Sep-2026 11:02:09.072 INFORMACIÓN [main] org.apache.catalina.core.StandardService.stopInternal Parando servicio [Catalina]
28-Sep-2026 11:02:09.079 ADVERTENCIA [main] org.apache.catalina.loader.WebappClassLoaderBase.clearReferencesJdbc La aplicación web [ECOAGRO] registró el conductor JDBC [com.mysql.cj.jdbc.Driver] pero falló al anular el registro mientras la aplicación web estaba parada. Para prevenir un fallo de memoria, se ha anulado el registro del conductor JDBC por la fuerza.
28-Sep-2026 11:02:09.080 ADVERTENCIA [main] org.apache.catalina.loader.WebappClassLoaderBase.clearReferencesThreads The web application [ECOAGRO] appears to have started a thread named [mysql-cj-abandoned-connection-cleanup] but has failed to stop it. This is very likely to create a memory leak. Stack trace of thread:
 java.base/java.lang.Object.wait0(Native Method)
 java.base/java.lang.Object.wait(Unknown Source)
 java.base/java.lang.ref.ReferenceQueue.remove0(Unknown Source)
 java.base/java.lang.ref.ReferenceQueue.remove(Unknown Source)
 com.mysql.cj.jdbc.AbandonedConnectionCleanupThread.run(AbandonedConnectionCleanupThread.java:84)
 java.base/java.util.concurrent.ThreadPoolExecutor.runWorker(Unknown Source)
 java.base/java.util.concurrent.ThreadPoolExecutor$Worker.run(Unknown Source)
 java.base/java.lang.Thread.run(Unknown Source)
28-Sep-2026 11:02:09.117 INFORMACIÓN [main] org.apache.coyote.AbstractProtocol.stop Stopping ProtocolHandler ["http-nio-8080"]
28-Sep-2026 11:02:09.128 INFORMACIÓN [main] org.apache.coyote.AbstractProtocol.destroy Destroying ProtocolHandler ["http-nio-8080"]
28-Sep-2026 11:02:21.389 INFORMACIÓN [main] org.apache.catalina.startup.VersionLoggerListener.log Nombre de la versión del servidor: Apache Tomcat/11.0.25
28-Sep-2026 11:02:21.392 INFORMACIÓN [main] org.apache.catalina.startup.VersionLoggerListener.log Server built:                      Aug 12 2026 12:46:04 UTC
28-Sep-2026 11:02:21.393 INFORMACIÓN [main] org.apache.catalina.startup.VersionLoggerListener.log Número de versión de servidor:     11.0.25.0
28-Sep-2026 11:02:21.393 INFORMACIÓN [main] org.apache.catalina.startup.VersionLoggerListener.log OS Name:                           Windows 11
28-Sep-2026 11:02:21.394 INFORMACIÓN [main] org.apache.catalina.startup.VersionLoggerListener.log Versión de Systema Operativo:      10.0
28-Sep-2026 11:02:21.394 INFORMACIÓN [main] org.apache.catalina.startup.VersionLoggerListener.log Arquitectura:                      amd64
28-Sep-2026 11:02:21.394 INFORMACIÓN [main] org.apache.catalina.startup.VersionLoggerListener.log Java Home:                         C:\Program Files\Android\Android Studio\jbr
28-Sep-2026 11:02:21.395 INFORMACIÓN [main] org.apache.catalina.startup.VersionLoggerListener.log JVM Version:                       25.0.3+-15898627-b508.16
28-Sep-2026 11:02:21.395 INFORMACIÓN [main] org.apache.catalina.startup.VersionLoggerListener.log Vededor JVM:                       JetBrains s.r.o.
28-Sep-2026 11:02:21.396 INFORMACIÓN [main] org.apache.catalina.startup.VersionLoggerListener.log CATALINA_BASE:                     C:\DEV2\ECOAGRO-main (3)\apache-tomcat-11.0.25
28-Sep-2026 11:02:21.396 INFORMACIÓN [main] org.apache.catalina.startup.VersionLoggerListener.log CATALINA_HOME:                     C:\DEV2\ECOAGRO-main (3)\apache-tomcat-11.0.25
28-Sep-2026 11:02:21.410 INFORMACIÓN [main] org.apache.catalina.startup.VersionLoggerListener.log Command line argument:             -Djava.util.logging.config.file=C:\DEV2\ECOAGRO-main (3)\apache-tomcat-11.0.25\conf\logging.properties
28-Sep-2026 11:02:21.410 INFORMACIÓN [main] org.apache.catalina.startup.VersionLoggerListener.log Command line argument:             -Djava.util.logging.manager=org.apache.juli.ClassLoaderLogManager
28-Sep-2026 11:02:21.411 INFORMACIÓN [main] org.apache.catalina.startup.VersionLoggerListener.log Command line argument:             -Djdk.tls.ephemeralDHKeySize=2048
28-Sep-2026 11:02:21.411 INFORMACIÓN [main] org.apache.catalina.startup.VersionLoggerListener.log Command line argument:             --add-opens=java.base/java.lang=ALL-UNNAMED
28-Sep-2026 11:02:21.412 INFORMACIÓN [main] org.apache.catalina.startup.VersionLoggerListener.log Command line argument:             --add-opens=java.base/java.lang.reflect=ALL-UNNAMED
28-Sep-2026 11:02:21.412 INFORMACIÓN [main] org.apache.catalina.startup.VersionLoggerListener.log Command line argument:             --add-opens=java.base/java.io=ALL-UNNAMED
28-Sep-2026 11:02:21.413 INFORMACIÓN [main] org.apache.catalina.startup.VersionLoggerListener.log Command line argument:             --add-opens=java.base/java.util=ALL-UNNAMED
28-Sep-2026 11:02:21.413 INFORMACIÓN [main] org.apache.catalina.startup.VersionLoggerListener.log Command line argument:             --add-opens=java.base/java.util.concurrent=ALL-UNNAMED
28-Sep-2026 11:02:21.415 INFORMACIÓN [main] org.apache.catalina.startup.VersionLoggerListener.log Command line argument:             --add-opens=java.rmi/sun.rmi.transport=ALL-UNNAMED
28-Sep-2026 11:02:21.415 INFORMACIÓN [main] org.apache.catalina.startup.VersionLoggerListener.log Command line argument:             --enable-native-access=ALL-UNNAMED
28-Sep-2026 11:02:21.416 INFORMACIÓN [main] org.apache.catalina.startup.VersionLoggerListener.log Command line argument:             -Dcatalina.base=C:\DEV2\ECOAGRO-main (3)\apache-tomcat-11.0.25
28-Sep-2026 11:02:21.416 INFORMACIÓN [main] org.apache.catalina.startup.VersionLoggerListener.log Command line argument:             -Dcatalina.home=C:\DEV2\ECOAGRO-main (3)\apache-tomcat-11.0.25
28-Sep-2026 11:02:21.416 INFORMACIÓN [main] org.apache.catalina.startup.VersionLoggerListener.log Command line argument:             -Djava.io.tmpdir=C:\DEV2\ECOAGRO-main (3)\apache-tomcat-11.0.25\temp
28-Sep-2026 11:02:21.422 INFORMACIÓN [main] org.apache.catalina.core.AprLifecycleListener.lifecycleEvent Cargada la biblioteca nativa APR de Apache Tomcat [2.0.15] con la versión APR [1.7.6].
28-Sep-2026 11:02:21.433 INFORMACIÓN [main] org.apache.catalina.core.AprLifecycleListener.initializeSSL OpenSSL inicializado correctamente [OpenSSL 3.5.7 9 Jun 2026]
28-Sep-2026 11:02:21.822 INFORMACIÓN [main] org.apache.coyote.AbstractProtocol.init Inicializando el manejador de protocolo ["http-nio-8080"]

28-Sep-2026 11:02:21.858 INFORMACIÓN [main] org.apache.catalina.startup.Catalina.load Server initialization in [728] milliseconds
28-Sep-2026 11:02:21.933 INFORMACIÓN [main] org.apache.catalina.core.StandardService.startInternal Arrancando servicio [Catalina]
28-Sep-2026 11:02:21.934 INFORMACIÓN [main] org.apache.catalina.core.StandardEngine.startInternal Starting Servlet engine: [Apache Tomcat/11.0.25]
28-Sep-2026 11:02:21.952 INFORMACIÓN [main] org.apache.catalina.startup.HostConfig.deployDescriptor Desplieque del descriptor de configuración [C:\DEV2\ECOAGRO-main (3)\apache-tomcat-11.0.25\conf\Catalina\localhost\ROOT.xml]
28-Sep-2026 11:02:21.986 ADVERTENCIA [main] org.apache.catalina.startup.HostConfig.deployDescriptor The path attribute with value [] in deployment descriptor [C:\DEV2\ECOAGRO-main (3)\apache-tomcat-11.0.25\conf\Catalina\localhost\ROOT.xml] has been ignored
28-Sep-2026 11:02:22.037 GRAVE [main] org.apache.catalina.startup.HostConfig.deployDescriptor Error durante el despliegue del descriptor de configuración [C:\DEV2\ECOAGRO-main (3)\apache-tomcat-11.0.25\conf\Catalina\localhost\ROOT.xml]
	java.lang.IllegalStateException: Error starting child
		at org.apache.catalina.core.ContainerBase.addChild(ContainerBase.java:586)
		at org.apache.catalina.core.StandardHost.addChild(StandardHost.java:677)
		at org.apache.catalina.startup.HostConfig.deployDescriptor(HostConfig.java:628)
		at org.apache.catalina.startup.HostConfig$DeployDescriptor.run(HostConfig.java:1861)
		at java.base/java.util.concurrent.Executors$RunnableAdapter.call(Unknown Source)
		at java.base/java.util.concurrent.FutureTask.run(Unknown Source)
		at org.apache.tomcat.util.threads.InlineExecutorService.execute(InlineExecutorService.java:92)
		at java.base/java.util.concurrent.AbstractExecutorService.submit(Unknown Source)
		at org.apache.catalina.startup.HostConfig.deployDescriptors(HostConfig.java:517)
		at org.apache.catalina.startup.HostConfig.deployApps(HostConfig.java:408)
		at org.apache.catalina.startup.HostConfig.start(HostConfig.java:1606)
		at org.apache.catalina.startup.HostConfig.lifecycleEvent(HostConfig.java:286)
		at org.apache.catalina.util.LifecycleBase.fireLifecycleEvent(LifecycleBase.java:115)
		at org.apache.catalina.util.LifecycleBase.setStateInternal(LifecycleBase.java:395)
		at org.apache.catalina.util.LifecycleBase.setState(LifecycleBase.java:342)
		at org.apache.catalina.core.ContainerBase.startInternal(ContainerBase.java:759)
		at org.apache.catalina.core.StandardHost.startInternal(StandardHost.java:794)
		at org.apache.catalina.util.LifecycleBase.start(LifecycleBase.java:170)
		at org.apache.catalina.core.ContainerBase$StartChild.call(ContainerBase.java:1204)
		at org.apache.catalina.core.ContainerBase$StartChild.call(ContainerBase.java:1200)
		at java.base/java.util.concurrent.FutureTask.run(Unknown Source)
		at org.apache.tomcat.util.threads.InlineExecutorService.execute(InlineExecutorService.java:92)
		at java.base/java.util.concurrent.AbstractExecutorService.submit(Unknown Source)
		at org.apache.catalina.core.ContainerBase.startInternal(ContainerBase.java:732)
		at org.apache.catalina.core.StandardEngine.startInternal(StandardEngine.java:201)
		at org.apache.catalina.util.LifecycleBase.start(LifecycleBase.java:170)
		at org.apache.catalina.core.StandardService.startInternal(StandardService.java:433)
		at org.apache.catalina.util.LifecycleBase.start(LifecycleBase.java:170)
		at org.apache.catalina.core.StandardServer.startInternal(StandardServer.java:871)
		at org.apache.catalina.util.LifecycleBase.start(LifecycleBase.java:170)
		at org.apache.catalina.startup.Catalina.start(Catalina.java:883)
		at java.base/jdk.internal.reflect.DirectMethodHandleAccessor.invoke(Unknown Source)
		at java.base/java.lang.reflect.Method.invoke(Unknown Source)
		at org.apache.catalina.startup.Bootstrap.start(Bootstrap.java:345)
		at org.apache.catalina.startup.Bootstrap.main(Bootstrap.java:482)
	Caused by: org.apache.catalina.LifecycleException: Failed to start component [org.apache.catalina.webresources.StandardRoot@45efc20d]
		at org.apache.catalina.util.LifecycleBase.handleSubClassException(LifecycleBase.java:410)
		at org.apache.catalina.util.LifecycleBase.start(LifecycleBase.java:185)
		at org.apache.catalina.core.StandardContext.resourcesStart(StandardContext.java:4304)
		at org.apache.catalina.core.StandardContext.startInternal(StandardContext.java:4426)
		at org.apache.catalina.util.LifecycleBase.start(LifecycleBase.java:170)
		at org.apache.catalina.core.ContainerBase.addChild(ContainerBase.java:583)
		... 34 more
	Caused by: java.lang.IllegalArgumentException: The main resource set specified [C:\Users\juant\Documents\ECOAGRO\ECOAGRO\target\ECOAGRO-1.0-SNAPSHOT] is not a directory or war file, or is not readable (it does not exist or permissions to access it are missing)
		at org.apache.catalina.webresources.StandardRoot.createMainResourceSet(StandardRoot.java:813)
		at org.apache.catalina.webresources.StandardRoot.startInternal(StandardRoot.java:765)
		at org.apache.catalina.util.LifecycleBase.start(LifecycleBase.java:170)
		... 38 more
28-Sep-2026 11:02:22.052 INFORMACIÓN [main] org.apache.catalina.startup.HostConfig.deployDescriptor Deployment of deployment descriptor [C:\DEV2\ECOAGRO-main (3)\apache-tomcat-11.0.25\conf\Catalina\localhost\ROOT.xml] has finished in [89] ms
28-Sep-2026 11:02:22.060 INFORMACIÓN [main] org.apache.catalina.startup.HostConfig.deployWAR Despliegue del archivo [C:\DEV2\ECOAGRO-main (3)\apache-tomcat-11.0.25\webapps\ECOAGRO.war] de la aplicación web
28-Sep-2026 11:02:23.711 INFORMACIÓN [main] org.apache.jasper.servlet.TldScanner.scanJars Al menos un JAR, que se ha explorado buscando TLDs, aún no contenía TLDs. Activar historial de depuración para este historiador para una completa lista de los JARs que fueron explorados y de los que nos se halló TLDs. Saltarse JARs no necesarios durante la exploración puede dar lugar a una mejora de tiempo significativa en el arranque y compilación de JSP .
28-Sep-2026 11:02:23.795 INFORMACIÓN [main] org.apache.catalina.startup.HostConfig.deployWAR Deployment of web application archive [C:\DEV2\ECOAGRO-main (3)\apache-tomcat-11.0.25\webapps\ECOAGRO.war] has finished in [1.735] ms
28-Sep-2026 11:02:23.796 INFORMACIÓN [main] org.apache.catalina.startup.HostConfig.deployDirectory Desplegando el directorio [C:\DEV2\ECOAGRO-main (3)\apache-tomcat-11.0.25\webapps\docs] de la aplicación web
28-Sep-2026 11:02:24.488 INFORMACIÓN [main] org.apache.jasper.servlet.TldScanner.scanJars Al menos un JAR, que se ha explorado buscando TLDs, aún no contenía TLDs. Activar historial de depuración para este historiador para una completa lista de los JARs que fueron explorados y de los que nos se halló TLDs. Saltarse JARs no necesarios durante la exploración puede dar lugar a una mejora de tiempo significativa en el arranque y compilación de JSP .
28-Sep-2026 11:02:24.492 INFORMACIÓN [main] org.apache.catalina.startup.HostConfig.deployDirectory Deployment of web application directory [C:\DEV2\ECOAGRO-main (3)\apache-tomcat-11.0.25\webapps\docs] has finished in [696] ms
28-Sep-2026 11:02:24.492 INFORMACIÓN [main] org.apache.catalina.startup.HostConfig.deployDirectory Desplegando el directorio [C:\DEV2\ECOAGRO-main (3)\apache-tomcat-11.0.25\webapps\examples] de la aplicación web
28-Sep-2026 11:02:25.442 INFORMACIÓN [main] org.apache.jasper.servlet.TldScanner.scanJars Al menos un JAR, que se ha explorado buscando TLDs, aún no contenía TLDs. Activar historial de depuración para este historiador para una completa lista de los JARs que fueron explorados y de los que nos se halló TLDs. Saltarse JARs no necesarios durante la exploración puede dar lugar a una mejora de tiempo significativa en el arranque y compilación de JSP .
28-Sep-2026 11:02:25.572 INFORMACIÓN [main] org.apache.catalina.startup.HostConfig.deployDirectory Deployment of web application directory [C:\DEV2\ECOAGRO-main (3)\apache-tomcat-11.0.25\webapps\examples] has finished in [1.080] ms
28-Sep-2026 11:02:25.573 INFORMACIÓN [main] org.apache.catalina.startup.HostConfig.deployDirectory Desplegando el directorio [C:\DEV2\ECOAGRO-main (3)\apache-tomcat-11.0.25\webapps\host-manager] de la aplicación web
28-Sep-2026 11:02:26.704 INFORMACIÓN [main] org.apache.jasper.servlet.TldScanner.scanJars Al menos un JAR, que se ha explorado buscando TLDs, aún no contenía TLDs. Activar historial de depuración para este historiador para una completa lista de los JARs que fueron explorados y de los que nos se halló TLDs. Saltarse JARs no necesarios durante la exploración puede dar lugar a una mejora de tiempo significativa en el arranque y compilación de JSP .
28-Sep-2026 11:02:26.715 INFORMACIÓN [main] org.apache.catalina.startup.HostConfig.deployDirectory Deployment of web application directory [C:\DEV2\ECOAGRO-main (3)\apache-tomcat-11.0.25\webapps\host-manager] has finished in [1.142] ms
28-Sep-2026 11:02:26.715 INFORMACIÓN [main] org.apache.catalina.startup.HostConfig.deployDirectory Desplegando el directorio [C:\DEV2\ECOAGRO-main (3)\apache-tomcat-11.0.25\webapps\manager] de la aplicación web
28-Sep-2026 11:02:27.424 INFORMACIÓN [main] org.apache.jasper.servlet.TldScanner.scanJars Al menos un JAR, que se ha explorado buscando TLDs, aún no contenía TLDs. Activar historial de depuración para este historiador para una completa lista de los JARs que fueron explorados y de los que nos se halló TLDs. Saltarse JARs no necesarios durante la exploración puede dar lugar a una mejora de tiempo significativa en el arranque y compilación de JSP .
28-Sep-2026 11:02:27.429 INFORMACIÓN [main] org.apache.catalina.startup.HostConfig.deployDirectory Deployment of web application directory [C:\DEV2\ECOAGRO-main (3)\apache-tomcat-11.0.25\webapps\manager] has finished in [713] ms
28-Sep-2026 11:02:27.437 INFORMACIÓN [main] org.apache.coyote.AbstractProtocol.start Starting ProtocolHandler ["http-nio-8080"]
28-Sep-2026 11:02:27.478 INFORMACIÓN [main] org.apache.catalina.startup.Catalina.start Server startup in [5617] milliseconds
