09-Sep-2026 15:46:47.577 INFORMACIÓN [main] org.apache.catalina.startup.VersionLoggerListener.log Nombre de la versión del servidor: Apache Tomcat/11.0.25
09-Sep-2026 15:46:47.579 INFORMACIÓN [main] org.apache.catalina.startup.VersionLoggerListener.log Server built:                      Aug 12 2026 12:46:04 UTC
09-Sep-2026 15:46:47.579 INFORMACIÓN [main] org.apache.catalina.startup.VersionLoggerListener.log Número de versión de servidor:     11.0.25.0
09-Sep-2026 15:46:47.579 INFORMACIÓN [main] org.apache.catalina.startup.VersionLoggerListener.log OS Name:                           Windows 11
09-Sep-2026 15:46:47.580 INFORMACIÓN [main] org.apache.catalina.startup.VersionLoggerListener.log Versión de Systema Operativo:      10.0
09-Sep-2026 15:46:47.580 INFORMACIÓN [main] org.apache.catalina.startup.VersionLoggerListener.log Arquitectura:                      amd64
09-Sep-2026 15:46:47.580 INFORMACIÓN [main] org.apache.catalina.startup.VersionLoggerListener.log Java Home:                         C:\Program Files\Apache NetBeans\jdk
09-Sep-2026 15:46:47.580 INFORMACIÓN [main] org.apache.catalina.startup.VersionLoggerListener.log JVM Version:                       26.0.2+10
09-Sep-2026 15:46:47.580 INFORMACIÓN [main] org.apache.catalina.startup.VersionLoggerListener.log Vededor JVM:                       Eclipse Adoptium
09-Sep-2026 15:46:47.580 INFORMACIÓN [main] org.apache.catalina.startup.VersionLoggerListener.log CATALINA_BASE:                     C:\Users\juant\Documents\ECOAGRO\apache-tomcat-11.0.25
09-Sep-2026 15:46:47.580 INFORMACIÓN [main] org.apache.catalina.startup.VersionLoggerListener.log CATALINA_HOME:                     C:\Users\juant\Documents\ECOAGRO\apache-tomcat-11.0.25
09-Sep-2026 15:46:47.588 INFORMACIÓN [main] org.apache.catalina.startup.VersionLoggerListener.log Command line argument:             -Djava.util.logging.config.file=C:\Users\juant\Documents\ECOAGRO\apache-tomcat-11.0.25\conf\logging.properties
09-Sep-2026 15:46:47.588 INFORMACIÓN [main] org.apache.catalina.startup.VersionLoggerListener.log Command line argument:             -Djava.util.logging.manager=org.apache.juli.ClassLoaderLogManager
09-Sep-2026 15:46:47.588 INFORMACIÓN [main] org.apache.catalina.startup.VersionLoggerListener.log Command line argument:             -Djdk.tls.ephemeralDHKeySize=2048
09-Sep-2026 15:46:47.588 INFORMACIÓN [main] org.apache.catalina.startup.VersionLoggerListener.log Command line argument:             --add-opens=java.base/java.lang=ALL-UNNAMED
09-Sep-2026 15:46:47.588 INFORMACIÓN [main] org.apache.catalina.startup.VersionLoggerListener.log Command line argument:             --add-opens=java.base/java.lang.reflect=ALL-UNNAMED
09-Sep-2026 15:46:47.588 INFORMACIÓN [main] org.apache.catalina.startup.VersionLoggerListener.log Command line argument:             --add-opens=java.base/java.io=ALL-UNNAMED
09-Sep-2026 15:46:47.588 INFORMACIÓN [main] org.apache.catalina.startup.VersionLoggerListener.log Command line argument:             --add-opens=java.base/java.util=ALL-UNNAMED
09-Sep-2026 15:46:47.588 INFORMACIÓN [main] org.apache.catalina.startup.VersionLoggerListener.log Command line argument:             --add-opens=java.base/java.util.concurrent=ALL-UNNAMED
09-Sep-2026 15:46:47.588 INFORMACIÓN [main] org.apache.catalina.startup.VersionLoggerListener.log Command line argument:             --add-opens=java.rmi/sun.rmi.transport=ALL-UNNAMED
09-Sep-2026 15:46:47.588 INFORMACIÓN [main] org.apache.catalina.startup.VersionLoggerListener.log Command line argument:             --enable-native-access=ALL-UNNAMED
09-Sep-2026 15:46:47.589 INFORMACIÓN [main] org.apache.catalina.startup.VersionLoggerListener.log Command line argument:             -Dcatalina.base=C:\Users\juant\Documents\ECOAGRO\apache-tomcat-11.0.25
09-Sep-2026 15:46:47.589 INFORMACIÓN [main] org.apache.catalina.startup.VersionLoggerListener.log Command line argument:             -Dcatalina.home=C:\Users\juant\Documents\ECOAGRO\apache-tomcat-11.0.25
09-Sep-2026 15:46:47.589 INFORMACIÓN [main] org.apache.catalina.startup.VersionLoggerListener.log Command line argument:             -Djava.io.tmpdir=C:\Users\juant\Documents\ECOAGRO\apache-tomcat-11.0.25\temp
09-Sep-2026 15:46:47.677 INFORMACIÓN [main] org.apache.catalina.core.AprLifecycleListener.lifecycleEvent Cargada la biblioteca nativa APR de Apache Tomcat [2.0.15] con la versión APR [1.7.6].
09-Sep-2026 15:46:47.700 INFORMACIÓN [main] org.apache.catalina.core.AprLifecycleListener.initializeSSL OpenSSL inicializado correctamente [OpenSSL 3.5.7 9 Jun 2026]
09-Sep-2026 15:46:47.903 INFORMACIÓN [main] org.apache.coyote.AbstractProtocol.init Inicializando el manejador de protocolo ["http-nio-8080"]

09-Sep-2026 15:46:47.922 INFORMACIÓN [main] org.apache.catalina.startup.Catalina.load Server initialization in [529] milliseconds
09-Sep-2026 15:46:47.974 INFORMACIÓN [main] org.apache.catalina.core.StandardService.startInternal Arrancando servicio [Catalina]
09-Sep-2026 15:46:47.974 INFORMACIÓN [main] org.apache.catalina.core.StandardEngine.startInternal Starting Servlet engine: [Apache Tomcat/11.0.25]
09-Sep-2026 15:46:47.983 INFORMACIÓN [main] org.apache.catalina.startup.HostConfig.deployDirectory Desplegando el directorio [C:\Users\juant\Documents\ECOAGRO\apache-tomcat-11.0.25\webapps\docs] de la aplicación web
09-Sep-2026 15:46:48.235 INFORMACIÓN [main] org.apache.catalina.startup.HostConfig.deployDirectory Deployment of web application directory [C:\Users\juant\Documents\ECOAGRO\apache-tomcat-11.0.25\webapps\docs] has finished in [248] ms
09-Sep-2026 15:46:48.235 INFORMACIÓN [main] org.apache.catalina.startup.HostConfig.deployDirectory Desplegando el directorio [C:\Users\juant\Documents\ECOAGRO\apache-tomcat-11.0.25\webapps\examples] de la aplicación web
09-Sep-2026 15:46:48.516 INFORMACIÓN [main] org.apache.catalina.startup.HostConfig.deployDirectory Deployment of web application directory [C:\Users\juant\Documents\ECOAGRO\apache-tomcat-11.0.25\webapps\examples] has finished in [280] ms
09-Sep-2026 15:46:48.516 INFORMACIÓN [main] org.apache.catalina.startup.HostConfig.deployDirectory Desplegando el directorio [C:\Users\juant\Documents\ECOAGRO\apache-tomcat-11.0.25\webapps\host-manager] de la aplicación web
09-Sep-2026 15:46:48.558 INFORMACIÓN [main] org.apache.catalina.startup.HostConfig.deployDirectory Deployment of web application directory [C:\Users\juant\Documents\ECOAGRO\apache-tomcat-11.0.25\webapps\host-manager] has finished in [42] ms
09-Sep-2026 15:46:48.558 INFORMACIÓN [main] org.apache.catalina.startup.HostConfig.deployDirectory Desplegando el directorio [C:\Users\juant\Documents\ECOAGRO\apache-tomcat-11.0.25\webapps\manager] de la aplicación web
09-Sep-2026 15:46:48.580 INFORMACIÓN [main] org.apache.catalina.startup.HostConfig.deployDirectory Deployment of web application directory [C:\Users\juant\Documents\ECOAGRO\apache-tomcat-11.0.25\webapps\manager] has finished in [22] ms
09-Sep-2026 15:46:48.581 INFORMACIÓN [main] org.apache.catalina.startup.HostConfig.deployDirectory Desplegando el directorio [C:\Users\juant\Documents\ECOAGRO\apache-tomcat-11.0.25\webapps\ROOT] de la aplicación web
09-Sep-2026 15:46:48.605 INFORMACIÓN [main] org.apache.catalina.startup.HostConfig.deployDirectory Deployment of web application directory [C:\Users\juant\Documents\ECOAGRO\apache-tomcat-11.0.25\webapps\ROOT] has finished in [25] ms
09-Sep-2026 15:46:48.608 INFORMACIÓN [main] org.apache.coyote.AbstractProtocol.start Starting ProtocolHandler ["http-nio-8080"]
09-Sep-2026 15:46:48.630 INFORMACIÓN [main] org.apache.catalina.startup.Catalina.start Server startup in [705] milliseconds
09-Sep-2026 15:46:48.736 INFORMACIÓN [http-nio-8080-exec-6] org.apache.catalina.startup.HostConfig.deployDescriptor Desplieque del descriptor de configuración [C:\Users\juant\Documents\ECOAGRO\apache-tomcat-11.0.25\conf\Catalina\localhost\ECOAGRO.xml]
09-Sep-2026 15:46:48.737 ADVERTENCIA [http-nio-8080-exec-6] org.apache.catalina.startup.HostConfig.deployDescriptor The path attribute with value [/ECOAGRO] in deployment descriptor [C:\Users\juant\Documents\ECOAGRO\apache-tomcat-11.0.25\conf\Catalina\localhost\ECOAGRO.xml] has been ignored
09-Sep-2026 15:46:48.764 INFORMACIÓN [http-nio-8080-exec-6] org.apache.catalina.startup.HostConfig.deployDescriptor Deployment of deployment descriptor [C:\Users\juant\Documents\ECOAGRO\apache-tomcat-11.0.25\conf\Catalina\localhost\ECOAGRO.xml] has finished in [28] ms
09-Sep-2026 15:46:48.767 INFORMACIÓN [http-nio-8080-exec-4] org.apache.catalina.util.LifecycleBase.start The start() method was called on component [StandardEngine[Catalina].StandardHost[localhost].StandardContext[/ECOAGRO]] after start() had already been called. The second call will be ignored.
09-Sep-2026 15:52:44.139 INFORMACIÓN [http-nio-8080-exec-4] org.apache.catalina.startup.HostConfig.undeploy Repliegue (undeploy) de la aplicación web que tiene como trayectoria de contexto [/ECOAGRO]
09-Sep-2026 15:52:44.158 INFORMACIÓN [http-nio-8080-exec-6] org.apache.catalina.startup.HostConfig.deployDescriptor Desplieque del descriptor de configuración [C:\Users\juant\Documents\ECOAGRO\apache-tomcat-11.0.25\conf\Catalina\localhost\ECOAGRO.xml]
09-Sep-2026 15:52:44.159 ADVERTENCIA [http-nio-8080-exec-6] org.apache.catalina.startup.HostConfig.deployDescriptor The path attribute with value [/ECOAGRO] in deployment descriptor [C:\Users\juant\Documents\ECOAGRO\apache-tomcat-11.0.25\conf\Catalina\localhost\ECOAGRO.xml] has been ignored
09-Sep-2026 15:52:44.184 INFORMACIÓN [http-nio-8080-exec-6] org.apache.catalina.startup.HostConfig.deployDescriptor Deployment of deployment descriptor [C:\Users\juant\Documents\ECOAGRO\apache-tomcat-11.0.25\conf\Catalina\localhost\ECOAGRO.xml] has finished in [26] ms
09-Sep-2026 15:52:44.187 INFORMACIÓN [http-nio-8080-exec-2] org.apache.catalina.util.LifecycleBase.start The start() method was called on component [StandardEngine[Catalina].StandardHost[localhost].StandardContext[/ECOAGRO]] after start() had already been called. The second call will be ignored.
09-Sep-2026 16:00:09.676 INFORMACIÓN [http-nio-8080-exec-17] org.apache.catalina.startup.HostConfig.undeploy Repliegue (undeploy) de la aplicación web que tiene como trayectoria de contexto [/ECOAGRO]
09-Sep-2026 16:00:09.686 INFORMACIÓN [http-nio-8080-exec-15] org.apache.catalina.startup.HostConfig.deployDescriptor Desplieque del descriptor de configuración [C:\Users\juant\Documents\ECOAGRO\apache-tomcat-11.0.25\conf\Catalina\localhost\ECOAGRO.xml]
09-Sep-2026 16:00:09.687 ADVERTENCIA [http-nio-8080-exec-15] org.apache.catalina.startup.HostConfig.deployDescriptor The path attribute with value [/ECOAGRO] in deployment descriptor [C:\Users\juant\Documents\ECOAGRO\apache-tomcat-11.0.25\conf\Catalina\localhost\ECOAGRO.xml] has been ignored
09-Sep-2026 16:00:09.711 INFORMACIÓN [http-nio-8080-exec-15] org.apache.catalina.startup.HostConfig.deployDescriptor Deployment of deployment descriptor [C:\Users\juant\Documents\ECOAGRO\apache-tomcat-11.0.25\conf\Catalina\localhost\ECOAGRO.xml] has finished in [24] ms
09-Sep-2026 16:00:09.713 INFORMACIÓN [http-nio-8080-exec-12] org.apache.catalina.util.LifecycleBase.start The start() method was called on component [StandardEngine[Catalina].StandardHost[localhost].StandardContext[/ECOAGRO]] after start() had already been called. The second call will be ignored.
09-Sep-2026 16:00:53.997 INFORMACIÓN [main] org.apache.catalina.core.StandardServer.await Se ha recibido un comando de apagado a través del puerto de apagado. Parando la instancia del Servidor.
09-Sep-2026 16:00:53.997 INFORMACIÓN [main] org.apache.coyote.AbstractProtocol.pause Pausing ProtocolHandler ["http-nio-8080"]
09-Sep-2026 16:00:54.003 INFORMACIÓN [main] org.apache.catalina.core.StandardService.stopInternal Parando servicio [Catalina]
09-Sep-2026 16:00:54.019 INFORMACIÓN [main] org.apache.coyote.AbstractProtocol.stop Stopping ProtocolHandler ["http-nio-8080"]
09-Sep-2026 16:00:54.027 INFORMACIÓN [main] org.apache.coyote.AbstractProtocol.destroy Destroying ProtocolHandler ["http-nio-8080"]
09-Sep-2026 16:03:18.368 INFORMACIÓN [main] org.apache.catalina.startup.VersionLoggerListener.log Nombre de la versión del servidor: Apache Tomcat/11.0.25
09-Sep-2026 16:03:18.370 INFORMACIÓN [main] org.apache.catalina.startup.VersionLoggerListener.log Server built:                      Aug 12 2026 12:46:04 UTC
09-Sep-2026 16:03:18.370 INFORMACIÓN [main] org.apache.catalina.startup.VersionLoggerListener.log Número de versión de servidor:     11.0.25.0
09-Sep-2026 16:03:18.370 INFORMACIÓN [main] org.apache.catalina.startup.VersionLoggerListener.log OS Name:                           Windows 11
09-Sep-2026 16:03:18.370 INFORMACIÓN [main] org.apache.catalina.startup.VersionLoggerListener.log Versión de Systema Operativo:      10.0
09-Sep-2026 16:03:18.370 INFORMACIÓN [main] org.apache.catalina.startup.VersionLoggerListener.log Arquitectura:                      amd64
09-Sep-2026 16:03:18.370 INFORMACIÓN [main] org.apache.catalina.startup.VersionLoggerListener.log Java Home:                         C:\Program Files\Apache NetBeans\jdk
09-Sep-2026 16:03:18.370 INFORMACIÓN [main] org.apache.catalina.startup.VersionLoggerListener.log JVM Version:                       26.0.2+10
09-Sep-2026 16:03:18.370 INFORMACIÓN [main] org.apache.catalina.startup.VersionLoggerListener.log Vededor JVM:                       Eclipse Adoptium
09-Sep-2026 16:03:18.371 INFORMACIÓN [main] org.apache.catalina.startup.VersionLoggerListener.log CATALINA_BASE:                     C:\Users\juant\Documents\ECOAGRO\apache-tomcat-11.0.25
09-Sep-2026 16:03:18.371 INFORMACIÓN [main] org.apache.catalina.startup.VersionLoggerListener.log CATALINA_HOME:                     C:\Users\juant\Documents\ECOAGRO\apache-tomcat-11.0.25
09-Sep-2026 16:03:18.377 INFORMACIÓN [main] org.apache.catalina.startup.VersionLoggerListener.log Command line argument:             -Djava.util.logging.config.file=C:\Users\juant\Documents\ECOAGRO\apache-tomcat-11.0.25\conf\logging.properties
09-Sep-2026 16:03:18.377 INFORMACIÓN [main] org.apache.catalina.startup.VersionLoggerListener.log Command line argument:             -Djava.util.logging.manager=org.apache.juli.ClassLoaderLogManager
09-Sep-2026 16:03:18.378 INFORMACIÓN [main] org.apache.catalina.startup.VersionLoggerListener.log Command line argument:             -Djdk.tls.ephemeralDHKeySize=2048
09-Sep-2026 16:03:18.378 INFORMACIÓN [main] org.apache.catalina.startup.VersionLoggerListener.log Command line argument:             --add-opens=java.base/java.lang=ALL-UNNAMED
09-Sep-2026 16:03:18.378 INFORMACIÓN [main] org.apache.catalina.startup.VersionLoggerListener.log Command line argument:             --add-opens=java.base/java.lang.reflect=ALL-UNNAMED
09-Sep-2026 16:03:18.378 INFORMACIÓN [main] org.apache.catalina.startup.VersionLoggerListener.log Command line argument:             --add-opens=java.base/java.io=ALL-UNNAMED
09-Sep-2026 16:03:18.378 INFORMACIÓN [main] org.apache.catalina.startup.VersionLoggerListener.log Command line argument:             --add-opens=java.base/java.util=ALL-UNNAMED
09-Sep-2026 16:03:18.378 INFORMACIÓN [main] org.apache.catalina.startup.VersionLoggerListener.log Command line argument:             --add-opens=java.base/java.util.concurrent=ALL-UNNAMED
09-Sep-2026 16:03:18.378 INFORMACIÓN [main] org.apache.catalina.startup.VersionLoggerListener.log Command line argument:             --add-opens=java.rmi/sun.rmi.transport=ALL-UNNAMED
09-Sep-2026 16:03:18.378 INFORMACIÓN [main] org.apache.catalina.startup.VersionLoggerListener.log Command line argument:             --enable-native-access=ALL-UNNAMED
09-Sep-2026 16:03:18.378 INFORMACIÓN [main] org.apache.catalina.startup.VersionLoggerListener.log Command line argument:             -Dcatalina.base=C:\Users\juant\Documents\ECOAGRO\apache-tomcat-11.0.25
09-Sep-2026 16:03:18.378 INFORMACIÓN [main] org.apache.catalina.startup.VersionLoggerListener.log Command line argument:             -Dcatalina.home=C:\Users\juant\Documents\ECOAGRO\apache-tomcat-11.0.25
09-Sep-2026 16:03:18.378 INFORMACIÓN [main] org.apache.catalina.startup.VersionLoggerListener.log Command line argument:             -Djava.io.tmpdir=C:\Users\juant\Documents\ECOAGRO\apache-tomcat-11.0.25\temp
09-Sep-2026 16:03:18.462 INFORMACIÓN [main] org.apache.catalina.core.AprLifecycleListener.lifecycleEvent Cargada la biblioteca nativa APR de Apache Tomcat [2.0.15] con la versión APR [1.7.6].
09-Sep-2026 16:03:18.473 INFORMACIÓN [main] org.apache.catalina.core.AprLifecycleListener.initializeSSL OpenSSL inicializado correctamente [OpenSSL 3.5.7 9 Jun 2026]
09-Sep-2026 16:03:18.684 INFORMACIÓN [main] org.apache.coyote.AbstractProtocol.init Inicializando el manejador de protocolo ["http-nio-8080"]

09-Sep-2026 16:03:18.701 INFORMACIÓN [main] org.apache.catalina.startup.Catalina.load Server initialization in [496] milliseconds
09-Sep-2026 16:03:18.746 INFORMACIÓN [main] org.apache.catalina.core.StandardService.startInternal Arrancando servicio [Catalina]
09-Sep-2026 16:03:18.746 INFORMACIÓN [main] org.apache.catalina.core.StandardEngine.startInternal Starting Servlet engine: [Apache Tomcat/11.0.25]
09-Sep-2026 16:03:18.753 INFORMACIÓN [main] org.apache.catalina.startup.HostConfig.deployDescriptor Desplieque del descriptor de configuración [C:\Users\juant\Documents\ECOAGRO\apache-tomcat-11.0.25\conf\Catalina\localhost\ECOAGRO.xml]
09-Sep-2026 16:03:18.764 ADVERTENCIA [main] org.apache.catalina.startup.HostConfig.deployDescriptor The path attribute with value [/ECOAGRO] in deployment descriptor [C:\Users\juant\Documents\ECOAGRO\apache-tomcat-11.0.25\conf\Catalina\localhost\ECOAGRO.xml] has been ignored
09-Sep-2026 16:03:18.982 INFORMACIÓN [main] org.apache.catalina.startup.HostConfig.deployDescriptor Deployment of deployment descriptor [C:\Users\juant\Documents\ECOAGRO\apache-tomcat-11.0.25\conf\Catalina\localhost\ECOAGRO.xml] has finished in [227] ms
09-Sep-2026 16:03:18.983 INFORMACIÓN [main] org.apache.catalina.startup.HostConfig.deployDirectory Desplegando el directorio [C:\Users\juant\Documents\ECOAGRO\apache-tomcat-11.0.25\webapps\docs] de la aplicación web
09-Sep-2026 16:03:19.015 INFORMACIÓN [main] org.apache.catalina.startup.HostConfig.deployDirectory Deployment of web application directory [C:\Users\juant\Documents\ECOAGRO\apache-tomcat-11.0.25\webapps\docs] has finished in [32] ms
09-Sep-2026 16:03:19.016 INFORMACIÓN [main] org.apache.catalina.startup.HostConfig.deployDirectory Desplegando el directorio [C:\Users\juant\Documents\ECOAGRO\apache-tomcat-11.0.25\webapps\examples] de la aplicación web
09-Sep-2026 16:03:19.283 INFORMACIÓN [main] org.apache.catalina.startup.HostConfig.deployDirectory Deployment of web application directory [C:\Users\juant\Documents\ECOAGRO\apache-tomcat-11.0.25\webapps\examples] has finished in [267] ms
09-Sep-2026 16:03:19.283 INFORMACIÓN [main] org.apache.catalina.startup.HostConfig.deployDirectory Desplegando el directorio [C:\Users\juant\Documents\ECOAGRO\apache-tomcat-11.0.25\webapps\host-manager] de la aplicación web
09-Sep-2026 16:03:19.313 INFORMACIÓN [main] org.apache.catalina.startup.HostConfig.deployDirectory Deployment of web application directory [C:\Users\juant\Documents\ECOAGRO\apache-tomcat-11.0.25\webapps\host-manager] has finished in [29] ms
09-Sep-2026 16:03:19.313 INFORMACIÓN [main] org.apache.catalina.startup.HostConfig.deployDirectory Desplegando el directorio [C:\Users\juant\Documents\ECOAGRO\apache-tomcat-11.0.25\webapps\manager] de la aplicación web
09-Sep-2026 16:03:19.338 INFORMACIÓN [main] org.apache.catalina.startup.HostConfig.deployDirectory Deployment of web application directory [C:\Users\juant\Documents\ECOAGRO\apache-tomcat-11.0.25\webapps\manager] has finished in [25] ms
09-Sep-2026 16:03:19.338 INFORMACIÓN [main] org.apache.catalina.startup.HostConfig.deployDirectory Desplegando el directorio [C:\Users\juant\Documents\ECOAGRO\apache-tomcat-11.0.25\webapps\ROOT] de la aplicación web
09-Sep-2026 16:03:19.352 INFORMACIÓN [main] org.apache.catalina.startup.HostConfig.deployDirectory Deployment of web application directory [C:\Users\juant\Documents\ECOAGRO\apache-tomcat-11.0.25\webapps\ROOT] has finished in [14] ms
09-Sep-2026 16:03:19.355 INFORMACIÓN [main] org.apache.coyote.AbstractProtocol.start Starting ProtocolHandler ["http-nio-8080"]
09-Sep-2026 16:03:19.373 INFORMACIÓN [main] org.apache.catalina.startup.Catalina.start Server startup in [670] milliseconds
09-Sep-2026 16:03:19.969 INFORMACIÓN [http-nio-8080-exec-8] org.apache.catalina.startup.HostConfig.undeploy Repliegue (undeploy) de la aplicación web que tiene como trayectoria de contexto [/ECOAGRO]
09-Sep-2026 16:03:20.006 INFORMACIÓN [http-nio-8080-exec-3] org.apache.catalina.startup.HostConfig.deployDescriptor Desplieque del descriptor de configuración [C:\Users\juant\Documents\ECOAGRO\apache-tomcat-11.0.25\conf\Catalina\localhost\ECOAGRO.xml]
09-Sep-2026 16:03:20.007 ADVERTENCIA [http-nio-8080-exec-3] org.apache.catalina.startup.HostConfig.deployDescriptor The path attribute with value [/ECOAGRO] in deployment descriptor [C:\Users\juant\Documents\ECOAGRO\apache-tomcat-11.0.25\conf\Catalina\localhost\ECOAGRO.xml] has been ignored
09-Sep-2026 16:03:20.029 INFORMACIÓN [http-nio-8080-exec-3] org.apache.catalina.startup.HostConfig.deployDescriptor Deployment of deployment descriptor [C:\Users\juant\Documents\ECOAGRO\apache-tomcat-11.0.25\conf\Catalina\localhost\ECOAGRO.xml] has finished in [22] ms
09-Sep-2026 16:03:20.032 INFORMACIÓN [http-nio-8080-exec-10] org.apache.catalina.util.LifecycleBase.start The start() method was called on component [StandardEngine[Catalina].StandardHost[localhost].StandardContext[/ECOAGRO]] after start() had already been called. The second call will be ignored.
09-Sep-2026 16:07:09.641 INFORMACIÓN [Catalina-utility-1] org.apache.catalina.startup.HostConfig.reload Falló la recarga del contexto [/ECOAGRO]
09-Sep-2026 16:07:09.641 INFORMACIÓN [Catalina-utility-1] org.apache.catalina.core.StandardContext.reload Ha comenzado la recarga de Contexto [/ECOAGRO]
09-Sep-2026 16:07:09.687 INFORMACIÓN [Catalina-utility-1] org.apache.catalina.core.StandardContext.reload Se ha completado la recarga de este Contexto
09-Sep-2026 18:57:24.995 INFORMACIÓN [main] org.apache.catalina.core.StandardServer.await Se ha recibido un comando de apagado a través del puerto de apagado. Parando la instancia del Servidor.
09-Sep-2026 18:57:25.000 INFORMACIÓN [main] org.apache.coyote.AbstractProtocol.pause Pausing ProtocolHandler ["http-nio-8080"]
09-Sep-2026 18:57:25.012 INFORMACIÓN [main] org.apache.catalina.core.StandardService.stopInternal Parando servicio [Catalina]
09-Sep-2026 18:57:25.039 INFORMACIÓN [main] org.apache.coyote.AbstractProtocol.stop Stopping ProtocolHandler ["http-nio-8080"]
09-Sep-2026 18:57:25.050 INFORMACIÓN [main] org.apache.coyote.AbstractProtocol.destroy Destroying ProtocolHandler ["http-nio-8080"]
09-Sep-2026 19:01:59.665 INFORMACIÓN [main] org.apache.catalina.startup.VersionLoggerListener.log Nombre de la versión del servidor: Apache Tomcat/11.0.25
09-Sep-2026 19:01:59.668 INFORMACIÓN [main] org.apache.catalina.startup.VersionLoggerListener.log Server built:                      Aug 12 2026 12:46:04 UTC
09-Sep-2026 19:01:59.668 INFORMACIÓN [main] org.apache.catalina.startup.VersionLoggerListener.log Número de versión de servidor:     11.0.25.0
09-Sep-2026 19:01:59.668 INFORMACIÓN [main] org.apache.catalina.startup.VersionLoggerListener.log OS Name:                           Windows 11
09-Sep-2026 19:01:59.668 INFORMACIÓN [main] org.apache.catalina.startup.VersionLoggerListener.log Versión de Systema Operativo:      10.0
09-Sep-2026 19:01:59.669 INFORMACIÓN [main] org.apache.catalina.startup.VersionLoggerListener.log Arquitectura:                      amd64
09-Sep-2026 19:01:59.669 INFORMACIÓN [main] org.apache.catalina.startup.VersionLoggerListener.log Java Home:                         C:\Program Files\Apache NetBeans\jdk
09-Sep-2026 19:01:59.669 INFORMACIÓN [main] org.apache.catalina.startup.VersionLoggerListener.log JVM Version:                       26.0.2+10
09-Sep-2026 19:01:59.669 INFORMACIÓN [main] org.apache.catalina.startup.VersionLoggerListener.log Vededor JVM:                       Eclipse Adoptium
09-Sep-2026 19:01:59.669 INFORMACIÓN [main] org.apache.catalina.startup.VersionLoggerListener.log CATALINA_BASE:                     C:\Users\juant\Documents\ECOAGRO\apache-tomcat-11.0.25
09-Sep-2026 19:01:59.669 INFORMACIÓN [main] org.apache.catalina.startup.VersionLoggerListener.log CATALINA_HOME:                     C:\Users\juant\Documents\ECOAGRO\apache-tomcat-11.0.25
09-Sep-2026 19:01:59.677 INFORMACIÓN [main] org.apache.catalina.startup.VersionLoggerListener.log Command line argument:             -Djava.util.logging.config.file=C:\Users\juant\Documents\ECOAGRO\apache-tomcat-11.0.25\conf\logging.properties
09-Sep-2026 19:01:59.677 INFORMACIÓN [main] org.apache.catalina.startup.VersionLoggerListener.log Command line argument:             -Djava.util.logging.manager=org.apache.juli.ClassLoaderLogManager
09-Sep-2026 19:01:59.677 INFORMACIÓN [main] org.apache.catalina.startup.VersionLoggerListener.log Command line argument:             -Djdk.tls.ephemeralDHKeySize=2048
09-Sep-2026 19:01:59.678 INFORMACIÓN [main] org.apache.catalina.startup.VersionLoggerListener.log Command line argument:             --add-opens=java.base/java.lang=ALL-UNNAMED
09-Sep-2026 19:01:59.678 INFORMACIÓN [main] org.apache.catalina.startup.VersionLoggerListener.log Command line argument:             --add-opens=java.base/java.lang.reflect=ALL-UNNAMED
09-Sep-2026 19:01:59.678 INFORMACIÓN [main] org.apache.catalina.startup.VersionLoggerListener.log Command line argument:             --add-opens=java.base/java.io=ALL-UNNAMED
09-Sep-2026 19:01:59.678 INFORMACIÓN [main] org.apache.catalina.startup.VersionLoggerListener.log Command line argument:             --add-opens=java.base/java.util=ALL-UNNAMED
09-Sep-2026 19:01:59.678 INFORMACIÓN [main] org.apache.catalina.startup.VersionLoggerListener.log Command line argument:             --add-opens=java.base/java.util.concurrent=ALL-UNNAMED
09-Sep-2026 19:01:59.678 INFORMACIÓN [main] org.apache.catalina.startup.VersionLoggerListener.log Command line argument:             --add-opens=java.rmi/sun.rmi.transport=ALL-UNNAMED
09-Sep-2026 19:01:59.678 INFORMACIÓN [main] org.apache.catalina.startup.VersionLoggerListener.log Command line argument:             --enable-native-access=ALL-UNNAMED
09-Sep-2026 19:01:59.678 INFORMACIÓN [main] org.apache.catalina.startup.VersionLoggerListener.log Command line argument:             -Dcatalina.base=C:\Users\juant\Documents\ECOAGRO\apache-tomcat-11.0.25
09-Sep-2026 19:01:59.678 INFORMACIÓN [main] org.apache.catalina.startup.VersionLoggerListener.log Command line argument:             -Dcatalina.home=C:\Users\juant\Documents\ECOAGRO\apache-tomcat-11.0.25
09-Sep-2026 19:01:59.678 INFORMACIÓN [main] org.apache.catalina.startup.VersionLoggerListener.log Command line argument:             -Djava.io.tmpdir=C:\Users\juant\Documents\ECOAGRO\apache-tomcat-11.0.25\temp
09-Sep-2026 19:01:59.746 INFORMACIÓN [main] org.apache.catalina.core.AprLifecycleListener.lifecycleEvent Cargada la biblioteca nativa APR de Apache Tomcat [2.0.15] con la versión APR [1.7.6].
09-Sep-2026 19:01:59.756 INFORMACIÓN [main] org.apache.catalina.core.AprLifecycleListener.initializeSSL OpenSSL inicializado correctamente [OpenSSL 3.5.7 9 Jun 2026]
09-Sep-2026 19:01:59.946 INFORMACIÓN [main] org.apache.coyote.AbstractProtocol.init Inicializando el manejador de protocolo ["http-nio-8080"]

09-Sep-2026 19:01:59.963 INFORMACIÓN [main] org.apache.catalina.startup.Catalina.load Server initialization in [438] milliseconds
09-Sep-2026 19:02:00.008 INFORMACIÓN [main] org.apache.catalina.core.StandardService.startInternal Arrancando servicio [Catalina]
09-Sep-2026 19:02:00.008 INFORMACIÓN [main] org.apache.catalina.core.StandardEngine.startInternal Starting Servlet engine: [Apache Tomcat/11.0.25]
09-Sep-2026 19:02:00.014 INFORMACIÓN [main] org.apache.catalina.startup.HostConfig.deployDescriptor Desplieque del descriptor de configuración [C:\Users\juant\Documents\ECOAGRO\apache-tomcat-11.0.25\conf\Catalina\localhost\ECOAGRO.xml]
09-Sep-2026 19:02:00.029 ADVERTENCIA [main] org.apache.catalina.startup.HostConfig.deployDescriptor The path attribute with value [/ECOAGRO] in deployment descriptor [C:\Users\juant\Documents\ECOAGRO\apache-tomcat-11.0.25\conf\Catalina\localhost\ECOAGRO.xml] has been ignored
09-Sep-2026 19:02:00.255 INFORMACIÓN [main] org.apache.catalina.startup.HostConfig.deployDescriptor Deployment of deployment descriptor [C:\Users\juant\Documents\ECOAGRO\apache-tomcat-11.0.25\conf\Catalina\localhost\ECOAGRO.xml] has finished in [236] ms
09-Sep-2026 19:02:00.256 INFORMACIÓN [main] org.apache.catalina.startup.HostConfig.deployDirectory Desplegando el directorio [C:\Users\juant\Documents\ECOAGRO\apache-tomcat-11.0.25\webapps\docs] de la aplicación web
09-Sep-2026 19:02:00.283 INFORMACIÓN [main] org.apache.catalina.startup.HostConfig.deployDirectory Deployment of web application directory [C:\Users\juant\Documents\ECOAGRO\apache-tomcat-11.0.25\webapps\docs] has finished in [28] ms
09-Sep-2026 19:02:00.283 INFORMACIÓN [main] org.apache.catalina.startup.HostConfig.deployDirectory Desplegando el directorio [C:\Users\juant\Documents\ECOAGRO\apache-tomcat-11.0.25\webapps\examples] de la aplicación web
09-Sep-2026 19:02:00.527 INFORMACIÓN [main] org.apache.catalina.startup.HostConfig.deployDirectory Deployment of web application directory [C:\Users\juant\Documents\ECOAGRO\apache-tomcat-11.0.25\webapps\examples] has finished in [244] ms
09-Sep-2026 19:02:00.528 INFORMACIÓN [main] org.apache.catalina.startup.HostConfig.deployDirectory Desplegando el directorio [C:\Users\juant\Documents\ECOAGRO\apache-tomcat-11.0.25\webapps\host-manager] de la aplicación web
09-Sep-2026 19:02:00.558 INFORMACIÓN [main] org.apache.catalina.startup.HostConfig.deployDirectory Deployment of web application directory [C:\Users\juant\Documents\ECOAGRO\apache-tomcat-11.0.25\webapps\host-manager] has finished in [30] ms
09-Sep-2026 19:02:00.558 INFORMACIÓN [main] org.apache.catalina.startup.HostConfig.deployDirectory Desplegando el directorio [C:\Users\juant\Documents\ECOAGRO\apache-tomcat-11.0.25\webapps\manager] de la aplicación web
09-Sep-2026 19:02:00.596 INFORMACIÓN [main] org.apache.catalina.startup.HostConfig.deployDirectory Deployment of web application directory [C:\Users\juant\Documents\ECOAGRO\apache-tomcat-11.0.25\webapps\manager] has finished in [38] ms
09-Sep-2026 19:02:00.596 INFORMACIÓN [main] org.apache.catalina.startup.HostConfig.deployDirectory Desplegando el directorio [C:\Users\juant\Documents\ECOAGRO\apache-tomcat-11.0.25\webapps\ROOT] de la aplicación web
09-Sep-2026 19:02:00.619 INFORMACIÓN [main] org.apache.catalina.startup.HostConfig.deployDirectory Deployment of web application directory [C:\Users\juant\Documents\ECOAGRO\apache-tomcat-11.0.25\webapps\ROOT] has finished in [23] ms
09-Sep-2026 19:02:00.623 INFORMACIÓN [main] org.apache.coyote.AbstractProtocol.start Starting ProtocolHandler ["http-nio-8080"]
09-Sep-2026 19:02:00.661 INFORMACIÓN [main] org.apache.catalina.startup.Catalina.start Server startup in [696] milliseconds
09-Sep-2026 19:02:01.286 INFORMACIÓN [http-nio-8080-exec-5] org.apache.catalina.startup.HostConfig.undeploy Repliegue (undeploy) de la aplicación web que tiene como trayectoria de contexto [/ECOAGRO]
09-Sep-2026 19:02:01.816 INFORMACIÓN [http-nio-8080-exec-10] org.apache.catalina.startup.HostConfig.undeploy Repliegue (undeploy) de la aplicación web que tiene como trayectoria de contexto []
09-Sep-2026 19:02:01.829 INFORMACIÓN [http-nio-8080-exec-4] org.apache.catalina.startup.HostConfig.deployDescriptor Desplieque del descriptor de configuración [C:\Users\juant\Documents\ECOAGRO\apache-tomcat-11.0.25\conf\Catalina\localhost\ROOT.xml]
09-Sep-2026 19:02:01.830 ADVERTENCIA [http-nio-8080-exec-4] org.apache.catalina.startup.HostConfig.deployDescriptor The path attribute with value [] in deployment descriptor [C:\Users\juant\Documents\ECOAGRO\apache-tomcat-11.0.25\conf\Catalina\localhost\ROOT.xml] has been ignored
09-Sep-2026 19:02:01.854 INFORMACIÓN [http-nio-8080-exec-4] org.apache.catalina.startup.HostConfig.deployDescriptor Deployment of deployment descriptor [C:\Users\juant\Documents\ECOAGRO\apache-tomcat-11.0.25\conf\Catalina\localhost\ROOT.xml] has finished in [25] ms
09-Sep-2026 19:02:01.857 INFORMACIÓN [http-nio-8080-exec-6] org.apache.catalina.util.LifecycleBase.start The start() method was called on component [StandardEngine[Catalina].StandardHost[localhost].StandardContext[]] after start() had already been called. The second call will be ignored.
09-Sep-2026 19:02:18.632 INFORMACIÓN [http-nio-8080-exec-4] org.apache.catalina.startup.HostConfig.undeploy Repliegue (undeploy) de la aplicación web que tiene como trayectoria de contexto []
09-Sep-2026 19:02:18.646 INFORMACIÓN [http-nio-8080-exec-12] org.apache.catalina.startup.HostConfig.deployDescriptor Desplieque del descriptor de configuración [C:\Users\juant\Documents\ECOAGRO\apache-tomcat-11.0.25\conf\Catalina\localhost\ROOT.xml]
09-Sep-2026 19:02:18.647 ADVERTENCIA [http-nio-8080-exec-12] org.apache.catalina.startup.HostConfig.deployDescriptor The path attribute with value [] in deployment descriptor [C:\Users\juant\Documents\ECOAGRO\apache-tomcat-11.0.25\conf\Catalina\localhost\ROOT.xml] has been ignored
09-Sep-2026 19:02:18.671 INFORMACIÓN [http-nio-8080-exec-12] org.apache.catalina.startup.HostConfig.deployDescriptor Deployment of deployment descriptor [C:\Users\juant\Documents\ECOAGRO\apache-tomcat-11.0.25\conf\Catalina\localhost\ROOT.xml] has finished in [25] ms
09-Sep-2026 19:02:18.674 INFORMACIÓN [http-nio-8080-exec-7] org.apache.catalina.util.LifecycleBase.start The start() method was called on component [StandardEngine[Catalina].StandardHost[localhost].StandardContext[]] after start() had already been called. The second call will be ignored.
09-Sep-2026 19:09:39.452 INFORMACIÓN [http-nio-8080-exec-21] org.apache.catalina.startup.HostConfig.undeploy Repliegue (undeploy) de la aplicación web que tiene como trayectoria de contexto []
09-Sep-2026 19:09:39.468 INFORMACIÓN [http-nio-8080-exec-23] org.apache.catalina.startup.HostConfig.deployDescriptor Desplieque del descriptor de configuración [C:\Users\juant\Documents\ECOAGRO\apache-tomcat-11.0.25\conf\Catalina\localhost\ROOT.xml]
09-Sep-2026 19:09:39.469 ADVERTENCIA [http-nio-8080-exec-23] org.apache.catalina.startup.HostConfig.deployDescriptor The path attribute with value [] in deployment descriptor [C:\Users\juant\Documents\ECOAGRO\apache-tomcat-11.0.25\conf\Catalina\localhost\ROOT.xml] has been ignored
09-Sep-2026 19:09:39.496 INFORMACIÓN [http-nio-8080-exec-23] org.apache.catalina.startup.HostConfig.deployDescriptor Deployment of deployment descriptor [C:\Users\juant\Documents\ECOAGRO\apache-tomcat-11.0.25\conf\Catalina\localhost\ROOT.xml] has finished in [27] ms
09-Sep-2026 19:09:39.498 INFORMACIÓN [http-nio-8080-exec-19] org.apache.catalina.util.LifecycleBase.start The start() method was called on component [StandardEngine[Catalina].StandardHost[localhost].StandardContext[]] after start() had already been called. The second call will be ignored.
09-Sep-2026 19:23:55.786 INFORMACIÓN [http-nio-8080-exec-30] org.apache.catalina.startup.HostConfig.undeploy Repliegue (undeploy) de la aplicación web que tiene como trayectoria de contexto []
09-Sep-2026 19:23:55.804 INFORMACIÓN [http-nio-8080-exec-28] org.apache.catalina.startup.HostConfig.deployDescriptor Desplieque del descriptor de configuración [C:\Users\juant\Documents\ECOAGRO\apache-tomcat-11.0.25\conf\Catalina\localhost\ROOT.xml]
09-Sep-2026 19:23:55.806 ADVERTENCIA [http-nio-8080-exec-28] org.apache.catalina.startup.HostConfig.deployDescriptor The path attribute with value [] in deployment descriptor [C:\Users\juant\Documents\ECOAGRO\apache-tomcat-11.0.25\conf\Catalina\localhost\ROOT.xml] has been ignored
09-Sep-2026 19:23:55.833 INFORMACIÓN [http-nio-8080-exec-28] org.apache.catalina.startup.HostConfig.deployDescriptor Deployment of deployment descriptor [C:\Users\juant\Documents\ECOAGRO\apache-tomcat-11.0.25\conf\Catalina\localhost\ROOT.xml] has finished in [29] ms
09-Sep-2026 19:23:55.835 INFORMACIÓN [http-nio-8080-exec-27] org.apache.catalina.util.LifecycleBase.start The start() method was called on component [StandardEngine[Catalina].StandardHost[localhost].StandardContext[]] after start() had already been called. The second call will be ignored.
09-Sep-2026 19:50:29.340 INFORMACIÓN [http-nio-8080-exec-41] org.apache.catalina.startup.HostConfig.undeploy Repliegue (undeploy) de la aplicación web que tiene como trayectoria de contexto []
09-Sep-2026 19:50:29.391 INFORMACIÓN [http-nio-8080-exec-39] org.apache.catalina.startup.HostConfig.deployDescriptor Desplieque del descriptor de configuración [C:\Users\juant\Documents\ECOAGRO\apache-tomcat-11.0.25\conf\Catalina\localhost\ROOT.xml]
09-Sep-2026 19:50:29.392 ADVERTENCIA [http-nio-8080-exec-39] org.apache.catalina.startup.HostConfig.deployDescriptor The path attribute with value [] in deployment descriptor [C:\Users\juant\Documents\ECOAGRO\apache-tomcat-11.0.25\conf\Catalina\localhost\ROOT.xml] has been ignored
09-Sep-2026 19:50:29.417 INFORMACIÓN [http-nio-8080-exec-39] org.apache.catalina.startup.HostConfig.deployDescriptor Deployment of deployment descriptor [C:\Users\juant\Documents\ECOAGRO\apache-tomcat-11.0.25\conf\Catalina\localhost\ROOT.xml] has finished in [25] ms
09-Sep-2026 19:50:29.419 INFORMACIÓN [http-nio-8080-exec-40] org.apache.catalina.util.LifecycleBase.start The start() method was called on component [StandardEngine[Catalina].StandardHost[localhost].StandardContext[]] after start() had already been called. The second call will be ignored.
