27-Sep-2026 16:03:46.390 INFORMACIÓN [main] org.apache.catalina.startup.VersionLoggerListener.log Nombre de la versión del servidor: Apache Tomcat/11.0.25
27-Sep-2026 16:03:46.394 INFORMACIÓN [main] org.apache.catalina.startup.VersionLoggerListener.log Server built:                      Aug 12 2026 12:46:04 UTC
27-Sep-2026 16:03:46.394 INFORMACIÓN [main] org.apache.catalina.startup.VersionLoggerListener.log Número de versión de servidor:     11.0.25.0
27-Sep-2026 16:03:46.394 INFORMACIÓN [main] org.apache.catalina.startup.VersionLoggerListener.log OS Name:                           Windows 11
27-Sep-2026 16:03:46.394 INFORMACIÓN [main] org.apache.catalina.startup.VersionLoggerListener.log Versión de Systema Operativo:      10.0
27-Sep-2026 16:03:46.395 INFORMACIÓN [main] org.apache.catalina.startup.VersionLoggerListener.log Arquitectura:                      amd64
27-Sep-2026 16:03:46.395 INFORMACIÓN [main] org.apache.catalina.startup.VersionLoggerListener.log Java Home:                         C:\Program Files\Apache NetBeans\jdk
27-Sep-2026 16:03:46.395 INFORMACIÓN [main] org.apache.catalina.startup.VersionLoggerListener.log JVM Version:                       26.0.2+10
27-Sep-2026 16:03:46.395 INFORMACIÓN [main] org.apache.catalina.startup.VersionLoggerListener.log Vededor JVM:                       Eclipse Adoptium
27-Sep-2026 16:03:46.395 INFORMACIÓN [main] org.apache.catalina.startup.VersionLoggerListener.log CATALINA_BASE:                     C:\Users\juant\Documents\ECOAGRO\apache-tomcat-11.0.25
27-Sep-2026 16:03:46.395 INFORMACIÓN [main] org.apache.catalina.startup.VersionLoggerListener.log CATALINA_HOME:                     C:\Users\juant\Documents\ECOAGRO\apache-tomcat-11.0.25
27-Sep-2026 16:03:46.402 INFORMACIÓN [main] org.apache.catalina.startup.VersionLoggerListener.log Command line argument:             -Djava.util.logging.config.file=C:\Users\juant\Documents\ECOAGRO\apache-tomcat-11.0.25\conf\logging.properties
27-Sep-2026 16:03:46.402 INFORMACIÓN [main] org.apache.catalina.startup.VersionLoggerListener.log Command line argument:             -Djava.util.logging.manager=org.apache.juli.ClassLoaderLogManager
27-Sep-2026 16:03:46.402 INFORMACIÓN [main] org.apache.catalina.startup.VersionLoggerListener.log Command line argument:             -Djdk.tls.ephemeralDHKeySize=2048
27-Sep-2026 16:03:46.402 INFORMACIÓN [main] org.apache.catalina.startup.VersionLoggerListener.log Command line argument:             --add-opens=java.base/java.lang=ALL-UNNAMED
27-Sep-2026 16:03:46.403 INFORMACIÓN [main] org.apache.catalina.startup.VersionLoggerListener.log Command line argument:             --add-opens=java.base/java.lang.reflect=ALL-UNNAMED
27-Sep-2026 16:03:46.403 INFORMACIÓN [main] org.apache.catalina.startup.VersionLoggerListener.log Command line argument:             --add-opens=java.base/java.io=ALL-UNNAMED
27-Sep-2026 16:03:46.403 INFORMACIÓN [main] org.apache.catalina.startup.VersionLoggerListener.log Command line argument:             --add-opens=java.base/java.util=ALL-UNNAMED
27-Sep-2026 16:03:46.403 INFORMACIÓN [main] org.apache.catalina.startup.VersionLoggerListener.log Command line argument:             --add-opens=java.base/java.util.concurrent=ALL-UNNAMED
27-Sep-2026 16:03:46.403 INFORMACIÓN [main] org.apache.catalina.startup.VersionLoggerListener.log Command line argument:             --add-opens=java.rmi/sun.rmi.transport=ALL-UNNAMED
27-Sep-2026 16:03:46.403 INFORMACIÓN [main] org.apache.catalina.startup.VersionLoggerListener.log Command line argument:             --enable-native-access=ALL-UNNAMED
27-Sep-2026 16:03:46.403 INFORMACIÓN [main] org.apache.catalina.startup.VersionLoggerListener.log Command line argument:             -Dcatalina.base=C:\Users\juant\Documents\ECOAGRO\apache-tomcat-11.0.25
27-Sep-2026 16:03:46.403 INFORMACIÓN [main] org.apache.catalina.startup.VersionLoggerListener.log Command line argument:             -Dcatalina.home=C:\Users\juant\Documents\ECOAGRO\apache-tomcat-11.0.25
27-Sep-2026 16:03:46.403 INFORMACIÓN [main] org.apache.catalina.startup.VersionLoggerListener.log Command line argument:             -Djava.io.tmpdir=C:\Users\juant\Documents\ECOAGRO\apache-tomcat-11.0.25\temp
27-Sep-2026 16:03:46.522 INFORMACIÓN [main] org.apache.catalina.core.AprLifecycleListener.lifecycleEvent Cargada la biblioteca nativa APR de Apache Tomcat [2.0.15] con la versión APR [1.7.6].
27-Sep-2026 16:03:46.528 INFORMACIÓN [main] org.apache.catalina.core.AprLifecycleListener.initializeSSL OpenSSL inicializado correctamente [OpenSSL 3.5.7 9 Jun 2026]
27-Sep-2026 16:03:46.785 INFORMACIÓN [main] org.apache.coyote.AbstractProtocol.init Inicializando el manejador de protocolo ["http-nio-8080"]

27-Sep-2026 16:03:46.810 INFORMACIÓN [main] org.apache.catalina.startup.Catalina.load Server initialization in [600] milliseconds
27-Sep-2026 16:03:46.873 INFORMACIÓN [main] org.apache.catalina.core.StandardService.startInternal Arrancando servicio [Catalina]
27-Sep-2026 16:03:46.873 INFORMACIÓN [main] org.apache.catalina.core.StandardEngine.startInternal Starting Servlet engine: [Apache Tomcat/11.0.25]
27-Sep-2026 16:03:46.882 INFORMACIÓN [main] org.apache.catalina.startup.HostConfig.deployDescriptor Desplieque del descriptor de configuración [C:\Users\juant\Documents\ECOAGRO\apache-tomcat-11.0.25\conf\Catalina\localhost\ROOT.xml]
27-Sep-2026 16:03:46.897 ADVERTENCIA [main] org.apache.catalina.startup.HostConfig.deployDescriptor The path attribute with value [] in deployment descriptor [C:\Users\juant\Documents\ECOAGRO\apache-tomcat-11.0.25\conf\Catalina\localhost\ROOT.xml] has been ignored
27-Sep-2026 16:03:47.654 INFORMACIÓN [main] org.apache.jasper.servlet.TldScanner.scanJars Al menos un JAR, que se ha explorado buscando TLDs, aún no contenía TLDs. Activar historial de depuración para este historiador para una completa lista de los JARs que fueron explorados y de los que nos se halló TLDs. Saltarse JARs no necesarios durante la exploración puede dar lugar a una mejora de tiempo significativa en el arranque y compilación de JSP .
27-Sep-2026 16:03:47.703 INFORMACIÓN [main] org.apache.catalina.startup.HostConfig.deployDescriptor Deployment of deployment descriptor [C:\Users\juant\Documents\ECOAGRO\apache-tomcat-11.0.25\conf\Catalina\localhost\ROOT.xml] has finished in [816] ms
27-Sep-2026 16:03:47.704 INFORMACIÓN [main] org.apache.catalina.startup.HostConfig.deployDirectory Desplegando el directorio [C:\Users\juant\Documents\ECOAGRO\apache-tomcat-11.0.25\webapps\docs] de la aplicación web
27-Sep-2026 16:03:47.738 INFORMACIÓN [main] org.apache.catalina.startup.HostConfig.deployDirectory Deployment of web application directory [C:\Users\juant\Documents\ECOAGRO\apache-tomcat-11.0.25\webapps\docs] has finished in [34] ms
27-Sep-2026 16:03:47.739 INFORMACIÓN [main] org.apache.catalina.startup.HostConfig.deployDirectory Desplegando el directorio [C:\Users\juant\Documents\ECOAGRO\apache-tomcat-11.0.25\webapps\examples] de la aplicación web
27-Sep-2026 16:03:48.144 INFORMACIÓN [main] org.apache.catalina.startup.HostConfig.deployDirectory Deployment of web application directory [C:\Users\juant\Documents\ECOAGRO\apache-tomcat-11.0.25\webapps\examples] has finished in [405] ms
27-Sep-2026 16:03:48.145 INFORMACIÓN [main] org.apache.catalina.startup.HostConfig.deployDirectory Desplegando el directorio [C:\Users\juant\Documents\ECOAGRO\apache-tomcat-11.0.25\webapps\host-manager] de la aplicación web
27-Sep-2026 16:03:48.183 INFORMACIÓN [main] org.apache.catalina.startup.HostConfig.deployDirectory Deployment of web application directory [C:\Users\juant\Documents\ECOAGRO\apache-tomcat-11.0.25\webapps\host-manager] has finished in [38] ms
27-Sep-2026 16:03:48.184 INFORMACIÓN [main] org.apache.catalina.startup.HostConfig.deployDirectory Desplegando el directorio [C:\Users\juant\Documents\ECOAGRO\apache-tomcat-11.0.25\webapps\manager] de la aplicación web
27-Sep-2026 16:03:48.217 INFORMACIÓN [main] org.apache.catalina.startup.HostConfig.deployDirectory Deployment of web application directory [C:\Users\juant\Documents\ECOAGRO\apache-tomcat-11.0.25\webapps\manager] has finished in [33] ms
27-Sep-2026 16:03:48.220 INFORMACIÓN [main] org.apache.coyote.AbstractProtocol.start Starting ProtocolHandler ["http-nio-8080"]
27-Sep-2026 16:03:48.244 INFORMACIÓN [main] org.apache.catalina.startup.Catalina.start Server startup in [1430] milliseconds
27-Sep-2026 16:03:48.868 INFORMACIÓN [http-nio-8080-exec-8] org.apache.catalina.startup.HostConfig.undeploy Repliegue (undeploy) de la aplicación web que tiene como trayectoria de contexto []
27-Sep-2026 16:03:48.903 INFORMACIÓN [http-nio-8080-exec-7] org.apache.catalina.startup.HostConfig.deployDescriptor Desplieque del descriptor de configuración [C:\Users\juant\Documents\ECOAGRO\apache-tomcat-11.0.25\conf\Catalina\localhost\ROOT.xml]
27-Sep-2026 16:03:48.904 ADVERTENCIA [http-nio-8080-exec-7] org.apache.catalina.startup.HostConfig.deployDescriptor The path attribute with value [] in deployment descriptor [C:\Users\juant\Documents\ECOAGRO\apache-tomcat-11.0.25\conf\Catalina\localhost\ROOT.xml] has been ignored
27-Sep-2026 16:03:49.285 INFORMACIÓN [http-nio-8080-exec-7] org.apache.jasper.servlet.TldScanner.scanJars Al menos un JAR, que se ha explorado buscando TLDs, aún no contenía TLDs. Activar historial de depuración para este historiador para una completa lista de los JARs que fueron explorados y de los que nos se halló TLDs. Saltarse JARs no necesarios durante la exploración puede dar lugar a una mejora de tiempo significativa en el arranque y compilación de JSP .
27-Sep-2026 16:03:49.288 INFORMACIÓN [http-nio-8080-exec-7] org.apache.catalina.startup.HostConfig.deployDescriptor Deployment of deployment descriptor [C:\Users\juant\Documents\ECOAGRO\apache-tomcat-11.0.25\conf\Catalina\localhost\ROOT.xml] has finished in [385] ms
27-Sep-2026 16:03:49.292 INFORMACIÓN [http-nio-8080-exec-1] org.apache.catalina.util.LifecycleBase.start The start() method was called on component [StandardEngine[Catalina].StandardHost[localhost].StandardContext[]] after start() had already been called. The second call will be ignored.
27-Sep-2026 16:07:33.877 INFORMACIÓN [main] org.apache.catalina.core.StandardServer.await Se ha recibido un comando de apagado a través del puerto de apagado. Parando la instancia del Servidor.
27-Sep-2026 16:07:33.878 INFORMACIÓN [main] org.apache.coyote.AbstractProtocol.pause Pausing ProtocolHandler ["http-nio-8080"]
27-Sep-2026 16:07:33.888 INFORMACIÓN [main] org.apache.catalina.core.StandardService.stopInternal Parando servicio [Catalina]
27-Sep-2026 16:07:33.906 INFORMACIÓN [main] org.apache.coyote.AbstractProtocol.stop Stopping ProtocolHandler ["http-nio-8080"]
27-Sep-2026 16:07:33.911 INFORMACIÓN [main] org.apache.coyote.AbstractProtocol.destroy Destroying ProtocolHandler ["http-nio-8080"]
27-Sep-2026 16:08:46.555 INFORMACIÓN [main] org.apache.catalina.startup.VersionLoggerListener.log Nombre de la versión del servidor: Apache Tomcat/11.0.25
27-Sep-2026 16:08:46.558 INFORMACIÓN [main] org.apache.catalina.startup.VersionLoggerListener.log Server built:                      Aug 12 2026 12:46:04 UTC
27-Sep-2026 16:08:46.558 INFORMACIÓN [main] org.apache.catalina.startup.VersionLoggerListener.log Número de versión de servidor:     11.0.25.0
27-Sep-2026 16:08:46.558 INFORMACIÓN [main] org.apache.catalina.startup.VersionLoggerListener.log OS Name:                           Windows 11
27-Sep-2026 16:08:46.558 INFORMACIÓN [main] org.apache.catalina.startup.VersionLoggerListener.log Versión de Systema Operativo:      10.0
27-Sep-2026 16:08:46.558 INFORMACIÓN [main] org.apache.catalina.startup.VersionLoggerListener.log Arquitectura:                      amd64
27-Sep-2026 16:08:46.558 INFORMACIÓN [main] org.apache.catalina.startup.VersionLoggerListener.log Java Home:                         C:\Program Files\Apache NetBeans\jdk
27-Sep-2026 16:08:46.558 INFORMACIÓN [main] org.apache.catalina.startup.VersionLoggerListener.log JVM Version:                       26.0.2+10
27-Sep-2026 16:08:46.558 INFORMACIÓN [main] org.apache.catalina.startup.VersionLoggerListener.log Vededor JVM:                       Eclipse Adoptium
27-Sep-2026 16:08:46.558 INFORMACIÓN [main] org.apache.catalina.startup.VersionLoggerListener.log CATALINA_BASE:                     C:\Users\juant\Documents\ECOAGRO\apache-tomcat-11.0.25
27-Sep-2026 16:08:46.558 INFORMACIÓN [main] org.apache.catalina.startup.VersionLoggerListener.log CATALINA_HOME:                     C:\Users\juant\Documents\ECOAGRO\apache-tomcat-11.0.25
27-Sep-2026 16:08:46.567 INFORMACIÓN [main] org.apache.catalina.startup.VersionLoggerListener.log Command line argument:             -Djava.util.logging.config.file=C:\Users\juant\Documents\ECOAGRO\apache-tomcat-11.0.25\conf\logging.properties
27-Sep-2026 16:08:46.567 INFORMACIÓN [main] org.apache.catalina.startup.VersionLoggerListener.log Command line argument:             -Djava.util.logging.manager=org.apache.juli.ClassLoaderLogManager
27-Sep-2026 16:08:46.567 INFORMACIÓN [main] org.apache.catalina.startup.VersionLoggerListener.log Command line argument:             -Djdk.tls.ephemeralDHKeySize=2048
27-Sep-2026 16:08:46.567 INFORMACIÓN [main] org.apache.catalina.startup.VersionLoggerListener.log Command line argument:             --add-opens=java.base/java.lang=ALL-UNNAMED
27-Sep-2026 16:08:46.567 INFORMACIÓN [main] org.apache.catalina.startup.VersionLoggerListener.log Command line argument:             --add-opens=java.base/java.lang.reflect=ALL-UNNAMED
27-Sep-2026 16:08:46.567 INFORMACIÓN [main] org.apache.catalina.startup.VersionLoggerListener.log Command line argument:             --add-opens=java.base/java.io=ALL-UNNAMED
27-Sep-2026 16:08:46.567 INFORMACIÓN [main] org.apache.catalina.startup.VersionLoggerListener.log Command line argument:             --add-opens=java.base/java.util=ALL-UNNAMED
27-Sep-2026 16:08:46.567 INFORMACIÓN [main] org.apache.catalina.startup.VersionLoggerListener.log Command line argument:             --add-opens=java.base/java.util.concurrent=ALL-UNNAMED
27-Sep-2026 16:08:46.567 INFORMACIÓN [main] org.apache.catalina.startup.VersionLoggerListener.log Command line argument:             --add-opens=java.rmi/sun.rmi.transport=ALL-UNNAMED
27-Sep-2026 16:08:46.567 INFORMACIÓN [main] org.apache.catalina.startup.VersionLoggerListener.log Command line argument:             --enable-native-access=ALL-UNNAMED
27-Sep-2026 16:08:46.567 INFORMACIÓN [main] org.apache.catalina.startup.VersionLoggerListener.log Command line argument:             -Dcatalina.base=C:\Users\juant\Documents\ECOAGRO\apache-tomcat-11.0.25
27-Sep-2026 16:08:46.568 INFORMACIÓN [main] org.apache.catalina.startup.VersionLoggerListener.log Command line argument:             -Dcatalina.home=C:\Users\juant\Documents\ECOAGRO\apache-tomcat-11.0.25
27-Sep-2026 16:08:46.568 INFORMACIÓN [main] org.apache.catalina.startup.VersionLoggerListener.log Command line argument:             -Djava.io.tmpdir=C:\Users\juant\Documents\ECOAGRO\apache-tomcat-11.0.25\temp
27-Sep-2026 16:08:46.628 INFORMACIÓN [main] org.apache.catalina.core.AprLifecycleListener.lifecycleEvent Cargada la biblioteca nativa APR de Apache Tomcat [2.0.15] con la versión APR [1.7.6].
27-Sep-2026 16:08:46.635 INFORMACIÓN [main] org.apache.catalina.core.AprLifecycleListener.initializeSSL OpenSSL inicializado correctamente [OpenSSL 3.5.7 9 Jun 2026]
27-Sep-2026 16:08:46.874 INFORMACIÓN [main] org.apache.coyote.AbstractProtocol.init Inicializando el manejador de protocolo ["http-nio-8080"]

27-Sep-2026 16:08:46.900 INFORMACIÓN [main] org.apache.catalina.startup.Catalina.load Server initialization in [507] milliseconds
27-Sep-2026 16:08:46.953 INFORMACIÓN [main] org.apache.catalina.core.StandardService.startInternal Arrancando servicio [Catalina]
27-Sep-2026 16:08:46.954 INFORMACIÓN [main] org.apache.catalina.core.StandardEngine.startInternal Starting Servlet engine: [Apache Tomcat/11.0.25]
27-Sep-2026 16:08:46.963 INFORMACIÓN [main] org.apache.catalina.startup.HostConfig.deployDescriptor Desplieque del descriptor de configuración [C:\Users\juant\Documents\ECOAGRO\apache-tomcat-11.0.25\conf\Catalina\localhost\ROOT.xml]
27-Sep-2026 16:08:46.976 ADVERTENCIA [main] org.apache.catalina.startup.HostConfig.deployDescriptor The path attribute with value [] in deployment descriptor [C:\Users\juant\Documents\ECOAGRO\apache-tomcat-11.0.25\conf\Catalina\localhost\ROOT.xml] has been ignored
27-Sep-2026 16:08:47.680 INFORMACIÓN [main] org.apache.jasper.servlet.TldScanner.scanJars Al menos un JAR, que se ha explorado buscando TLDs, aún no contenía TLDs. Activar historial de depuración para este historiador para una completa lista de los JARs que fueron explorados y de los que nos se halló TLDs. Saltarse JARs no necesarios durante la exploración puede dar lugar a una mejora de tiempo significativa en el arranque y compilación de JSP .
27-Sep-2026 16:08:47.750 INFORMACIÓN [main] org.apache.catalina.startup.HostConfig.deployDescriptor Deployment of deployment descriptor [C:\Users\juant\Documents\ECOAGRO\apache-tomcat-11.0.25\conf\Catalina\localhost\ROOT.xml] has finished in [780] ms
27-Sep-2026 16:08:47.750 INFORMACIÓN [main] org.apache.catalina.startup.HostConfig.deployDirectory Desplegando el directorio [C:\Users\juant\Documents\ECOAGRO\apache-tomcat-11.0.25\webapps\docs] de la aplicación web
27-Sep-2026 16:08:47.782 INFORMACIÓN [main] org.apache.catalina.startup.HostConfig.deployDirectory Deployment of web application directory [C:\Users\juant\Documents\ECOAGRO\apache-tomcat-11.0.25\webapps\docs] has finished in [32] ms
27-Sep-2026 16:08:47.782 INFORMACIÓN [main] org.apache.catalina.startup.HostConfig.deployDirectory Desplegando el directorio [C:\Users\juant\Documents\ECOAGRO\apache-tomcat-11.0.25\webapps\examples] de la aplicación web
27-Sep-2026 16:08:48.204 INFORMACIÓN [main] org.apache.catalina.startup.HostConfig.deployDirectory Deployment of web application directory [C:\Users\juant\Documents\ECOAGRO\apache-tomcat-11.0.25\webapps\examples] has finished in [422] ms
27-Sep-2026 16:08:48.204 INFORMACIÓN [main] org.apache.catalina.startup.HostConfig.deployDirectory Desplegando el directorio [C:\Users\juant\Documents\ECOAGRO\apache-tomcat-11.0.25\webapps\host-manager] de la aplicación web
27-Sep-2026 16:08:48.256 INFORMACIÓN [main] org.apache.catalina.startup.HostConfig.deployDirectory Deployment of web application directory [C:\Users\juant\Documents\ECOAGRO\apache-tomcat-11.0.25\webapps\host-manager] has finished in [52] ms
27-Sep-2026 16:08:48.256 INFORMACIÓN [main] org.apache.catalina.startup.HostConfig.deployDirectory Desplegando el directorio [C:\Users\juant\Documents\ECOAGRO\apache-tomcat-11.0.25\webapps\manager] de la aplicación web
27-Sep-2026 16:08:48.288 INFORMACIÓN [main] org.apache.catalina.startup.HostConfig.deployDirectory Deployment of web application directory [C:\Users\juant\Documents\ECOAGRO\apache-tomcat-11.0.25\webapps\manager] has finished in [32] ms
27-Sep-2026 16:08:48.293 INFORMACIÓN [main] org.apache.coyote.AbstractProtocol.start Starting ProtocolHandler ["http-nio-8080"]
27-Sep-2026 16:08:48.313 INFORMACIÓN [main] org.apache.catalina.startup.Catalina.start Server startup in [1411] milliseconds
27-Sep-2026 16:08:48.943 INFORMACIÓN [http-nio-8080-exec-7] org.apache.catalina.startup.HostConfig.undeploy Repliegue (undeploy) de la aplicación web que tiene como trayectoria de contexto []
27-Sep-2026 16:08:49.006 INFORMACIÓN [http-nio-8080-exec-9] org.apache.catalina.startup.HostConfig.deployDescriptor Desplieque del descriptor de configuración [C:\Users\juant\Documents\ECOAGRO\apache-tomcat-11.0.25\conf\Catalina\localhost\ROOT.xml]
27-Sep-2026 16:08:49.009 ADVERTENCIA [http-nio-8080-exec-9] org.apache.catalina.startup.HostConfig.deployDescriptor The path attribute with value [] in deployment descriptor [C:\Users\juant\Documents\ECOAGRO\apache-tomcat-11.0.25\conf\Catalina\localhost\ROOT.xml] has been ignored
27-Sep-2026 16:08:50.205 INFORMACIÓN [http-nio-8080-exec-9] org.apache.jasper.servlet.TldScanner.scanJars Al menos un JAR, que se ha explorado buscando TLDs, aún no contenía TLDs. Activar historial de depuración para este historiador para una completa lista de los JARs que fueron explorados y de los que nos se halló TLDs. Saltarse JARs no necesarios durante la exploración puede dar lugar a una mejora de tiempo significativa en el arranque y compilación de JSP .
27-Sep-2026 16:08:50.213 INFORMACIÓN [http-nio-8080-exec-9] org.apache.catalina.startup.HostConfig.deployDescriptor Deployment of deployment descriptor [C:\Users\juant\Documents\ECOAGRO\apache-tomcat-11.0.25\conf\Catalina\localhost\ROOT.xml] has finished in [1.207] ms
27-Sep-2026 16:08:50.222 INFORMACIÓN [http-nio-8080-exec-5] org.apache.catalina.util.LifecycleBase.start The start() method was called on component [StandardEngine[Catalina].StandardHost[localhost].StandardContext[]] after start() had already been called. The second call will be ignored.
27-Sep-2026 18:32:58.779 INFORMACIÓN [main] org.apache.catalina.core.StandardServer.await Se ha recibido un comando de apagado a través del puerto de apagado. Parando la instancia del Servidor.
27-Sep-2026 18:32:58.787 INFORMACIÓN [main] org.apache.coyote.AbstractProtocol.pause Pausing ProtocolHandler ["http-nio-8080"]
27-Sep-2026 18:32:58.798 INFORMACIÓN [main] org.apache.catalina.core.StandardService.stopInternal Parando servicio [Catalina]
27-Sep-2026 18:32:58.822 INFORMACIÓN [main] org.apache.coyote.AbstractProtocol.stop Stopping ProtocolHandler ["http-nio-8080"]
27-Sep-2026 18:32:58.835 INFORMACIÓN [main] org.apache.coyote.AbstractProtocol.destroy Destroying ProtocolHandler ["http-nio-8080"]
