10-Sep-2026 15:31:08.163 INFORMACIÓN [main] org.apache.catalina.startup.VersionLoggerListener.log Nombre de la versión del servidor: Apache Tomcat/11.0.25
10-Sep-2026 15:31:08.165 INFORMACIÓN [main] org.apache.catalina.startup.VersionLoggerListener.log Server built:                      Aug 12 2026 12:46:04 UTC
10-Sep-2026 15:31:08.166 INFORMACIÓN [main] org.apache.catalina.startup.VersionLoggerListener.log Número de versión de servidor:     11.0.25.0
10-Sep-2026 15:31:08.166 INFORMACIÓN [main] org.apache.catalina.startup.VersionLoggerListener.log OS Name:                           Windows 11
10-Sep-2026 15:31:08.166 INFORMACIÓN [main] org.apache.catalina.startup.VersionLoggerListener.log Versión de Systema Operativo:      10.0
10-Sep-2026 15:31:08.166 INFORMACIÓN [main] org.apache.catalina.startup.VersionLoggerListener.log Arquitectura:                      amd64
10-Sep-2026 15:31:08.166 INFORMACIÓN [main] org.apache.catalina.startup.VersionLoggerListener.log Java Home:                         C:\Program Files\Apache NetBeans\jdk
10-Sep-2026 15:31:08.166 INFORMACIÓN [main] org.apache.catalina.startup.VersionLoggerListener.log JVM Version:                       26.0.2+10
10-Sep-2026 15:31:08.166 INFORMACIÓN [main] org.apache.catalina.startup.VersionLoggerListener.log Vededor JVM:                       Eclipse Adoptium
10-Sep-2026 15:31:08.167 INFORMACIÓN [main] org.apache.catalina.startup.VersionLoggerListener.log CATALINA_BASE:                     C:\Users\juant\Documents\ECOAGRO\apache-tomcat-11.0.25
10-Sep-2026 15:31:08.167 INFORMACIÓN [main] org.apache.catalina.startup.VersionLoggerListener.log CATALINA_HOME:                     C:\Users\juant\Documents\ECOAGRO\apache-tomcat-11.0.25
10-Sep-2026 15:31:08.174 INFORMACIÓN [main] org.apache.catalina.startup.VersionLoggerListener.log Command line argument:             -Djava.util.logging.config.file=C:\Users\juant\Documents\ECOAGRO\apache-tomcat-11.0.25\conf\logging.properties
10-Sep-2026 15:31:08.174 INFORMACIÓN [main] org.apache.catalina.startup.VersionLoggerListener.log Command line argument:             -Djava.util.logging.manager=org.apache.juli.ClassLoaderLogManager
10-Sep-2026 15:31:08.174 INFORMACIÓN [main] org.apache.catalina.startup.VersionLoggerListener.log Command line argument:             -Djdk.tls.ephemeralDHKeySize=2048
10-Sep-2026 15:31:08.174 INFORMACIÓN [main] org.apache.catalina.startup.VersionLoggerListener.log Command line argument:             --add-opens=java.base/java.lang=ALL-UNNAMED
10-Sep-2026 15:31:08.174 INFORMACIÓN [main] org.apache.catalina.startup.VersionLoggerListener.log Command line argument:             --add-opens=java.base/java.lang.reflect=ALL-UNNAMED
10-Sep-2026 15:31:08.175 INFORMACIÓN [main] org.apache.catalina.startup.VersionLoggerListener.log Command line argument:             --add-opens=java.base/java.io=ALL-UNNAMED
10-Sep-2026 15:31:08.175 INFORMACIÓN [main] org.apache.catalina.startup.VersionLoggerListener.log Command line argument:             --add-opens=java.base/java.util=ALL-UNNAMED
10-Sep-2026 15:31:08.175 INFORMACIÓN [main] org.apache.catalina.startup.VersionLoggerListener.log Command line argument:             --add-opens=java.base/java.util.concurrent=ALL-UNNAMED
10-Sep-2026 15:31:08.175 INFORMACIÓN [main] org.apache.catalina.startup.VersionLoggerListener.log Command line argument:             --add-opens=java.rmi/sun.rmi.transport=ALL-UNNAMED
10-Sep-2026 15:31:08.175 INFORMACIÓN [main] org.apache.catalina.startup.VersionLoggerListener.log Command line argument:             --enable-native-access=ALL-UNNAMED
10-Sep-2026 15:31:08.175 INFORMACIÓN [main] org.apache.catalina.startup.VersionLoggerListener.log Command line argument:             -Dcatalina.base=C:\Users\juant\Documents\ECOAGRO\apache-tomcat-11.0.25
10-Sep-2026 15:31:08.175 INFORMACIÓN [main] org.apache.catalina.startup.VersionLoggerListener.log Command line argument:             -Dcatalina.home=C:\Users\juant\Documents\ECOAGRO\apache-tomcat-11.0.25
10-Sep-2026 15:31:08.175 INFORMACIÓN [main] org.apache.catalina.startup.VersionLoggerListener.log Command line argument:             -Djava.io.tmpdir=C:\Users\juant\Documents\ECOAGRO\apache-tomcat-11.0.25\temp
10-Sep-2026 15:31:08.188 INFORMACIÓN [main] org.apache.catalina.core.AprLifecycleListener.lifecycleEvent Cargada la biblioteca nativa APR de Apache Tomcat [2.0.15] con la versión APR [1.7.6].
10-Sep-2026 15:31:08.206 INFORMACIÓN [main] org.apache.catalina.core.AprLifecycleListener.initializeSSL OpenSSL inicializado correctamente [OpenSSL 3.5.7 9 Jun 2026]
10-Sep-2026 15:31:08.422 INFORMACIÓN [main] org.apache.coyote.AbstractProtocol.init Inicializando el manejador de protocolo ["http-nio-8080"]

10-Sep-2026 15:31:08.446 INFORMACIÓN [main] org.apache.catalina.startup.Catalina.load Server initialization in [449] milliseconds
10-Sep-2026 15:31:08.488 INFORMACIÓN [main] org.apache.catalina.core.StandardService.startInternal Arrancando servicio [Catalina]
10-Sep-2026 15:31:08.488 INFORMACIÓN [main] org.apache.catalina.core.StandardEngine.startInternal Starting Servlet engine: [Apache Tomcat/11.0.25]
10-Sep-2026 15:31:08.497 INFORMACIÓN [main] org.apache.catalina.startup.HostConfig.deployDescriptor Desplieque del descriptor de configuración [C:\Users\juant\Documents\ECOAGRO\apache-tomcat-11.0.25\conf\Catalina\localhost\ROOT.xml]
10-Sep-2026 15:31:08.511 ADVERTENCIA [main] org.apache.catalina.startup.HostConfig.deployDescriptor The path attribute with value [] in deployment descriptor [C:\Users\juant\Documents\ECOAGRO\apache-tomcat-11.0.25\conf\Catalina\localhost\ROOT.xml] has been ignored
10-Sep-2026 15:31:08.778 INFORMACIÓN [main] org.apache.catalina.startup.HostConfig.deployDescriptor Deployment of deployment descriptor [C:\Users\juant\Documents\ECOAGRO\apache-tomcat-11.0.25\conf\Catalina\localhost\ROOT.xml] has finished in [278] ms
10-Sep-2026 15:31:08.779 INFORMACIÓN [main] org.apache.catalina.startup.HostConfig.deployDirectory Desplegando el directorio [C:\Users\juant\Documents\ECOAGRO\apache-tomcat-11.0.25\webapps\docs] de la aplicación web
10-Sep-2026 15:31:08.809 INFORMACIÓN [main] org.apache.catalina.startup.HostConfig.deployDirectory Deployment of web application directory [C:\Users\juant\Documents\ECOAGRO\apache-tomcat-11.0.25\webapps\docs] has finished in [30] ms
10-Sep-2026 15:31:08.809 INFORMACIÓN [main] org.apache.catalina.startup.HostConfig.deployDirectory Desplegando el directorio [C:\Users\juant\Documents\ECOAGRO\apache-tomcat-11.0.25\webapps\examples] de la aplicación web
10-Sep-2026 15:31:09.144 INFORMACIÓN [main] org.apache.catalina.startup.HostConfig.deployDirectory Deployment of web application directory [C:\Users\juant\Documents\ECOAGRO\apache-tomcat-11.0.25\webapps\examples] has finished in [335] ms
10-Sep-2026 15:31:09.145 INFORMACIÓN [main] org.apache.catalina.startup.HostConfig.deployDirectory Desplegando el directorio [C:\Users\juant\Documents\ECOAGRO\apache-tomcat-11.0.25\webapps\host-manager] de la aplicación web
10-Sep-2026 15:31:09.186 INFORMACIÓN [main] org.apache.catalina.startup.HostConfig.deployDirectory Deployment of web application directory [C:\Users\juant\Documents\ECOAGRO\apache-tomcat-11.0.25\webapps\host-manager] has finished in [41] ms
10-Sep-2026 15:31:09.187 INFORMACIÓN [main] org.apache.catalina.startup.HostConfig.deployDirectory Desplegando el directorio [C:\Users\juant\Documents\ECOAGRO\apache-tomcat-11.0.25\webapps\manager] de la aplicación web
10-Sep-2026 15:31:09.224 INFORMACIÓN [main] org.apache.catalina.startup.HostConfig.deployDirectory Deployment of web application directory [C:\Users\juant\Documents\ECOAGRO\apache-tomcat-11.0.25\webapps\manager] has finished in [37] ms
10-Sep-2026 15:31:09.228 INFORMACIÓN [main] org.apache.coyote.AbstractProtocol.start Starting ProtocolHandler ["http-nio-8080"]
10-Sep-2026 15:31:09.264 INFORMACIÓN [main] org.apache.catalina.startup.Catalina.start Server startup in [815] milliseconds
10-Sep-2026 15:31:09.917 INFORMACIÓN [http-nio-8080-exec-7] org.apache.catalina.startup.HostConfig.undeploy Repliegue (undeploy) de la aplicación web que tiene como trayectoria de contexto []
10-Sep-2026 15:31:09.960 INFORMACIÓN [http-nio-8080-exec-8] org.apache.catalina.startup.HostConfig.deployDescriptor Desplieque del descriptor de configuración [C:\Users\juant\Documents\ECOAGRO\apache-tomcat-11.0.25\conf\Catalina\localhost\ROOT.xml]
10-Sep-2026 15:31:09.961 ADVERTENCIA [http-nio-8080-exec-8] org.apache.catalina.startup.HostConfig.deployDescriptor The path attribute with value [] in deployment descriptor [C:\Users\juant\Documents\ECOAGRO\apache-tomcat-11.0.25\conf\Catalina\localhost\ROOT.xml] has been ignored
10-Sep-2026 15:31:09.992 INFORMACIÓN [http-nio-8080-exec-8] org.apache.catalina.startup.HostConfig.deployDescriptor Deployment of deployment descriptor [C:\Users\juant\Documents\ECOAGRO\apache-tomcat-11.0.25\conf\Catalina\localhost\ROOT.xml] has finished in [32] ms
10-Sep-2026 15:31:09.995 INFORMACIÓN [http-nio-8080-exec-9] org.apache.catalina.util.LifecycleBase.start The start() method was called on component [StandardEngine[Catalina].StandardHost[localhost].StandardContext[]] after start() had already been called. The second call will be ignored.
10-Sep-2026 16:30:31.887 INFORMACIÓN [http-nio-8080-exec-11] org.apache.catalina.startup.HostConfig.undeploy Repliegue (undeploy) de la aplicación web que tiene como trayectoria de contexto []
10-Sep-2026 16:30:31.913 INFORMACIÓN [http-nio-8080-exec-13] org.apache.catalina.startup.HostConfig.deployDescriptor Desplieque del descriptor de configuración [C:\Users\juant\Documents\ECOAGRO\apache-tomcat-11.0.25\conf\Catalina\localhost\ROOT.xml]
10-Sep-2026 16:30:31.916 ADVERTENCIA [http-nio-8080-exec-13] org.apache.catalina.startup.HostConfig.deployDescriptor The path attribute with value [] in deployment descriptor [C:\Users\juant\Documents\ECOAGRO\apache-tomcat-11.0.25\conf\Catalina\localhost\ROOT.xml] has been ignored
10-Sep-2026 16:30:31.978 INFORMACIÓN [http-nio-8080-exec-13] org.apache.catalina.startup.HostConfig.deployDescriptor Deployment of deployment descriptor [C:\Users\juant\Documents\ECOAGRO\apache-tomcat-11.0.25\conf\Catalina\localhost\ROOT.xml] has finished in [64] ms
10-Sep-2026 16:30:31.981 INFORMACIÓN [http-nio-8080-exec-16] org.apache.catalina.util.LifecycleBase.start The start() method was called on component [StandardEngine[Catalina].StandardHost[localhost].StandardContext[]] after start() had already been called. The second call will be ignored.
10-Sep-2026 19:47:12.394 INFORMACIÓN [main] org.apache.catalina.core.StandardServer.await Se ha recibido un comando de apagado a través del puerto de apagado. Parando la instancia del Servidor.
10-Sep-2026 19:47:12.405 INFORMACIÓN [main] org.apache.coyote.AbstractProtocol.pause Pausing ProtocolHandler ["http-nio-8080"]
10-Sep-2026 19:47:12.425 INFORMACIÓN [main] org.apache.catalina.core.StandardService.stopInternal Parando servicio [Catalina]
10-Sep-2026 19:47:12.460 INFORMACIÓN [main] org.apache.coyote.AbstractProtocol.stop Stopping ProtocolHandler ["http-nio-8080"]
10-Sep-2026 19:47:12.479 INFORMACIÓN [main] org.apache.coyote.AbstractProtocol.destroy Destroying ProtocolHandler ["http-nio-8080"]
10-Sep-2026 20:56:04.515 INFORMACIÓN [main] org.apache.catalina.startup.VersionLoggerListener.log Nombre de la versión del servidor: Apache Tomcat/11.0.25
10-Sep-2026 20:56:04.517 INFORMACIÓN [main] org.apache.catalina.startup.VersionLoggerListener.log Server built:                      Aug 12 2026 12:46:04 UTC
10-Sep-2026 20:56:04.517 INFORMACIÓN [main] org.apache.catalina.startup.VersionLoggerListener.log Número de versión de servidor:     11.0.25.0
10-Sep-2026 20:56:04.517 INFORMACIÓN [main] org.apache.catalina.startup.VersionLoggerListener.log OS Name:                           Windows 11
10-Sep-2026 20:56:04.517 INFORMACIÓN [main] org.apache.catalina.startup.VersionLoggerListener.log Versión de Systema Operativo:      10.0
10-Sep-2026 20:56:04.517 INFORMACIÓN [main] org.apache.catalina.startup.VersionLoggerListener.log Arquitectura:                      amd64
10-Sep-2026 20:56:04.519 INFORMACIÓN [main] org.apache.catalina.startup.VersionLoggerListener.log Java Home:                         C:\Program Files\Apache NetBeans\jdk
10-Sep-2026 20:56:04.519 INFORMACIÓN [main] org.apache.catalina.startup.VersionLoggerListener.log JVM Version:                       26.0.2+10
10-Sep-2026 20:56:04.519 INFORMACIÓN [main] org.apache.catalina.startup.VersionLoggerListener.log Vededor JVM:                       Eclipse Adoptium
10-Sep-2026 20:56:04.519 INFORMACIÓN [main] org.apache.catalina.startup.VersionLoggerListener.log CATALINA_BASE:                     C:\Users\juant\Documents\ECOAGRO\apache-tomcat-11.0.25
10-Sep-2026 20:56:04.519 INFORMACIÓN [main] org.apache.catalina.startup.VersionLoggerListener.log CATALINA_HOME:                     C:\Users\juant\Documents\ECOAGRO\apache-tomcat-11.0.25
10-Sep-2026 20:56:04.529 INFORMACIÓN [main] org.apache.catalina.startup.VersionLoggerListener.log Command line argument:             -Djava.util.logging.config.file=C:\Users\juant\Documents\ECOAGRO\apache-tomcat-11.0.25\conf\logging.properties
10-Sep-2026 20:56:04.529 INFORMACIÓN [main] org.apache.catalina.startup.VersionLoggerListener.log Command line argument:             -Djava.util.logging.manager=org.apache.juli.ClassLoaderLogManager
10-Sep-2026 20:56:04.529 INFORMACIÓN [main] org.apache.catalina.startup.VersionLoggerListener.log Command line argument:             -Djdk.tls.ephemeralDHKeySize=2048
10-Sep-2026 20:56:04.530 INFORMACIÓN [main] org.apache.catalina.startup.VersionLoggerListener.log Command line argument:             --add-opens=java.base/java.lang=ALL-UNNAMED
10-Sep-2026 20:56:04.530 INFORMACIÓN [main] org.apache.catalina.startup.VersionLoggerListener.log Command line argument:             --add-opens=java.base/java.lang.reflect=ALL-UNNAMED
10-Sep-2026 20:56:04.530 INFORMACIÓN [main] org.apache.catalina.startup.VersionLoggerListener.log Command line argument:             --add-opens=java.base/java.io=ALL-UNNAMED
10-Sep-2026 20:56:04.530 INFORMACIÓN [main] org.apache.catalina.startup.VersionLoggerListener.log Command line argument:             --add-opens=java.base/java.util=ALL-UNNAMED
10-Sep-2026 20:56:04.530 INFORMACIÓN [main] org.apache.catalina.startup.VersionLoggerListener.log Command line argument:             --add-opens=java.base/java.util.concurrent=ALL-UNNAMED
10-Sep-2026 20:56:04.530 INFORMACIÓN [main] org.apache.catalina.startup.VersionLoggerListener.log Command line argument:             --add-opens=java.rmi/sun.rmi.transport=ALL-UNNAMED
10-Sep-2026 20:56:04.530 INFORMACIÓN [main] org.apache.catalina.startup.VersionLoggerListener.log Command line argument:             --enable-native-access=ALL-UNNAMED
10-Sep-2026 20:56:04.530 INFORMACIÓN [main] org.apache.catalina.startup.VersionLoggerListener.log Command line argument:             -Dcatalina.base=C:\Users\juant\Documents\ECOAGRO\apache-tomcat-11.0.25
10-Sep-2026 20:56:04.530 INFORMACIÓN [main] org.apache.catalina.startup.VersionLoggerListener.log Command line argument:             -Dcatalina.home=C:\Users\juant\Documents\ECOAGRO\apache-tomcat-11.0.25
10-Sep-2026 20:56:04.531 INFORMACIÓN [main] org.apache.catalina.startup.VersionLoggerListener.log Command line argument:             -Djava.io.tmpdir=C:\Users\juant\Documents\ECOAGRO\apache-tomcat-11.0.25\temp
10-Sep-2026 20:56:04.607 INFORMACIÓN [main] org.apache.catalina.core.AprLifecycleListener.lifecycleEvent Cargada la biblioteca nativa APR de Apache Tomcat [2.0.15] con la versión APR [1.7.6].
10-Sep-2026 20:56:04.621 INFORMACIÓN [main] org.apache.catalina.core.AprLifecycleListener.initializeSSL OpenSSL inicializado correctamente [OpenSSL 3.5.7 9 Jun 2026]
10-Sep-2026 20:56:05.080 INFORMACIÓN [main] org.apache.coyote.AbstractProtocol.init Inicializando el manejador de protocolo ["http-nio-8080"]

10-Sep-2026 20:56:05.112 INFORMACIÓN [main] org.apache.catalina.startup.Catalina.load Server initialization in [773] milliseconds
10-Sep-2026 20:56:05.194 INFORMACIÓN [main] org.apache.catalina.core.StandardService.startInternal Arrancando servicio [Catalina]
10-Sep-2026 20:56:05.194 INFORMACIÓN [main] org.apache.catalina.core.StandardEngine.startInternal Starting Servlet engine: [Apache Tomcat/11.0.25]
10-Sep-2026 20:56:05.205 INFORMACIÓN [main] org.apache.catalina.startup.HostConfig.deployDescriptor Desplieque del descriptor de configuración [C:\Users\juant\Documents\ECOAGRO\apache-tomcat-11.0.25\conf\Catalina\localhost\ROOT.xml]
10-Sep-2026 20:56:05.221 ADVERTENCIA [main] org.apache.catalina.startup.HostConfig.deployDescriptor The path attribute with value [] in deployment descriptor [C:\Users\juant\Documents\ECOAGRO\apache-tomcat-11.0.25\conf\Catalina\localhost\ROOT.xml] has been ignored
10-Sep-2026 20:56:05.540 INFORMACIÓN [main] org.apache.catalina.startup.HostConfig.deployDescriptor Deployment of deployment descriptor [C:\Users\juant\Documents\ECOAGRO\apache-tomcat-11.0.25\conf\Catalina\localhost\ROOT.xml] has finished in [327] ms
10-Sep-2026 20:56:05.541 INFORMACIÓN [main] org.apache.catalina.startup.HostConfig.deployDirectory Desplegando el directorio [C:\Users\juant\Documents\ECOAGRO\apache-tomcat-11.0.25\webapps\docs] de la aplicación web
10-Sep-2026 20:56:05.579 INFORMACIÓN [main] org.apache.catalina.startup.HostConfig.deployDirectory Deployment of web application directory [C:\Users\juant\Documents\ECOAGRO\apache-tomcat-11.0.25\webapps\docs] has finished in [38] ms
10-Sep-2026 20:56:05.580 INFORMACIÓN [main] org.apache.catalina.startup.HostConfig.deployDirectory Desplegando el directorio [C:\Users\juant\Documents\ECOAGRO\apache-tomcat-11.0.25\webapps\examples] de la aplicación web
10-Sep-2026 20:56:05.961 INFORMACIÓN [main] org.apache.catalina.startup.HostConfig.deployDirectory Deployment of web application directory [C:\Users\juant\Documents\ECOAGRO\apache-tomcat-11.0.25\webapps\examples] has finished in [381] ms
10-Sep-2026 20:56:05.962 INFORMACIÓN [main] org.apache.catalina.startup.HostConfig.deployDirectory Desplegando el directorio [C:\Users\juant\Documents\ECOAGRO\apache-tomcat-11.0.25\webapps\host-manager] de la aplicación web
10-Sep-2026 20:56:06.012 INFORMACIÓN [main] org.apache.catalina.startup.HostConfig.deployDirectory Deployment of web application directory [C:\Users\juant\Documents\ECOAGRO\apache-tomcat-11.0.25\webapps\host-manager] has finished in [50] ms
10-Sep-2026 20:56:06.012 INFORMACIÓN [main] org.apache.catalina.startup.HostConfig.deployDirectory Desplegando el directorio [C:\Users\juant\Documents\ECOAGRO\apache-tomcat-11.0.25\webapps\manager] de la aplicación web
10-Sep-2026 20:56:06.042 INFORMACIÓN [main] org.apache.catalina.startup.HostConfig.deployDirectory Deployment of web application directory [C:\Users\juant\Documents\ECOAGRO\apache-tomcat-11.0.25\webapps\manager] has finished in [29] ms
10-Sep-2026 20:56:06.045 INFORMACIÓN [main] org.apache.coyote.AbstractProtocol.start Starting ProtocolHandler ["http-nio-8080"]
10-Sep-2026 20:56:06.076 INFORMACIÓN [main] org.apache.catalina.startup.Catalina.start Server startup in [959] milliseconds
10-Sep-2026 20:56:06.703 INFORMACIÓN [http-nio-8080-exec-6] org.apache.catalina.startup.HostConfig.undeploy Repliegue (undeploy) de la aplicación web que tiene como trayectoria de contexto []
10-Sep-2026 20:56:06.737 INFORMACIÓN [http-nio-8080-exec-1] org.apache.catalina.startup.HostConfig.deployDescriptor Desplieque del descriptor de configuración [C:\Users\juant\Documents\ECOAGRO\apache-tomcat-11.0.25\conf\Catalina\localhost\ROOT.xml]
10-Sep-2026 20:56:06.739 ADVERTENCIA [http-nio-8080-exec-1] org.apache.catalina.startup.HostConfig.deployDescriptor The path attribute with value [] in deployment descriptor [C:\Users\juant\Documents\ECOAGRO\apache-tomcat-11.0.25\conf\Catalina\localhost\ROOT.xml] has been ignored
10-Sep-2026 20:56:06.817 INFORMACIÓN [http-nio-8080-exec-1] org.apache.catalina.startup.HostConfig.deployDescriptor Deployment of deployment descriptor [C:\Users\juant\Documents\ECOAGRO\apache-tomcat-11.0.25\conf\Catalina\localhost\ROOT.xml] has finished in [79] ms
10-Sep-2026 20:56:06.822 INFORMACIÓN [http-nio-8080-exec-3] org.apache.catalina.util.LifecycleBase.start The start() method was called on component [StandardEngine[Catalina].StandardHost[localhost].StandardContext[]] after start() had already been called. The second call will be ignored.
10-Sep-2026 21:31:57.176 INFORMACIÓN [main] org.apache.catalina.core.StandardServer.await Se ha recibido un comando de apagado a través del puerto de apagado. Parando la instancia del Servidor.
10-Sep-2026 21:31:57.178 INFORMACIÓN [main] org.apache.coyote.AbstractProtocol.pause Pausing ProtocolHandler ["http-nio-8080"]
10-Sep-2026 21:31:57.189 INFORMACIÓN [main] org.apache.catalina.core.StandardService.stopInternal Parando servicio [Catalina]
10-Sep-2026 21:31:57.208 INFORMACIÓN [main] org.apache.coyote.AbstractProtocol.stop Stopping ProtocolHandler ["http-nio-8080"]
10-Sep-2026 21:31:57.215 INFORMACIÓN [main] org.apache.coyote.AbstractProtocol.destroy Destroying ProtocolHandler ["http-nio-8080"]
