11-Sep-2026 10:21:51.899 INFORMACIÓN [main] org.apache.catalina.startup.VersionLoggerListener.log Nombre de la versión del servidor: Apache Tomcat/11.0.25
11-Sep-2026 10:21:51.901 INFORMACIÓN [main] org.apache.catalina.startup.VersionLoggerListener.log Server built:                      Aug 12 2026 12:46:04 UTC
11-Sep-2026 10:21:51.902 INFORMACIÓN [main] org.apache.catalina.startup.VersionLoggerListener.log Número de versión de servidor:     11.0.25.0
11-Sep-2026 10:21:51.902 INFORMACIÓN [main] org.apache.catalina.startup.VersionLoggerListener.log OS Name:                           Windows 11
11-Sep-2026 10:21:51.902 INFORMACIÓN [main] org.apache.catalina.startup.VersionLoggerListener.log Versión de Systema Operativo:      10.0
11-Sep-2026 10:21:51.902 INFORMACIÓN [main] org.apache.catalina.startup.VersionLoggerListener.log Arquitectura:                      amd64
11-Sep-2026 10:21:51.902 INFORMACIÓN [main] org.apache.catalina.startup.VersionLoggerListener.log Java Home:                         C:\Program Files\Apache NetBeans\jdk
11-Sep-2026 10:21:51.902 INFORMACIÓN [main] org.apache.catalina.startup.VersionLoggerListener.log JVM Version:                       26.0.2+10
11-Sep-2026 10:21:51.902 INFORMACIÓN [main] org.apache.catalina.startup.VersionLoggerListener.log Vededor JVM:                       Eclipse Adoptium
11-Sep-2026 10:21:51.903 INFORMACIÓN [main] org.apache.catalina.startup.VersionLoggerListener.log CATALINA_BASE:                     C:\Users\juant\Documents\ECOAGRO\apache-tomcat-11.0.25
11-Sep-2026 10:21:51.903 INFORMACIÓN [main] org.apache.catalina.startup.VersionLoggerListener.log CATALINA_HOME:                     C:\Users\juant\Documents\ECOAGRO\apache-tomcat-11.0.25
11-Sep-2026 10:21:51.910 INFORMACIÓN [main] org.apache.catalina.startup.VersionLoggerListener.log Command line argument:             -Djava.util.logging.config.file=C:\Users\juant\Documents\ECOAGRO\apache-tomcat-11.0.25\conf\logging.properties
11-Sep-2026 10:21:51.910 INFORMACIÓN [main] org.apache.catalina.startup.VersionLoggerListener.log Command line argument:             -Djava.util.logging.manager=org.apache.juli.ClassLoaderLogManager
11-Sep-2026 10:21:51.911 INFORMACIÓN [main] org.apache.catalina.startup.VersionLoggerListener.log Command line argument:             -Djdk.tls.ephemeralDHKeySize=2048
11-Sep-2026 10:21:51.911 INFORMACIÓN [main] org.apache.catalina.startup.VersionLoggerListener.log Command line argument:             --add-opens=java.base/java.lang=ALL-UNNAMED
11-Sep-2026 10:21:51.911 INFORMACIÓN [main] org.apache.catalina.startup.VersionLoggerListener.log Command line argument:             --add-opens=java.base/java.lang.reflect=ALL-UNNAMED
11-Sep-2026 10:21:51.911 INFORMACIÓN [main] org.apache.catalina.startup.VersionLoggerListener.log Command line argument:             --add-opens=java.base/java.io=ALL-UNNAMED
11-Sep-2026 10:21:51.911 INFORMACIÓN [main] org.apache.catalina.startup.VersionLoggerListener.log Command line argument:             --add-opens=java.base/java.util=ALL-UNNAMED
11-Sep-2026 10:21:51.911 INFORMACIÓN [main] org.apache.catalina.startup.VersionLoggerListener.log Command line argument:             --add-opens=java.base/java.util.concurrent=ALL-UNNAMED
11-Sep-2026 10:21:51.911 INFORMACIÓN [main] org.apache.catalina.startup.VersionLoggerListener.log Command line argument:             --add-opens=java.rmi/sun.rmi.transport=ALL-UNNAMED
11-Sep-2026 10:21:51.911 INFORMACIÓN [main] org.apache.catalina.startup.VersionLoggerListener.log Command line argument:             --enable-native-access=ALL-UNNAMED
11-Sep-2026 10:21:51.911 INFORMACIÓN [main] org.apache.catalina.startup.VersionLoggerListener.log Command line argument:             -Dcatalina.base=C:\Users\juant\Documents\ECOAGRO\apache-tomcat-11.0.25
11-Sep-2026 10:21:51.911 INFORMACIÓN [main] org.apache.catalina.startup.VersionLoggerListener.log Command line argument:             -Dcatalina.home=C:\Users\juant\Documents\ECOAGRO\apache-tomcat-11.0.25
11-Sep-2026 10:21:51.911 INFORMACIÓN [main] org.apache.catalina.startup.VersionLoggerListener.log Command line argument:             -Djava.io.tmpdir=C:\Users\juant\Documents\ECOAGRO\apache-tomcat-11.0.25\temp
11-Sep-2026 10:21:51.998 INFORMACIÓN [main] org.apache.catalina.core.AprLifecycleListener.lifecycleEvent Cargada la biblioteca nativa APR de Apache Tomcat [2.0.15] con la versión APR [1.7.6].
11-Sep-2026 10:21:52.022 INFORMACIÓN [main] org.apache.catalina.core.AprLifecycleListener.initializeSSL OpenSSL inicializado correctamente [OpenSSL 3.5.7 9 Jun 2026]
11-Sep-2026 10:21:52.293 INFORMACIÓN [main] org.apache.coyote.AbstractProtocol.init Inicializando el manejador de protocolo ["http-nio-8080"]

11-Sep-2026 10:21:52.323 INFORMACIÓN [main] org.apache.catalina.startup.Catalina.load Server initialization in [649] milliseconds
11-Sep-2026 10:21:52.399 INFORMACIÓN [main] org.apache.catalina.core.StandardService.startInternal Arrancando servicio [Catalina]
11-Sep-2026 10:21:52.399 INFORMACIÓN [main] org.apache.catalina.core.StandardEngine.startInternal Starting Servlet engine: [Apache Tomcat/11.0.25]
11-Sep-2026 10:21:52.408 INFORMACIÓN [main] org.apache.catalina.startup.HostConfig.deployDescriptor Desplieque del descriptor de configuración [C:\Users\juant\Documents\ECOAGRO\apache-tomcat-11.0.25\conf\Catalina\localhost\ROOT.xml]
11-Sep-2026 10:21:52.431 ADVERTENCIA [main] org.apache.catalina.startup.HostConfig.deployDescriptor The path attribute with value [] in deployment descriptor [C:\Users\juant\Documents\ECOAGRO\apache-tomcat-11.0.25\conf\Catalina\localhost\ROOT.xml] has been ignored
11-Sep-2026 10:21:52.754 INFORMACIÓN [main] org.apache.catalina.startup.HostConfig.deployDescriptor Deployment of deployment descriptor [C:\Users\juant\Documents\ECOAGRO\apache-tomcat-11.0.25\conf\Catalina\localhost\ROOT.xml] has finished in [342] ms
11-Sep-2026 10:21:52.755 INFORMACIÓN [main] org.apache.catalina.startup.HostConfig.deployDirectory Desplegando el directorio [C:\Users\juant\Documents\ECOAGRO\apache-tomcat-11.0.25\webapps\docs] de la aplicación web
11-Sep-2026 10:21:52.790 INFORMACIÓN [main] org.apache.catalina.startup.HostConfig.deployDirectory Deployment of web application directory [C:\Users\juant\Documents\ECOAGRO\apache-tomcat-11.0.25\webapps\docs] has finished in [34] ms
11-Sep-2026 10:21:52.790 INFORMACIÓN [main] org.apache.catalina.startup.HostConfig.deployDirectory Desplegando el directorio [C:\Users\juant\Documents\ECOAGRO\apache-tomcat-11.0.25\webapps\examples] de la aplicación web
11-Sep-2026 10:21:53.264 INFORMACIÓN [main] org.apache.catalina.startup.HostConfig.deployDirectory Deployment of web application directory [C:\Users\juant\Documents\ECOAGRO\apache-tomcat-11.0.25\webapps\examples] has finished in [474] ms
11-Sep-2026 10:21:53.264 INFORMACIÓN [main] org.apache.catalina.startup.HostConfig.deployDirectory Desplegando el directorio [C:\Users\juant\Documents\ECOAGRO\apache-tomcat-11.0.25\webapps\host-manager] de la aplicación web
11-Sep-2026 10:21:53.329 INFORMACIÓN [main] org.apache.catalina.startup.HostConfig.deployDirectory Deployment of web application directory [C:\Users\juant\Documents\ECOAGRO\apache-tomcat-11.0.25\webapps\host-manager] has finished in [65] ms
11-Sep-2026 10:21:53.330 INFORMACIÓN [main] org.apache.catalina.startup.HostConfig.deployDirectory Desplegando el directorio [C:\Users\juant\Documents\ECOAGRO\apache-tomcat-11.0.25\webapps\manager] de la aplicación web
11-Sep-2026 10:21:53.387 INFORMACIÓN [main] org.apache.catalina.startup.HostConfig.deployDirectory Deployment of web application directory [C:\Users\juant\Documents\ECOAGRO\apache-tomcat-11.0.25\webapps\manager] has finished in [57] ms
11-Sep-2026 10:21:53.392 INFORMACIÓN [main] org.apache.coyote.AbstractProtocol.start Starting ProtocolHandler ["http-nio-8080"]
11-Sep-2026 10:21:53.426 INFORMACIÓN [main] org.apache.catalina.startup.Catalina.start Server startup in [1100] milliseconds
11-Sep-2026 10:21:54.114 INFORMACIÓN [http-nio-8080-exec-7] org.apache.catalina.startup.HostConfig.undeploy Repliegue (undeploy) de la aplicación web que tiene como trayectoria de contexto []
11-Sep-2026 10:21:54.156 INFORMACIÓN [http-nio-8080-exec-4] org.apache.catalina.startup.HostConfig.deployDescriptor Desplieque del descriptor de configuración [C:\Users\juant\Documents\ECOAGRO\apache-tomcat-11.0.25\conf\Catalina\localhost\ROOT.xml]
11-Sep-2026 10:21:54.158 ADVERTENCIA [http-nio-8080-exec-4] org.apache.catalina.startup.HostConfig.deployDescriptor The path attribute with value [] in deployment descriptor [C:\Users\juant\Documents\ECOAGRO\apache-tomcat-11.0.25\conf\Catalina\localhost\ROOT.xml] has been ignored
11-Sep-2026 10:21:54.214 INFORMACIÓN [http-nio-8080-exec-4] org.apache.catalina.startup.HostConfig.deployDescriptor Deployment of deployment descriptor [C:\Users\juant\Documents\ECOAGRO\apache-tomcat-11.0.25\conf\Catalina\localhost\ROOT.xml] has finished in [58] ms
11-Sep-2026 10:21:54.220 INFORMACIÓN [http-nio-8080-exec-3] org.apache.catalina.util.LifecycleBase.start The start() method was called on component [StandardEngine[Catalina].StandardHost[localhost].StandardContext[]] after start() had already been called. The second call will be ignored.
11-Sep-2026 11:42:26.591 INFORMACIÓN [http-nio-8080-exec-11] org.apache.catalina.startup.HostConfig.undeploy Repliegue (undeploy) de la aplicación web que tiene como trayectoria de contexto []
11-Sep-2026 11:42:26.619 INFORMACIÓN [http-nio-8080-exec-18] org.apache.catalina.startup.HostConfig.deployDescriptor Desplieque del descriptor de configuración [C:\Users\juant\Documents\ECOAGRO\apache-tomcat-11.0.25\conf\Catalina\localhost\ROOT.xml]
11-Sep-2026 11:42:26.621 ADVERTENCIA [http-nio-8080-exec-18] org.apache.catalina.startup.HostConfig.deployDescriptor The path attribute with value [] in deployment descriptor [C:\Users\juant\Documents\ECOAGRO\apache-tomcat-11.0.25\conf\Catalina\localhost\ROOT.xml] has been ignored
11-Sep-2026 11:42:26.669 INFORMACIÓN [http-nio-8080-exec-18] org.apache.catalina.startup.HostConfig.deployDescriptor Deployment of deployment descriptor [C:\Users\juant\Documents\ECOAGRO\apache-tomcat-11.0.25\conf\Catalina\localhost\ROOT.xml] has finished in [52] ms
11-Sep-2026 11:42:26.673 INFORMACIÓN [http-nio-8080-exec-12] org.apache.catalina.util.LifecycleBase.start The start() method was called on component [StandardEngine[Catalina].StandardHost[localhost].StandardContext[]] after start() had already been called. The second call will be ignored.
11-Sep-2026 11:51:19.800 INFORMACIÓN [http-nio-8080-exec-27] org.apache.catalina.startup.HostConfig.undeploy Repliegue (undeploy) de la aplicación web que tiene como trayectoria de contexto []
11-Sep-2026 11:51:19.819 INFORMACIÓN [http-nio-8080-exec-25] org.apache.catalina.startup.HostConfig.deployDescriptor Desplieque del descriptor de configuración [C:\Users\juant\Documents\ECOAGRO\apache-tomcat-11.0.25\conf\Catalina\localhost\ROOT.xml]
11-Sep-2026 11:51:19.821 ADVERTENCIA [http-nio-8080-exec-25] org.apache.catalina.startup.HostConfig.deployDescriptor The path attribute with value [] in deployment descriptor [C:\Users\juant\Documents\ECOAGRO\apache-tomcat-11.0.25\conf\Catalina\localhost\ROOT.xml] has been ignored
11-Sep-2026 11:51:19.871 INFORMACIÓN [http-nio-8080-exec-25] org.apache.catalina.startup.HostConfig.deployDescriptor Deployment of deployment descriptor [C:\Users\juant\Documents\ECOAGRO\apache-tomcat-11.0.25\conf\Catalina\localhost\ROOT.xml] has finished in [52] ms
11-Sep-2026 11:51:19.880 INFORMACIÓN [http-nio-8080-exec-22] org.apache.catalina.util.LifecycleBase.start The start() method was called on component [StandardEngine[Catalina].StandardHost[localhost].StandardContext[]] after start() had already been called. The second call will be ignored.
11-Sep-2026 11:54:46.894 INFORMACIÓN [http-nio-8080-exec-23] org.apache.catalina.startup.HostConfig.undeploy Repliegue (undeploy) de la aplicación web que tiene como trayectoria de contexto []
11-Sep-2026 11:54:46.915 INFORMACIÓN [http-nio-8080-exec-34] org.apache.catalina.startup.HostConfig.deployDescriptor Desplieque del descriptor de configuración [C:\Users\juant\Documents\ECOAGRO\apache-tomcat-11.0.25\conf\Catalina\localhost\ROOT.xml]
11-Sep-2026 11:54:46.919 ADVERTENCIA [http-nio-8080-exec-34] org.apache.catalina.startup.HostConfig.deployDescriptor The path attribute with value [] in deployment descriptor [C:\Users\juant\Documents\ECOAGRO\apache-tomcat-11.0.25\conf\Catalina\localhost\ROOT.xml] has been ignored
11-Sep-2026 11:54:46.974 INFORMACIÓN [http-nio-8080-exec-34] org.apache.catalina.startup.HostConfig.deployDescriptor Deployment of deployment descriptor [C:\Users\juant\Documents\ECOAGRO\apache-tomcat-11.0.25\conf\Catalina\localhost\ROOT.xml] has finished in [60] ms
11-Sep-2026 11:54:46.976 INFORMACIÓN [http-nio-8080-exec-25] org.apache.catalina.util.LifecycleBase.start The start() method was called on component [StandardEngine[Catalina].StandardHost[localhost].StandardContext[]] after start() had already been called. The second call will be ignored.
11-Sep-2026 11:55:31.904 INFORMACIÓN [http-nio-8080-exec-39] org.apache.catalina.startup.HostConfig.undeploy Repliegue (undeploy) de la aplicación web que tiene como trayectoria de contexto []
11-Sep-2026 11:55:31.927 INFORMACIÓN [http-nio-8080-exec-25] org.apache.catalina.startup.HostConfig.deployDescriptor Desplieque del descriptor de configuración [C:\Users\juant\Documents\ECOAGRO\apache-tomcat-11.0.25\conf\Catalina\localhost\ROOT.xml]
11-Sep-2026 11:55:31.928 ADVERTENCIA [http-nio-8080-exec-25] org.apache.catalina.startup.HostConfig.deployDescriptor The path attribute with value [] in deployment descriptor [C:\Users\juant\Documents\ECOAGRO\apache-tomcat-11.0.25\conf\Catalina\localhost\ROOT.xml] has been ignored
11-Sep-2026 11:55:31.989 INFORMACIÓN [http-nio-8080-exec-25] org.apache.catalina.startup.HostConfig.deployDescriptor Deployment of deployment descriptor [C:\Users\juant\Documents\ECOAGRO\apache-tomcat-11.0.25\conf\Catalina\localhost\ROOT.xml] has finished in [63] ms
11-Sep-2026 11:55:31.991 INFORMACIÓN [http-nio-8080-exec-41] org.apache.catalina.util.LifecycleBase.start The start() method was called on component [StandardEngine[Catalina].StandardHost[localhost].StandardContext[]] after start() had already been called. The second call will be ignored.
11-Sep-2026 12:00:50.552 INFORMACIÓN [http-nio-8080-exec-45] org.apache.catalina.startup.HostConfig.undeploy Repliegue (undeploy) de la aplicación web que tiene como trayectoria de contexto []
11-Sep-2026 12:00:50.575 INFORMACIÓN [http-nio-8080-exec-43] org.apache.catalina.startup.HostConfig.deployDescriptor Desplieque del descriptor de configuración [C:\Users\juant\Documents\ECOAGRO\apache-tomcat-11.0.25\conf\Catalina\localhost\ROOT.xml]
11-Sep-2026 12:00:50.577 ADVERTENCIA [http-nio-8080-exec-43] org.apache.catalina.startup.HostConfig.deployDescriptor The path attribute with value [] in deployment descriptor [C:\Users\juant\Documents\ECOAGRO\apache-tomcat-11.0.25\conf\Catalina\localhost\ROOT.xml] has been ignored
11-Sep-2026 12:00:50.616 INFORMACIÓN [http-nio-8080-exec-43] org.apache.catalina.startup.HostConfig.deployDescriptor Deployment of deployment descriptor [C:\Users\juant\Documents\ECOAGRO\apache-tomcat-11.0.25\conf\Catalina\localhost\ROOT.xml] has finished in [41] ms
11-Sep-2026 12:00:50.624 INFORMACIÓN [http-nio-8080-exec-42] org.apache.catalina.util.LifecycleBase.start The start() method was called on component [StandardEngine[Catalina].StandardHost[localhost].StandardContext[]] after start() had already been called. The second call will be ignored.
11-Sep-2026 12:02:38.341 INFORMACIÓN [http-nio-8080-exec-58] org.apache.catalina.startup.HostConfig.undeploy Repliegue (undeploy) de la aplicación web que tiene como trayectoria de contexto []
11-Sep-2026 12:02:38.367 INFORMACIÓN [http-nio-8080-exec-52] org.apache.catalina.startup.HostConfig.deployDescriptor Desplieque del descriptor de configuración [C:\Users\juant\Documents\ECOAGRO\apache-tomcat-11.0.25\conf\Catalina\localhost\ROOT.xml]
11-Sep-2026 12:02:38.371 ADVERTENCIA [http-nio-8080-exec-52] org.apache.catalina.startup.HostConfig.deployDescriptor The path attribute with value [] in deployment descriptor [C:\Users\juant\Documents\ECOAGRO\apache-tomcat-11.0.25\conf\Catalina\localhost\ROOT.xml] has been ignored
11-Sep-2026 12:02:38.411 INFORMACIÓN [http-nio-8080-exec-52] org.apache.catalina.startup.HostConfig.deployDescriptor Deployment of deployment descriptor [C:\Users\juant\Documents\ECOAGRO\apache-tomcat-11.0.25\conf\Catalina\localhost\ROOT.xml] has finished in [42] ms
11-Sep-2026 12:02:38.418 INFORMACIÓN [http-nio-8080-exec-59] org.apache.catalina.util.LifecycleBase.start The start() method was called on component [StandardEngine[Catalina].StandardHost[localhost].StandardContext[]] after start() had already been called. The second call will be ignored.
11-Sep-2026 12:03:14.719 INFORMACIÓN [http-nio-8080-exec-61] org.apache.catalina.startup.HostConfig.undeploy Repliegue (undeploy) de la aplicación web que tiene como trayectoria de contexto []
11-Sep-2026 12:04:43.037 INFORMACIÓN [http-nio-8080-exec-66] org.apache.catalina.startup.HostConfig.deployDescriptor Desplieque del descriptor de configuración [C:\Users\juant\Documents\ECOAGRO\apache-tomcat-11.0.25\conf\Catalina\localhost\ROOT.xml]
11-Sep-2026 12:04:43.038 ADVERTENCIA [http-nio-8080-exec-66] org.apache.catalina.startup.HostConfig.deployDescriptor The path attribute with value [] in deployment descriptor [C:\Users\juant\Documents\ECOAGRO\apache-tomcat-11.0.25\conf\Catalina\localhost\ROOT.xml] has been ignored
11-Sep-2026 12:04:43.079 INFORMACIÓN [http-nio-8080-exec-66] org.apache.catalina.startup.HostConfig.deployDescriptor Deployment of deployment descriptor [C:\Users\juant\Documents\ECOAGRO\apache-tomcat-11.0.25\conf\Catalina\localhost\ROOT.xml] has finished in [40] ms
11-Sep-2026 12:04:43.084 INFORMACIÓN [http-nio-8080-exec-57] org.apache.catalina.util.LifecycleBase.start The start() method was called on component [StandardEngine[Catalina].StandardHost[localhost].StandardContext[]] after start() had already been called. The second call will be ignored.
11-Sep-2026 12:17:42.296 INFORMACIÓN [http-nio-8080-exec-72] org.apache.catalina.startup.HostConfig.undeploy Repliegue (undeploy) de la aplicación web que tiene como trayectoria de contexto []
11-Sep-2026 12:19:30.366 INFORMACIÓN [http-nio-8080-exec-65] org.apache.catalina.startup.HostConfig.deployDescriptor Desplieque del descriptor de configuración [C:\Users\juant\Documents\ECOAGRO\apache-tomcat-11.0.25\conf\Catalina\localhost\ROOT.xml]
11-Sep-2026 12:19:30.367 ADVERTENCIA [http-nio-8080-exec-65] org.apache.catalina.startup.HostConfig.deployDescriptor The path attribute with value [] in deployment descriptor [C:\Users\juant\Documents\ECOAGRO\apache-tomcat-11.0.25\conf\Catalina\localhost\ROOT.xml] has been ignored
11-Sep-2026 12:19:30.419 INFORMACIÓN [http-nio-8080-exec-65] org.apache.catalina.startup.HostConfig.deployDescriptor Deployment of deployment descriptor [C:\Users\juant\Documents\ECOAGRO\apache-tomcat-11.0.25\conf\Catalina\localhost\ROOT.xml] has finished in [53] ms
11-Sep-2026 12:19:30.422 INFORMACIÓN [http-nio-8080-exec-75] org.apache.catalina.util.LifecycleBase.start The start() method was called on component [StandardEngine[Catalina].StandardHost[localhost].StandardContext[]] after start() had already been called. The second call will be ignored.
11-Sep-2026 13:31:13.644 INFORMACIÓN [http-nio-8080-exec-81] org.apache.catalina.startup.HostConfig.undeploy Repliegue (undeploy) de la aplicación web que tiene como trayectoria de contexto []
11-Sep-2026 13:56:55.552 INFORMACIÓN [http-nio-8080-exec-90] org.apache.catalina.startup.HostConfig.deployDescriptor Desplieque del descriptor de configuración [C:\Users\juant\Documents\ECOAGRO\apache-tomcat-11.0.25\conf\Catalina\localhost\ROOT.xml]
11-Sep-2026 13:56:55.558 ADVERTENCIA [http-nio-8080-exec-90] org.apache.catalina.startup.HostConfig.deployDescriptor The path attribute with value [] in deployment descriptor [C:\Users\juant\Documents\ECOAGRO\apache-tomcat-11.0.25\conf\Catalina\localhost\ROOT.xml] has been ignored
11-Sep-2026 13:56:56.435 INFORMACIÓN [http-nio-8080-exec-90] org.apache.jasper.servlet.TldScanner.scanJars Al menos un JAR, que se ha explorado buscando TLDs, aún no contenía TLDs. Activar historial de depuración para este historiador para una completa lista de los JARs que fueron explorados y de los que nos se halló TLDs. Saltarse JARs no necesarios durante la exploración puede dar lugar a una mejora de tiempo significativa en el arranque y compilación de JSP .
11-Sep-2026 13:56:56.441 INFORMACIÓN [http-nio-8080-exec-90] org.apache.catalina.startup.HostConfig.deployDescriptor Deployment of deployment descriptor [C:\Users\juant\Documents\ECOAGRO\apache-tomcat-11.0.25\conf\Catalina\localhost\ROOT.xml] has finished in [888] ms
11-Sep-2026 13:56:56.447 INFORMACIÓN [http-nio-8080-exec-91] org.apache.catalina.util.LifecycleBase.start The start() method was called on component [StandardEngine[Catalina].StandardHost[localhost].StandardContext[]] after start() had already been called. The second call will be ignored.
11-Sep-2026 13:59:10.969 ADVERTENCIA [http-nio-8080-exec-84] org.apache.catalina.loader.WebappClassLoaderBase.clearReferencesJdbc La aplicación web [ROOT] registró el conductor JDBC [com.mysql.cj.jdbc.Driver] pero falló al anular el registro mientras la aplicación web estaba parada. Para prevenir un fallo de memoria, se ha anulado el registro del conductor JDBC por la fuerza.
11-Sep-2026 13:59:10.971 ADVERTENCIA [http-nio-8080-exec-84] org.apache.catalina.loader.WebappClassLoaderBase.clearReferencesThreads The web application [ROOT] appears to have started a thread named [mysql-cj-abandoned-connection-cleanup] but has failed to stop it. This is very likely to create a memory leak. Stack trace of thread:
 java.base/java.lang.Object.wait0(Native Method)
 java.base/java.lang.Object.wait(Object.java:391)
 java.base/java.lang.ref.ReferenceQueue.remove0(ReferenceQueue.java:123)
 java.base/java.lang.ref.ReferenceQueue.remove(ReferenceQueue.java:201)
 com.mysql.cj.jdbc.AbandonedConnectionCleanupThread.run(AbandonedConnectionCleanupThread.java:84)
 java.base/java.util.concurrent.ThreadPoolExecutor.runWorker(ThreadPoolExecutor.java:1090)
 java.base/java.util.concurrent.ThreadPoolExecutor$Worker.run(ThreadPoolExecutor.java:614)
 java.base/java.lang.Thread.run(Thread.java:1516)
11-Sep-2026 13:59:11.477 INFORMACIÓN [http-nio-8080-exec-84] org.apache.catalina.startup.HostConfig.undeploy Repliegue (undeploy) de la aplicación web que tiene como trayectoria de contexto []
11-Sep-2026 13:59:11.503 INFORMACIÓN [http-nio-8080-exec-90] org.apache.catalina.startup.HostConfig.deployDescriptor Desplieque del descriptor de configuración [C:\Users\juant\Documents\ECOAGRO\apache-tomcat-11.0.25\conf\Catalina\localhost\ROOT.xml]
11-Sep-2026 13:59:11.505 ADVERTENCIA [http-nio-8080-exec-90] org.apache.catalina.startup.HostConfig.deployDescriptor The path attribute with value [] in deployment descriptor [C:\Users\juant\Documents\ECOAGRO\apache-tomcat-11.0.25\conf\Catalina\localhost\ROOT.xml] has been ignored
11-Sep-2026 13:59:11.638 INFORMACIÓN [mysql-cj-abandoned-connection-cleanup] org.apache.catalina.loader.WebappClassLoaderBase.checkStateForResourceLoading Acceso ilegal: esta instancia de aplicación web ya ha sido parada.  Could not load [].  La eventual traza de pila que sigue ha sido motivada por un error lanzado con motivos de depuración así como para intentar terminar el hilo que motivó el acceso ilegal y no tiene impacto funcional.
	java.lang.IllegalStateException: Acceso ilegal: esta instancia de aplicación web ya ha sido parada.  Could not load [].  La eventual traza de pila que sigue ha sido motivada por un error lanzado con motivos de depuración así como para intentar terminar el hilo que motivó el acceso ilegal y no tiene impacto funcional.
		at org.apache.catalina.loader.WebappClassLoaderBase.checkStateForResourceLoading(WebappClassLoaderBase.java:1348)
		at org.apache.catalina.loader.WebappClassLoaderBase.getResource(WebappClassLoaderBase.java:937)
		at com.mysql.cj.jdbc.AbandonedConnectionCleanupThread.checkThreadContextClassLoader(AbandonedConnectionCleanupThread.java:116)
		at com.mysql.cj.jdbc.AbandonedConnectionCleanupThread.run(AbandonedConnectionCleanupThread.java:83)
		at java.base/java.util.concurrent.ThreadPoolExecutor.runWorker(ThreadPoolExecutor.java:1090)
		at java.base/java.util.concurrent.ThreadPoolExecutor$Worker.run(ThreadPoolExecutor.java:614)
		at java.base/java.lang.Thread.run(Thread.java:1516)
11-Sep-2026 13:59:11.844 INFORMACIÓN [http-nio-8080-exec-90] org.apache.jasper.servlet.TldScanner.scanJars Al menos un JAR, que se ha explorado buscando TLDs, aún no contenía TLDs. Activar historial de depuración para este historiador para una completa lista de los JARs que fueron explorados y de los que nos se halló TLDs. Saltarse JARs no necesarios durante la exploración puede dar lugar a una mejora de tiempo significativa en el arranque y compilación de JSP .
11-Sep-2026 13:59:11.850 INFORMACIÓN [http-nio-8080-exec-90] org.apache.catalina.startup.HostConfig.deployDescriptor Deployment of deployment descriptor [C:\Users\juant\Documents\ECOAGRO\apache-tomcat-11.0.25\conf\Catalina\localhost\ROOT.xml] has finished in [346] ms
11-Sep-2026 13:59:11.857 INFORMACIÓN [http-nio-8080-exec-92] org.apache.catalina.util.LifecycleBase.start The start() method was called on component [StandardEngine[Catalina].StandardHost[localhost].StandardContext[]] after start() had already been called. The second call will be ignored.
11-Sep-2026 14:27:07.580 ADVERTENCIA [http-nio-8080-exec-95] org.apache.catalina.loader.WebappClassLoaderBase.clearReferencesJdbc La aplicación web [ROOT] registró el conductor JDBC [com.mysql.cj.jdbc.Driver] pero falló al anular el registro mientras la aplicación web estaba parada. Para prevenir un fallo de memoria, se ha anulado el registro del conductor JDBC por la fuerza.
11-Sep-2026 14:27:07.581 ADVERTENCIA [http-nio-8080-exec-95] org.apache.catalina.loader.WebappClassLoaderBase.clearReferencesThreads The web application [ROOT] appears to have started a thread named [mysql-cj-abandoned-connection-cleanup] but has failed to stop it. This is very likely to create a memory leak. Stack trace of thread:
 java.base/java.lang.Object.wait0(Native Method)
 java.base/java.lang.Object.wait(Object.java:391)
 java.base/java.lang.ref.ReferenceQueue.remove0(ReferenceQueue.java:123)
 java.base/java.lang.ref.ReferenceQueue.remove(ReferenceQueue.java:201)
 com.mysql.cj.jdbc.AbandonedConnectionCleanupThread.run(AbandonedConnectionCleanupThread.java:84)
 java.base/java.util.concurrent.ThreadPoolExecutor.runWorker(ThreadPoolExecutor.java:1090)
 java.base/java.util.concurrent.ThreadPoolExecutor$Worker.run(ThreadPoolExecutor.java:614)
 java.base/java.lang.Thread.run(Thread.java:1516)
11-Sep-2026 14:27:08.089 INFORMACIÓN [http-nio-8080-exec-95] org.apache.catalina.startup.HostConfig.undeploy Repliegue (undeploy) de la aplicación web que tiene como trayectoria de contexto []
11-Sep-2026 14:27:11.114 INFORMACIÓN [mysql-cj-abandoned-connection-cleanup] org.apache.catalina.loader.WebappClassLoaderBase.checkStateForResourceLoading Acceso ilegal: esta instancia de aplicación web ya ha sido parada.  Could not load [].  La eventual traza de pila que sigue ha sido motivada por un error lanzado con motivos de depuración así como para intentar terminar el hilo que motivó el acceso ilegal y no tiene impacto funcional.
	java.lang.IllegalStateException: Acceso ilegal: esta instancia de aplicación web ya ha sido parada.  Could not load [].  La eventual traza de pila que sigue ha sido motivada por un error lanzado con motivos de depuración así como para intentar terminar el hilo que motivó el acceso ilegal y no tiene impacto funcional.
		at org.apache.catalina.loader.WebappClassLoaderBase.checkStateForResourceLoading(WebappClassLoaderBase.java:1348)
		at org.apache.catalina.loader.WebappClassLoaderBase.getResource(WebappClassLoaderBase.java:937)
		at com.mysql.cj.jdbc.AbandonedConnectionCleanupThread.checkThreadContextClassLoader(AbandonedConnectionCleanupThread.java:116)
		at com.mysql.cj.jdbc.AbandonedConnectionCleanupThread.run(AbandonedConnectionCleanupThread.java:83)
		at java.base/java.util.concurrent.ThreadPoolExecutor.runWorker(ThreadPoolExecutor.java:1090)
		at java.base/java.util.concurrent.ThreadPoolExecutor$Worker.run(ThreadPoolExecutor.java:614)
		at java.base/java.lang.Thread.run(Thread.java:1516)
11-Sep-2026 14:27:22.729 INFORMACIÓN [http-nio-8080-exec-97] org.apache.catalina.startup.HostConfig.deployDescriptor Desplieque del descriptor de configuración [C:\Users\juant\Documents\ECOAGRO\apache-tomcat-11.0.25\conf\Catalina\localhost\ROOT.xml]
11-Sep-2026 14:27:22.731 ADVERTENCIA [http-nio-8080-exec-97] org.apache.catalina.startup.HostConfig.deployDescriptor The path attribute with value [] in deployment descriptor [C:\Users\juant\Documents\ECOAGRO\apache-tomcat-11.0.25\conf\Catalina\localhost\ROOT.xml] has been ignored
11-Sep-2026 14:27:23.140 INFORMACIÓN [http-nio-8080-exec-97] org.apache.jasper.servlet.TldScanner.scanJars Al menos un JAR, que se ha explorado buscando TLDs, aún no contenía TLDs. Activar historial de depuración para este historiador para una completa lista de los JARs que fueron explorados y de los que nos se halló TLDs. Saltarse JARs no necesarios durante la exploración puede dar lugar a una mejora de tiempo significativa en el arranque y compilación de JSP .
11-Sep-2026 14:27:23.145 INFORMACIÓN [http-nio-8080-exec-97] org.apache.catalina.startup.HostConfig.deployDescriptor Deployment of deployment descriptor [C:\Users\juant\Documents\ECOAGRO\apache-tomcat-11.0.25\conf\Catalina\localhost\ROOT.xml] has finished in [415] ms
11-Sep-2026 14:27:23.151 INFORMACIÓN [http-nio-8080-exec-98] org.apache.catalina.util.LifecycleBase.start The start() method was called on component [StandardEngine[Catalina].StandardHost[localhost].StandardContext[]] after start() had already been called. The second call will be ignored.
11-Sep-2026 14:35:12.636 INFORMACIÓN [http-nio-8080-exec-111] org.apache.catalina.startup.HostConfig.undeploy Repliegue (undeploy) de la aplicación web que tiene como trayectoria de contexto []
11-Sep-2026 14:35:28.773 INFORMACIÓN [http-nio-8080-exec-105] org.apache.catalina.startup.HostConfig.deployDescriptor Desplieque del descriptor de configuración [C:\Users\juant\Documents\ECOAGRO\apache-tomcat-11.0.25\conf\Catalina\localhost\ROOT.xml]
11-Sep-2026 14:35:28.775 ADVERTENCIA [http-nio-8080-exec-105] org.apache.catalina.startup.HostConfig.deployDescriptor The path attribute with value [] in deployment descriptor [C:\Users\juant\Documents\ECOAGRO\apache-tomcat-11.0.25\conf\Catalina\localhost\ROOT.xml] has been ignored
11-Sep-2026 14:35:29.260 INFORMACIÓN [http-nio-8080-exec-105] org.apache.jasper.servlet.TldScanner.scanJars Al menos un JAR, que se ha explorado buscando TLDs, aún no contenía TLDs. Activar historial de depuración para este historiador para una completa lista de los JARs que fueron explorados y de los que nos se halló TLDs. Saltarse JARs no necesarios durante la exploración puede dar lugar a una mejora de tiempo significativa en el arranque y compilación de JSP .
11-Sep-2026 14:35:29.263 INFORMACIÓN [http-nio-8080-exec-105] org.apache.catalina.startup.HostConfig.deployDescriptor Deployment of deployment descriptor [C:\Users\juant\Documents\ECOAGRO\apache-tomcat-11.0.25\conf\Catalina\localhost\ROOT.xml] has finished in [490] ms
11-Sep-2026 14:35:29.272 INFORMACIÓN [http-nio-8080-exec-104] org.apache.catalina.util.LifecycleBase.start The start() method was called on component [StandardEngine[Catalina].StandardHost[localhost].StandardContext[]] after start() had already been called. The second call will be ignored.
11-Sep-2026 14:42:24.815 ADVERTENCIA [http-nio-8080-exec-116] org.apache.catalina.loader.WebappClassLoaderBase.clearReferencesJdbc La aplicación web [ROOT] registró el conductor JDBC [com.mysql.cj.jdbc.Driver] pero falló al anular el registro mientras la aplicación web estaba parada. Para prevenir un fallo de memoria, se ha anulado el registro del conductor JDBC por la fuerza.
11-Sep-2026 14:42:24.816 ADVERTENCIA [http-nio-8080-exec-116] org.apache.catalina.loader.WebappClassLoaderBase.clearReferencesThreads The web application [ROOT] appears to have started a thread named [mysql-cj-abandoned-connection-cleanup] but has failed to stop it. This is very likely to create a memory leak. Stack trace of thread:
 java.base/java.lang.Object.wait0(Native Method)
 java.base/java.lang.Object.wait(Object.java:391)
 java.base/java.lang.ref.ReferenceQueue.remove0(ReferenceQueue.java:123)
 java.base/java.lang.ref.ReferenceQueue.remove(ReferenceQueue.java:201)
 com.mysql.cj.jdbc.AbandonedConnectionCleanupThread.run(AbandonedConnectionCleanupThread.java:84)
 java.base/java.util.concurrent.ThreadPoolExecutor.runWorker(ThreadPoolExecutor.java:1090)
 java.base/java.util.concurrent.ThreadPoolExecutor$Worker.run(ThreadPoolExecutor.java:614)
 java.base/java.lang.Thread.run(Thread.java:1516)
11-Sep-2026 14:42:25.321 INFORMACIÓN [http-nio-8080-exec-116] org.apache.catalina.startup.HostConfig.undeploy Repliegue (undeploy) de la aplicación web que tiene como trayectoria de contexto []
11-Sep-2026 14:42:26.766 INFORMACIÓN [mysql-cj-abandoned-connection-cleanup] org.apache.catalina.loader.WebappClassLoaderBase.checkStateForResourceLoading Acceso ilegal: esta instancia de aplicación web ya ha sido parada.  Could not load [].  La eventual traza de pila que sigue ha sido motivada por un error lanzado con motivos de depuración así como para intentar terminar el hilo que motivó el acceso ilegal y no tiene impacto funcional.
	java.lang.IllegalStateException: Acceso ilegal: esta instancia de aplicación web ya ha sido parada.  Could not load [].  La eventual traza de pila que sigue ha sido motivada por un error lanzado con motivos de depuración así como para intentar terminar el hilo que motivó el acceso ilegal y no tiene impacto funcional.
		at org.apache.catalina.loader.WebappClassLoaderBase.checkStateForResourceLoading(WebappClassLoaderBase.java:1348)
		at org.apache.catalina.loader.WebappClassLoaderBase.getResource(WebappClassLoaderBase.java:937)
		at com.mysql.cj.jdbc.AbandonedConnectionCleanupThread.checkThreadContextClassLoader(AbandonedConnectionCleanupThread.java:116)
		at com.mysql.cj.jdbc.AbandonedConnectionCleanupThread.run(AbandonedConnectionCleanupThread.java:83)
		at java.base/java.util.concurrent.ThreadPoolExecutor.runWorker(ThreadPoolExecutor.java:1090)
		at java.base/java.util.concurrent.ThreadPoolExecutor$Worker.run(ThreadPoolExecutor.java:614)
		at java.base/java.lang.Thread.run(Thread.java:1516)
11-Sep-2026 14:42:42.615 INFORMACIÓN [http-nio-8080-exec-113] org.apache.catalina.startup.HostConfig.deployDescriptor Desplieque del descriptor de configuración [C:\Users\juant\Documents\ECOAGRO\apache-tomcat-11.0.25\conf\Catalina\localhost\ROOT.xml]
11-Sep-2026 14:42:42.619 ADVERTENCIA [http-nio-8080-exec-113] org.apache.catalina.startup.HostConfig.deployDescriptor The path attribute with value [] in deployment descriptor [C:\Users\juant\Documents\ECOAGRO\apache-tomcat-11.0.25\conf\Catalina\localhost\ROOT.xml] has been ignored
11-Sep-2026 14:42:43.015 INFORMACIÓN [http-nio-8080-exec-113] org.apache.jasper.servlet.TldScanner.scanJars Al menos un JAR, que se ha explorado buscando TLDs, aún no contenía TLDs. Activar historial de depuración para este historiador para una completa lista de los JARs que fueron explorados y de los que nos se halló TLDs. Saltarse JARs no necesarios durante la exploración puede dar lugar a una mejora de tiempo significativa en el arranque y compilación de JSP .
11-Sep-2026 14:42:43.020 INFORMACIÓN [http-nio-8080-exec-113] org.apache.catalina.startup.HostConfig.deployDescriptor Deployment of deployment descriptor [C:\Users\juant\Documents\ECOAGRO\apache-tomcat-11.0.25\conf\Catalina\localhost\ROOT.xml] has finished in [406] ms
11-Sep-2026 14:42:43.023 INFORMACIÓN [http-nio-8080-exec-115] org.apache.catalina.util.LifecycleBase.start The start() method was called on component [StandardEngine[Catalina].StandardHost[localhost].StandardContext[]] after start() had already been called. The second call will be ignored.
11-Sep-2026 14:43:01.688 INFORMACIÓN [http-nio-8080-exec-115] org.apache.catalina.startup.HostConfig.undeploy Repliegue (undeploy) de la aplicación web que tiene como trayectoria de contexto []
11-Sep-2026 14:43:01.721 INFORMACIÓN [http-nio-8080-exec-126] org.apache.catalina.startup.HostConfig.deployDescriptor Desplieque del descriptor de configuración [C:\Users\juant\Documents\ECOAGRO\apache-tomcat-11.0.25\conf\Catalina\localhost\ROOT.xml]
11-Sep-2026 14:43:01.723 ADVERTENCIA [http-nio-8080-exec-126] org.apache.catalina.startup.HostConfig.deployDescriptor The path attribute with value [] in deployment descriptor [C:\Users\juant\Documents\ECOAGRO\apache-tomcat-11.0.25\conf\Catalina\localhost\ROOT.xml] has been ignored
11-Sep-2026 14:43:02.469 INFORMACIÓN [http-nio-8080-exec-126] org.apache.jasper.servlet.TldScanner.scanJars Al menos un JAR, que se ha explorado buscando TLDs, aún no contenía TLDs. Activar historial de depuración para este historiador para una completa lista de los JARs que fueron explorados y de los que nos se halló TLDs. Saltarse JARs no necesarios durante la exploración puede dar lugar a una mejora de tiempo significativa en el arranque y compilación de JSP .
11-Sep-2026 14:43:02.473 INFORMACIÓN [http-nio-8080-exec-126] org.apache.catalina.startup.HostConfig.deployDescriptor Deployment of deployment descriptor [C:\Users\juant\Documents\ECOAGRO\apache-tomcat-11.0.25\conf\Catalina\localhost\ROOT.xml] has finished in [752] ms
11-Sep-2026 14:43:02.476 INFORMACIÓN [http-nio-8080-exec-113] org.apache.catalina.util.LifecycleBase.start The start() method was called on component [StandardEngine[Catalina].StandardHost[localhost].StandardContext[]] after start() had already been called. The second call will be ignored.
11-Sep-2026 14:47:12.353 INFORMACIÓN [main] org.apache.catalina.core.StandardServer.await Se ha recibido un comando de apagado a través del puerto de apagado. Parando la instancia del Servidor.
11-Sep-2026 14:47:12.358 INFORMACIÓN [main] org.apache.coyote.AbstractProtocol.pause Pausing ProtocolHandler ["http-nio-8080"]
11-Sep-2026 14:47:12.378 INFORMACIÓN [main] org.apache.catalina.core.StandardService.stopInternal Parando servicio [Catalina]
11-Sep-2026 14:47:12.381 ADVERTENCIA [main] org.apache.catalina.loader.WebappClassLoaderBase.clearReferencesJdbc La aplicación web [ROOT] registró el conductor JDBC [com.mysql.cj.jdbc.Driver] pero falló al anular el registro mientras la aplicación web estaba parada. Para prevenir un fallo de memoria, se ha anulado el registro del conductor JDBC por la fuerza.
11-Sep-2026 14:47:12.382 ADVERTENCIA [main] org.apache.catalina.loader.WebappClassLoaderBase.clearReferencesThreads The web application [ROOT] appears to have started a thread named [mysql-cj-abandoned-connection-cleanup] but has failed to stop it. This is very likely to create a memory leak. Stack trace of thread:
 java.base/java.lang.Object.wait0(Native Method)
 java.base/java.lang.Object.wait(Object.java:391)
 java.base/java.lang.ref.ReferenceQueue.remove0(ReferenceQueue.java:123)
 java.base/java.lang.ref.ReferenceQueue.remove(ReferenceQueue.java:201)
 com.mysql.cj.jdbc.AbandonedConnectionCleanupThread.run(AbandonedConnectionCleanupThread.java:84)
 java.base/java.util.concurrent.ThreadPoolExecutor.runWorker(ThreadPoolExecutor.java:1090)
 java.base/java.util.concurrent.ThreadPoolExecutor$Worker.run(ThreadPoolExecutor.java:614)
 java.base/java.lang.Thread.run(Thread.java:1516)
11-Sep-2026 14:47:12.399 INFORMACIÓN [main] org.apache.coyote.AbstractProtocol.stop Stopping ProtocolHandler ["http-nio-8080"]
11-Sep-2026 14:47:12.416 INFORMACIÓN [main] org.apache.coyote.AbstractProtocol.destroy Destroying ProtocolHandler ["http-nio-8080"]
11-Sep-2026 14:47:12.633 INFORMACIÓN [mysql-cj-abandoned-connection-cleanup] org.apache.catalina.loader.WebappClassLoaderBase.checkStateForResourceLoading Acceso ilegal: esta instancia de aplicación web ya ha sido parada.  Could not load [].  La eventual traza de pila que sigue ha sido motivada por un error lanzado con motivos de depuración así como para intentar terminar el hilo que motivó el acceso ilegal y no tiene impacto funcional.
	java.lang.IllegalStateException: Acceso ilegal: esta instancia de aplicación web ya ha sido parada.  Could not load [].  La eventual traza de pila que sigue ha sido motivada por un error lanzado con motivos de depuración así como para intentar terminar el hilo que motivó el acceso ilegal y no tiene impacto funcional.
		at org.apache.catalina.loader.WebappClassLoaderBase.checkStateForResourceLoading(WebappClassLoaderBase.java:1348)
		at org.apache.catalina.loader.WebappClassLoaderBase.getResource(WebappClassLoaderBase.java:937)
		at com.mysql.cj.jdbc.AbandonedConnectionCleanupThread.checkThreadContextClassLoader(AbandonedConnectionCleanupThread.java:116)
		at com.mysql.cj.jdbc.AbandonedConnectionCleanupThread.run(AbandonedConnectionCleanupThread.java:83)
		at java.base/java.util.concurrent.ThreadPoolExecutor.runWorker(ThreadPoolExecutor.java:1090)
		at java.base/java.util.concurrent.ThreadPoolExecutor$Worker.run(ThreadPoolExecutor.java:614)
		at java.base/java.lang.Thread.run(Thread.java:1516)
